Archive member included to satisfy reference by file (symbol)

C:/Program Files/SEGGER/SEGGER Embedded Studio for ARM 3.40/lib/libc_v7em_fpv4_sp_d16_hard_t_le_eabi.a(libc2.o)
                              Output/ppi_pca10056 Debug/Obj/nrf_log_str_formatter.o (isprint)
C:/Program Files/SEGGER/SEGGER Embedded Studio for ARM 3.40/lib/libc_v7em_fpv4_sp_d16_hard_t_le_eabi.a(libc2_asm.o)
                              Output/ppi_pca10056 Debug/Obj/nrf_log_frontend.o (memcpy)
C:/Program Files/SEGGER/SEGGER Embedded Studio for ARM 3.40/lib/libc_v7em_fpv4_sp_d16_hard_t_le_eabi.a(libc.o)
                              C:/Program Files/SEGGER/SEGGER Embedded Studio for ARM 3.40/lib/libc_v7em_fpv4_sp_d16_hard_t_le_eabi.a(libc2.o) (__heap_lock)
C:/Program Files/SEGGER/SEGGER Embedded Studio for ARM 3.40/lib/libc_v7em_fpv4_sp_d16_hard_t_le_eabi.a(libc_asm.o)
                              C:/Program Files/SEGGER/SEGGER Embedded Studio for ARM 3.40/lib/libc_v7em_fpv4_sp_d16_hard_t_le_eabi.a(libc2.o) (__aeabi_uldivmod)
C:/Program Files/SEGGER/SEGGER Embedded Studio for ARM 3.40/lib/libdebugio_v7em_fpv4_sp_d16_hard_t_le_eabi.a(libdebugio.o)
                              Output/ppi_pca10056 Debug/Obj/thumb_crt0.o (debug_fopen)
C:/Program Files/SEGGER/SEGGER Embedded Studio for ARM 3.40/lib/libdebugio_mempoll_v7em_fpv4_sp_d16_hard_t_le_eabi.a(mempoll_debug_operations.o)
                              C:/Program Files/SEGGER/SEGGER Embedded Studio for ARM 3.40/lib/libdebugio_v7em_fpv4_sp_d16_hard_t_le_eabi.a(libdebugio.o) (__do_debug_operation)
C:/Program Files/SEGGER/SEGGER Embedded Studio for ARM 3.40/lib/libdebugio_mempoll_v7em_fpv4_sp_d16_hard_t_le_eabi.a(do_nv_debug_operation.o)
                              C:/Program Files/SEGGER/SEGGER Embedded Studio for ARM 3.40/lib/libdebugio_v7em_fpv4_sp_d16_hard_t_le_eabi.a(libdebugio.o) (__do_nvdebug_operation)
C:/Program Files/SEGGER/SEGGER Embedded Studio for ARM 3.40/lib/libm_v7em_fpv4_sp_d16_hard_t_le_eabi.a(libm_asm.o)
                              C:/Program Files/SEGGER/SEGGER Embedded Studio for ARM 3.40/lib/libc_v7em_fpv4_sp_d16_hard_t_le_eabi.a(libc2.o) (__aeabi_i2d)
C:/Program Files/SEGGER/SEGGER Embedded Studio for ARM 3.40/lib/libm_v7em_fpv4_sp_d16_hard_t_le_eabi.a(libm2.o)
                              C:/Program Files/SEGGER/SEGGER Embedded Studio for ARM 3.40/lib/libvfprintf_v7em_fpv4_sp_d16_hard_t_le_eabi.o (frexp)
C:/Program Files/SEGGER/SEGGER Embedded Studio for ARM 3.40/lib/libm_v7em_fpv4_sp_d16_hard_t_le_eabi.a(libm2_asm.o)
                              C:/Program Files/SEGGER/SEGGER Embedded Studio for ARM 3.40/lib/libm_v7em_fpv4_sp_d16_hard_t_le_eabi.a(libm2.o) (fabs)

Discarded input sections

 .text          0x0000000000000000        0x0 Output/ppi_pca10056 Debug/Obj/thumb_crt0.o
 .data          0x0000000000000000        0x0 Output/ppi_pca10056 Debug/Obj/thumb_crt0.o
 .bss           0x0000000000000000        0x0 Output/ppi_pca10056 Debug/Obj/thumb_crt0.o
 .text.__aeabi_read_tp
                0x0000000000000000        0x8 Output/ppi_pca10056 Debug/Obj/thumb_crt0.o
 .text.abort    0x0000000000000000        0x2 Output/ppi_pca10056 Debug/Obj/thumb_crt0.o
 .text.__assert
                0x0000000000000000        0x2 Output/ppi_pca10056 Debug/Obj/thumb_crt0.o
 .text.__aeabi_assert
                0x0000000000000000        0x2 Output/ppi_pca10056 Debug/Obj/thumb_crt0.o
 .text.__sync_synchronize
                0x0000000000000000        0x2 Output/ppi_pca10056 Debug/Obj/thumb_crt0.o
 .text.__getchar
                0x0000000000000000        0x4 Output/ppi_pca10056 Debug/Obj/thumb_crt0.o
 .text.__putchar
                0x0000000000000000        0x4 Output/ppi_pca10056 Debug/Obj/thumb_crt0.o
 .text.__open   0x0000000000000000        0x4 Output/ppi_pca10056 Debug/Obj/thumb_crt0.o
 .text.__close  0x0000000000000000        0x4 Output/ppi_pca10056 Debug/Obj/thumb_crt0.o
 .text.__write  0x0000000000000000        0xa Output/ppi_pca10056 Debug/Obj/thumb_crt0.o
 .text.__read   0x0000000000000000        0xa Output/ppi_pca10056 Debug/Obj/thumb_crt0.o
 .text.__seek   0x0000000000000000       0x1a Output/ppi_pca10056 Debug/Obj/thumb_crt0.o
 .bss.__user_locale_name_buffer
                0x0000000000000000        0x4 Output/ppi_pca10056 Debug/Obj/thumb_crt0.o
 .stack         0x0000000000000000        0x0 Output/ppi_pca10056 Debug/Obj/thumb_crt0.o
 .stack_process
                0x0000000000000000        0x0 Output/ppi_pca10056 Debug/Obj/thumb_crt0.o
 .heap          0x0000000000000000        0x0 Output/ppi_pca10056 Debug/Obj/thumb_crt0.o
 .group         0x0000000000000000        0xc Output/ppi_pca10056 Debug/Obj/nrf_log_backend_rtt.o
 .group         0x0000000000000000        0xc Output/ppi_pca10056 Debug/Obj/nrf_log_backend_rtt.o
 .group         0x0000000000000000        0xc Output/ppi_pca10056 Debug/Obj/nrf_log_backend_rtt.o
 .group         0x0000000000000000        0xc Output/ppi_pca10056 Debug/Obj/nrf_log_backend_rtt.o
[...]
Memory Configuration

Name             Origin             Length             Attributes
UNPLACED_SECTIONS 0x0000000100000000 0x0000000000000000 xw
RAM              0x0000000020000000 0x0000000000040000 xw
FLASH            0x0000000000000000 0x0000000000100000 xw
*default*        0x0000000000000000 0xffffffffffffffff

Linker script and memory map

                0x0000000000000000                __vfprintf = __vfprintf_long
                0x0000000000000000                __vfscanf = __vfscanf_int
                0x0000000020000000                __RAM_segment_start__ = 0x20000000
                0x0000000020040000                __RAM_segment_end__ = 0x20040000
                0x0000000000040000                __RAM_segment_size__ = 0x40000
                0x0000000000000000                __FLASH_segment_start__ = 0x0
                0x0000000000100000                __FLASH_segment_end__ = 0x100000
                0x0000000000100000                __FLASH_segment_size__ = 0x100000
                0x0000000000002000                __HEAPSIZE__ = 0x2000
                0x0000000000000000                __STACKSIZE_PROCESS__ = 0x0
                0x0000000000002000                __STACKSIZE__ = 0x2000
                0x0000000020000000                __vectors_ram_load_start__ = 0x20000000

.vectors_ram    0x0000000020000000        0x0
                0x0000000020000000                __vectors_ram_start__ = .
                0x0000000020000000                __app_ram_start__ = __vectors_ram_start__
 *(.vectors_ram .vectors_ram.*)
                0x0000000020000000                __vectors_ram_end__ = (__vectors_ram_start__ + SIZEOF (.vectors_ram))
                0x0000000000000000                __vectors_ram_size__ = SIZEOF (.vectors_ram)
                0x0000000020000000                __vectors_ram_load_end__ = __vectors_ram_end__
                0x0000000000000001                . = ASSERT (((__vectors_ram_start__ == __vectors_ram_end__) || ((__vectors_ram_end__ >= __RAM_segment_start__) && (__vectors_ram_end__ <= __RAM_segment_end__))), error: .vectors_ram is too large to fit in RAM memory segment)
                0x0000000020000000                __nrf_sections_run_load_start__ = ALIGN (__vectors_ram_end__, 0x4)

.nrf_sections_run
                0x0000000020000000        0x0
                0x0000000020000000                __nrf_sections_run_start__ = .
                0x0000000020000000                __start_nrf_sections_run = __nrf_sections_run_start__
 *(.nrf_sections_run .nrf_sections_run.*)
                0x0000000020000000                __nrf_sections_run_end__ = (__nrf_sections_run_start__ + SIZEOF (.nrf_sections_run))
                0x0000000000000000                __nrf_sections_run_size__ = SIZEOF (.nrf_sections_run)
                0x0000000020000000                __nrf_sections_run_load_end__ = __nrf_sections_run_end__
                0x0000000000000001                . = ASSERT (((__nrf_sections_run_start__ == __nrf_sections_run_end__) || ((__nrf_sections_run_end__ >= __RAM_segment_start__) && (__nrf_sections_run_end__ <= __RAM_segment_end__))), error: .nrf_sections_run is too large to fit in RAM memory segment)
                0x0000000000000000                __vectors_load_start__ = 0x0

.vectors        0x0000000000000000      0x100
                0x0000000000000000                __vectors_start__ = .
 *(.vectors .vectors.*)
 .vectors       0x0000000000000000      0x100 Output/ppi_pca10056 Debug/Obj/ses_nrf52840_Vectors.o
                0x0000000000000000                _vectors
                0x0000000000000100                __vectors_end__ = (__vectors_start__ + SIZEOF (.vectors))
                0x0000000000000100                __vectors_size__ = SIZEOF (.vectors)
                0x0000000000000100                __vectors_load_end__ = __vectors_end__
                0x0000000000000001                . = ASSERT (((__vectors_start__ == __vectors_end__) || ((__vectors_end__ >= __FLASH_segment_start__) && (__vectors_end__ <= __FLASH_segment_end__))), error: .vectors is too large to fit in FLASH memory segment)
                0x0000000000000100                __init_load_start__ = ALIGN (__vectors_end__, 0x4)

.init           0x0000000000000100      0x224
                0x0000000000000100                __init_start__ = .
 *(.init .init.*)
 .init          0x0000000000000100      0x160 Output/ppi_pca10056 Debug/Obj/thumb_crt0.o
                0x0000000000000100                _start
                0x00000000000001b6                exit
 .init          0x0000000000000260       0x58 Output/ppi_pca10056 Debug/Obj/ses_nRF_Startup.o
                0x0000000000000260                Reset_Handler
                0x0000000000000284                InitializeUserMemorySections
 .init          0x00000000000002b8       0x6c Output/ppi_pca10056 Debug/Obj/ses_nrf52840_Vectors.o
                0x00000000000002b8                NMI_Handler
                0x00000000000002ba                HardFault_Handler
                0x00000000000002bc                MemoryManagement_Handler
                0x00000000000002be                BusFault_Handler
                0x00000000000002c0                UsageFault_Handler
                0x00000000000002c2                SVC_Handler
                0x00000000000002c4                DebugMon_Handler
                0x00000000000002c6                PendSV_Handler
                0x00000000000002c8                SysTick_Handler
                0x00000000000002cc                POWER_CLOCK_IRQHandler
                0x00000000000002ce                RADIO_IRQHandler
                0x00000000000002d2                SPIM0_SPIS0_TWIM0_TWIS0_SPI0_TWI0_IRQHandler
                0x00000000000002d4                SPIM1_SPIS1_TWIM1_TWIS1_SPI1_TWI1_IRQHandler
                0x00000000000002d6                NFCT_IRQHandler
                0x00000000000002da                SAADC_IRQHandler
                0x00000000000002e2                RTC0_IRQHandler
                0x00000000000002e4                TEMP_IRQHandler
                0x00000000000002e6                RNG_IRQHandler
                0x00000000000002e8                ECB_IRQHandler
                0x00000000000002ea                CCM_AAR_IRQHandler
                0x00000000000002ec                WDT_IRQHandler
                0x00000000000002f0                QDEC_IRQHandler
                0x00000000000002f2                COMP_LPCOMP_IRQHandler
                0x00000000000002f6                SWI1_EGU1_IRQHandler
                0x00000000000002f8                SWI2_EGU2_IRQHandler
                0x00000000000002fa                SWI3_EGU3_IRQHandler
                0x00000000000002fc                SWI4_EGU4_IRQHandler
                0x00000000000002fe                SWI5_EGU5_IRQHandler
                0x0000000000000300                TIMER3_IRQHandler
                0x0000000000000302                TIMER4_IRQHandler
                0x0000000000000304                PWM0_IRQHandler
                0x0000000000000306                PDM_IRQHandler
                0x0000000000000308                MWU_IRQHandler
                0x000000000000030a                PWM1_IRQHandler
                0x000000000000030c                PWM2_IRQHandler
                0x000000000000030e                SPIM2_SPIS2_SPI2_IRQHandler
                0x0000000000000310                RTC2_IRQHandler
                0x0000000000000312                I2S_IRQHandler
                0x0000000000000314                FPU_IRQHandler
                0x0000000000000316                USBD_IRQHandler
                0x0000000000000318                UARTE1_IRQHandler
                0x000000000000031a                QSPI_IRQHandler
                0x000000000000031c                CRYPTOCELL_IRQHandler
                0x000000000000031e                SPIM3_IRQHandler
                0x0000000000000320                PWM3_IRQHandler
                0x0000000000000324                __init_end__ = (__init_start__ + SIZEOF (.init))
                0x0000000000000224                __init_size__ = SIZEOF (.init)
                0x0000000000000324                __init_load_end__ = __init_end__
                0x0000000000000001                . = ASSERT (((__init_start__ == __init_end__) || ((__init_end__ >= __FLASH_segment_start__) && (__init_end__ <= __FLASH_segment_end__))), error: .init is too large to fit in FLASH memory segment)
                0x0000000000000324                __init_rodata_load_start__ = ALIGN (__init_end__, 0x4)

.init_rodata    0x0000000000000324        0x0
                0x0000000000000324                __init_rodata_start__ = .
 *(.init_rodata .init_rodata.*)
                0x0000000000000324                __init_rodata_end__ = (__init_rodata_start__ + SIZEOF (.init_rodata))
                0x0000000000000000                __init_rodata_size__ = SIZEOF (.init_rodata)
                0x0000000000000324                __init_rodata_load_end__ = __init_rodata_end__
                0x0000000000000001                . = ASSERT (((__init_rodata_start__ == __init_rodata_end__) || ((__init_rodata_end__ >= __FLASH_segment_start__) && (__init_rodata_end__ <= __FLASH_segment_end__))), error: .init_rodata is too large to fit in FLASH memory segment)
                0x0000000000000324                __text_load_start__ = ALIGN (__init_rodata_end__, 0x4)

.text           0x0000000000000324     0x7c1e
                0x0000000000000324                __text_start__ = .
 *(.text .text.* .glue_7t .glue_7 .gnu.linkonce.t.* .gcc_except_table .ARM.extab* .gnu.linkonce.armextab.*)
 .glue_7        0x0000000000000324        0x0 linker stubs
 .glue_7t       0x0000000000000324        0x0 linker stubs
 .text.nrfx_coredep_delay_us
                0x0000000000000324       0x30 Output/ppi_pca10056 Debug/Obj/nrf_log_backend_rtt.o
 .text.nrf_delay_ms
                0x0000000000000354       0x2a Output/ppi_pca10056 Debug/Obj/nrf_log_backend_rtt.o
 .text.nrf_log_backend_rtt_init
                0x000000000000037e        0xa Output/ppi_pca10056 Debug/Obj/nrf_log_backend_rtt.o
                0x000000000000037e                nrf_log_backend_rtt_init
 .text.serial_tx
                0x0000000000000388       0x84 Output/ppi_pca10056 Debug/Obj/nrf_log_backend_rtt.o
 .text.nrf_log_backend_rtt_put
                0x000000000000040c       0x28 Output/ppi_pca10056 Debug/Obj/nrf_log_backend_rtt.o
 .text.nrf_log_backend_rtt_flush
                0x0000000000000434        0xa Output/ppi_pca10056 Debug/Obj/nrf_log_backend_rtt.o
 .text.nrf_log_backend_rtt_panic_set
                0x000000000000043e        0xa Output/ppi_pca10056 Debug/Obj/nrf_log_backend_rtt.o
 .text.nrf_log_backend_serial_put
                0x0000000000000448      0x124 Output/ppi_pca10056 Debug/Obj/nrf_log_backend_serial.o
                0x0000000000000448                nrf_log_backend_serial_put
 .text.nrf_drv_uart_uninit
                0x000000000000056c       0x44 Output/ppi_pca10056 Debug/Obj/nrf_log_backend_uart.o
 .text.nrf_drv_uart_tx
                0x00000000000005b0       0x64 Output/ppi_pca10056 Debug/Obj/nrf_log_backend_uart.o
 .text.uart_evt_handler
                0x0000000000000614       0x18 Output/ppi_pca10056 Debug/Obj/nrf_log_backend_uart.o
 .text.uart_init
                0x000000000000062c       0x88 Output/ppi_pca10056 Debug/Obj/nrf_log_backend_uart.o
 .text.nrf_log_backend_uart_init
                0x00000000000006b4       0x1c Output/ppi_pca10056 Debug/Obj/nrf_log_backend_uart.o
                0x00000000000006b4                nrf_log_backend_uart_init
 .text.serial_tx
                0x00000000000006d0       0x6c Output/ppi_pca10056 Debug/Obj/nrf_log_backend_uart.o
 .text.nrf_log_backend_uart_put
                0x000000000000073c       0x28 Output/ppi_pca10056 Debug/Obj/nrf_log_backend_uart.o
 .text.nrf_log_backend_uart_flush
                0x0000000000000764        0xa Output/ppi_pca10056 Debug/Obj/nrf_log_backend_uart.o
 *fill*         0x000000000000076e        0x2 
 .text.nrf_log_backend_uart_panic_set
                0x0000000000000770       0x20 Output/ppi_pca10056 Debug/Obj/nrf_log_backend_uart.o
 .text.nrf_log_backend_enable
                0x0000000000000790       0x10 Output/ppi_pca10056 Debug/Obj/nrf_log_default_backends.o
 .text.nrf_log_default_backends_init
                0x00000000000007a0       0x64 Output/ppi_pca10056 Debug/Obj/nrf_log_default_backends.o
                0x00000000000007a0                nrf_log_default_backends_init
 .text.nrf_log_backend_put
                0x0000000000000804       0x1c Output/ppi_pca10056 Debug/Obj/nrf_log_frontend.o
 .text.nrf_log_backend_panic_set
                0x0000000000000820       0x18 Output/ppi_pca10056 Debug/Obj/nrf_log_frontend.o
 .text.nrf_log_backend_flush
                0x0000000000000838       0x18 Output/ppi_pca10056 Debug/Obj/nrf_log_frontend.o
 .text.nrf_log_backend_id_set
                0x0000000000000850       0x18 Output/ppi_pca10056 Debug/Obj/nrf_log_frontend.o
 .text.nrf_log_backend_id_get
                0x0000000000000868        0xe Output/ppi_pca10056 Debug/Obj/nrf_log_frontend.o
 .text.nrf_log_backend_enable
                0x0000000000000876       0x10 Output/ppi_pca10056 Debug/Obj/nrf_log_frontend.o
 .text.nrf_log_backend_is_enabled
                0x0000000000000886        0xe Output/ppi_pca10056 Debug/Obj/nrf_log_frontend.o
 .text.nrf_log_init
                0x0000000000000894       0x94 Output/ppi_pca10056 Debug/Obj/nrf_log_frontend.o
                0x0000000000000894                nrf_log_init
 .text.nrf_log_module_cnt_get
                0x0000000000000928       0x14 Output/ppi_pca10056 Debug/Obj/nrf_log_frontend.o
                0x0000000000000928                nrf_log_module_cnt_get
 .text.module_idx_get
                0x000000000000093c       0x64 Output/ppi_pca10056 Debug/Obj/nrf_log_frontend.o
 .text.nrf_log_module_name_get
                0x00000000000009a0       0x40 Output/ppi_pca10056 Debug/Obj/nrf_log_frontend.o
                0x00000000000009a0                nrf_log_module_name_get
 .text.nrf_log_color_id_get
                0x00000000000009e0       0x70 Output/ppi_pca10056 Debug/Obj/nrf_log_frontend.o
                0x00000000000009e0                nrf_log_color_id_get
 .text.invalid_packets_pushed_str_omit
                0x0000000000000a50       0xc4 Output/ppi_pca10056 Debug/Obj/nrf_log_frontend.o
 .text.log_skip
                0x0000000000000b14      0x114 Output/ppi_pca10056 Debug/Obj/nrf_log_frontend.o
 .text.dropped_sat16_get
                0x0000000000000c28       0x28 Output/ppi_pca10056 Debug/Obj/nrf_log_frontend.o
 .text.std_header_set
                0x0000000000000c50       0xb4 Output/ppi_pca10056 Debug/Obj/nrf_log_frontend.o
 .text.buf_prealloc
                0x0000000000000d04      0x124 Output/ppi_pca10056 Debug/Obj/nrf_log_frontend.o
 .text.std_n    0x0000000000000e28       0x90 Output/ppi_pca10056 Debug/Obj/nrf_log_frontend.o
 .text.nrf_log_frontend_std_0
                0x0000000000000eb8       0x1c Output/ppi_pca10056 Debug/Obj/nrf_log_frontend.o
                0x0000000000000eb8                nrf_log_frontend_std_0
 .text.nrf_log_frontend_std_1
                0x0000000000000ed4       0x22 Output/ppi_pca10056 Debug/Obj/nrf_log_frontend.o
                0x0000000000000ed4                nrf_log_frontend_std_1
 .text.nrf_log_frontend_std_2
                0x0000000000000ef6       0x28 Output/ppi_pca10056 Debug/Obj/nrf_log_frontend.o
                0x0000000000000ef6                nrf_log_frontend_std_2
 .text.nrf_log_frontend_std_3
                0x0000000000000f1e       0x2c Output/ppi_pca10056 Debug/Obj/nrf_log_frontend.o
                0x0000000000000f1e                nrf_log_frontend_std_3
 .text.nrf_log_frontend_std_5
                0x0000000000000f4a       0x34 Output/ppi_pca10056 Debug/Obj/nrf_log_frontend.o
                0x0000000000000f4a                nrf_log_frontend_std_5
 *fill*         0x0000000000000f7e        0x2 
 .text.buffer_is_empty
                0x0000000000000f80       0x1c Output/ppi_pca10056 Debug/Obj/nrf_log_frontend.o
                0x0000000000000f80                buffer_is_empty
 .text.nrf_log_frontend_dequeue
                0x0000000000000f9c      0x384 Output/ppi_pca10056 Debug/Obj/nrf_log_frontend.o
                0x0000000000000f9c                nrf_log_frontend_dequeue
 .text.backend_id_assign
                0x0000000000001320       0x68 Output/ppi_pca10056 Debug/Obj/nrf_log_frontend.o
 .text.nrf_log_backend_add
                0x0000000000001388       0x68 Output/ppi_pca10056 Debug/Obj/nrf_log_frontend.o
                0x0000000000001388                nrf_log_backend_add
 .text.nrf_log_panic
                0x00000000000013f0       0x3c Output/ppi_pca10056 Debug/Obj/nrf_log_frontend.o
                0x00000000000013f0                nrf_log_panic
 .text.timestamp_print
                0x000000000000142c        0xc Output/ppi_pca10056 Debug/Obj/nrf_log_str_formatter.o
 .text.prefix_process
                0x0000000000001438       0xb0 Output/ppi_pca10056 Debug/Obj/nrf_log_str_formatter.o
 .text.postfix_process
                0x00000000000014e8       0x60 Output/ppi_pca10056 Debug/Obj/nrf_log_str_formatter.o
 .text.nrf_log_std_entry_process
                0x0000000000001548      0x144 Output/ppi_pca10056 Debug/Obj/nrf_log_str_formatter.o
                0x0000000000001548                nrf_log_std_entry_process
 .text.nrf_log_hexdump_entry_process
                0x000000000000168c       0xe8 Output/ppi_pca10056 Debug/Obj/nrf_log_str_formatter.o
                0x000000000000168c                nrf_log_hexdump_entry_process
 .text.nrf_gpio_pin_port_decode
                0x0000000000001774       0x44 Output/ppi_pca10056 Debug/Obj/boards.o
 .text.nrf_gpio_cfg
                0x00000000000017b8       0x62 Output/ppi_pca10056 Debug/Obj/boards.o
 .text.nrf_gpio_cfg_output
                0x000000000000181a       0x22 Output/ppi_pca10056 Debug/Obj/boards.o
 .text.nrf_gpio_cfg_input
                0x000000000000183c       0x2c Output/ppi_pca10056 Debug/Obj/boards.o
 .text.nrf_gpio_pin_set
                0x0000000000001868       0x28 Output/ppi_pca10056 Debug/Obj/boards.o
 .text.nrf_gpio_pin_clear
                0x0000000000001890       0x28 Output/ppi_pca10056 Debug/Obj/boards.o
 .text.nrf_gpio_pin_toggle
                0x00000000000018b8       0x44 Output/ppi_pca10056 Debug/Obj/boards.o
 .text.nrf_gpio_pin_write
                0x00000000000018fc       0x24 Output/ppi_pca10056 Debug/Obj/boards.o
 .text.nrf_gpio_pin_read
                0x0000000000001920       0x2a Output/ppi_pca10056 Debug/Obj/boards.o
 .text.nrf_gpio_port_in_read
                0x000000000000194a       0x10 Output/ppi_pca10056 Debug/Obj/boards.o
 .text.nrf_gpio_port_out_set
                0x000000000000195a       0x14 Output/ppi_pca10056 Debug/Obj/boards.o
 .text.nrf_gpio_port_out_clear
                0x000000000000196e       0x14 Output/ppi_pca10056 Debug/Obj/boards.o
 *fill*         0x0000000000001982        0x2 
 .text.bsp_board_led_off
                0x0000000000001984       0x34 Output/ppi_pca10056 Debug/Obj/boards.o
                0x0000000000001984                bsp_board_led_off
 .text.bsp_board_leds_off
                0x00000000000019b8       0x24 Output/ppi_pca10056 Debug/Obj/boards.o
                0x00000000000019b8                bsp_board_leds_off
 .text.bsp_board_led_invert
                0x00000000000019dc       0x34 Output/ppi_pca10056 Debug/Obj/boards.o
                0x00000000000019dc                bsp_board_led_invert
 .text.bsp_board_leds_init
                0x0000000000001a10       0x34 Output/ppi_pca10056 Debug/Obj/boards.o
 .text.bsp_board_button_state_get
                0x0000000000001a44       0x5c Output/ppi_pca10056 Debug/Obj/boards.o
                0x0000000000001a44                bsp_board_button_state_get
 .text.bsp_board_buttons_init
                0x0000000000001aa0       0x34 Output/ppi_pca10056 Debug/Obj/boards.o
 .text.bsp_board_init
                0x0000000000001ad4       0x2a Output/ppi_pca10056 Debug/Obj/boards.o
                0x0000000000001ad4                bsp_board_init
 *fill*         0x0000000000001afe        0x2 
 .text.app_error_save_and_stop
                0x0000000000001b00       0x94 Output/ppi_pca10056 Debug/Obj/app_error.o
                0x0000000000001b00                app_error_save_and_stop
 .text.app_error_handler
                0x0000000000001b94       0x1c Output/ppi_pca10056 Debug/Obj/app_error_handler_gcc.o
                0x0000000000001b94                app_error_handler
 .text.app_error_fault_handler
                0x0000000000001bb0       0xf0 Output/ppi_pca10056 Debug/Obj/app_error_weak.o
                0x0000000000001bb0                app_error_fault_handler
 .text.app_util_disable_irq
                0x0000000000001ca0       0x14 Output/ppi_pca10056 Debug/Obj/app_util_platform.o
                0x0000000000001ca0                app_util_disable_irq
 .text.app_util_enable_irq
                0x0000000000001cb4       0x1c Output/ppi_pca10056 Debug/Obj/app_util_platform.o
                0x0000000000001cb4                app_util_enable_irq
 .text.app_util_critical_region_enter
                0x0000000000001cd0       0x28 Output/ppi_pca10056 Debug/Obj/app_util_platform.o
                0x0000000000001cd0                app_util_critical_region_enter
 .text.app_util_critical_region_exit
                0x0000000000001cf8       0x2c Output/ppi_pca10056 Debug/Obj/app_util_platform.o
                0x0000000000001cf8                app_util_critical_region_exit
 .text.privilege_level_get
                0x0000000000001d24       0x3a Output/ppi_pca10056 Debug/Obj/app_util_platform.o
                0x0000000000001d24                privilege_level_get
 .text.assert_nrf_callback
                0x0000000000001d5e       0x2e Output/ppi_pca10056 Debug/Obj/nrf_assert.o
                0x0000000000001d5e                assert_nrf_callback
 .text.nrf_atomic_u32_fetch_store
                0x0000000000001d8c       0x2e Output/ppi_pca10056 Debug/Obj/nrf_atomic.o
                0x0000000000001d8c                nrf_atomic_u32_fetch_store
 .text.nrf_atomic_u32_or
                0x0000000000001dba       0x30 Output/ppi_pca10056 Debug/Obj/nrf_atomic.o
                0x0000000000001dba                nrf_atomic_u32_or
 .text.nrf_atomic_u32_fetch_and
                0x0000000000001dea       0x30 Output/ppi_pca10056 Debug/Obj/nrf_atomic.o
                0x0000000000001dea                nrf_atomic_u32_fetch_and
 .text.nrf_atomic_u32_add
                0x0000000000001e1a       0x30 Output/ppi_pca10056 Debug/Obj/nrf_atomic.o
                0x0000000000001e1a                nrf_atomic_u32_add
 .text.nrf_atomic_u32_sub
                0x0000000000001e4a       0x30 Output/ppi_pca10056 Debug/Obj/nrf_atomic.o
                0x0000000000001e4a                nrf_atomic_u32_sub
 .text.nrf_atomic_flag_set
                0x0000000000001e7a       0x18 Output/ppi_pca10056 Debug/Obj/nrf_atomic.o
                0x0000000000001e7a                nrf_atomic_flag_set
 .text.nrf_atomic_flag_clear_fetch
                0x0000000000001e92       0x18 Output/ppi_pca10056 Debug/Obj/nrf_atomic.o
                0x0000000000001e92                nrf_atomic_flag_clear_fetch
 *fill*         0x0000000000001eaa        0x2 
 .text.nrf_balloc_idx2block
                0x0000000000001eac       0x38 Output/ppi_pca10056 Debug/Obj/nrf_balloc.o
 .text.nrf_balloc_block2idx
                0x0000000000001ee4       0x34 Output/ppi_pca10056 Debug/Obj/nrf_balloc.o
 .text.nrf_balloc_init
                0x0000000000001f18       0xb8 Output/ppi_pca10056 Debug/Obj/nrf_balloc.o
                0x0000000000001f18                nrf_balloc_init
 .text.nrf_balloc_alloc
                0x0000000000001fd0       0x84 Output/ppi_pca10056 Debug/Obj/nrf_balloc.o
                0x0000000000001fd0                nrf_balloc_alloc
 .text.nrf_balloc_free
                0x0000000000002054       0x58 Output/ppi_pca10056 Debug/Obj/nrf_balloc.o
                0x0000000000002054                nrf_balloc_free
 .text.nrf_fprintf_buffer_flush
                0x00000000000020ac       0x44 Output/ppi_pca10056 Debug/Obj/nrf_fprintf.o
                0x00000000000020ac                nrf_fprintf_buffer_flush
 .text.nrf_fprintf
                0x00000000000020f0       0x74 Output/ppi_pca10056 Debug/Obj/nrf_fprintf.o
                0x00000000000020f0                nrf_fprintf
 .text.buffer_add
                0x0000000000002164       0x3c Output/ppi_pca10056 Debug/Obj/nrf_fprintf_format.o
 .text.string_print
                0x00000000000021a0       0xc2 Output/ppi_pca10056 Debug/Obj/nrf_fprintf_format.o
 *fill*         0x0000000000002262        0x2 
 .text.unsigned_print
                0x0000000000002264      0x130 Output/ppi_pca10056 Debug/Obj/nrf_fprintf_format.o
 .text.int_print
                0x0000000000002394      0x11c Output/ppi_pca10056 Debug/Obj/nrf_fprintf_format.o
 .text.nrf_fprintf_fmt
                0x00000000000024b0      0x43c Output/ppi_pca10056 Debug/Obj/nrf_fprintf_format.o
                0x00000000000024b0                nrf_fprintf_fmt
 .text.nrf_memobj_pool_init
                0x00000000000028ec       0x16 Output/ppi_pca10056 Debug/Obj/nrf_memobj.o
                0x00000000000028ec                nrf_memobj_pool_init
 .text.nrf_memobj_alloc
                0x0000000000002902       0xae Output/ppi_pca10056 Debug/Obj/nrf_memobj.o
                0x0000000000002902                nrf_memobj_alloc
 .text.nrf_memobj_free
                0x00000000000029b0       0x72 Output/ppi_pca10056 Debug/Obj/nrf_memobj.o
                0x00000000000029b0                nrf_memobj_free
 .text.nrf_memobj_get
                0x0000000000002a22       0x1e Output/ppi_pca10056 Debug/Obj/nrf_memobj.o
                0x0000000000002a22                nrf_memobj_get
 .text.nrf_memobj_put
                0x0000000000002a40       0x34 Output/ppi_pca10056 Debug/Obj/nrf_memobj.o
                0x0000000000002a40                nrf_memobj_put
 .text.memobj_op
                0x0000000000002a74      0x100 Output/ppi_pca10056 Debug/Obj/nrf_memobj.o
 .text.nrf_memobj_write
                0x0000000000002b74       0x24 Output/ppi_pca10056 Debug/Obj/nrf_memobj.o
                0x0000000000002b74                nrf_memobj_write
 .text.nrf_memobj_read
                0x0000000000002b98       0x24 Output/ppi_pca10056 Debug/Obj/nrf_memobj.o
                0x0000000000002b98                nrf_memobj_read
 .text.nrf_strerror_get
                0x0000000000002bbc       0x28 Output/ppi_pca10056 Debug/Obj/nrf_strerror.o
                0x0000000000002bbc                nrf_strerror_get
 .text.nrf_strerror_find
                0x0000000000002be4       0x68 Output/ppi_pca10056 Debug/Obj/nrf_strerror.o
                0x0000000000002be4                nrf_strerror_find
 .text.NVIC_EnableIRQ
                0x0000000000002c4c       0x2c Output/ppi_pca10056 Debug/Obj/app_timer.o
 .text.NVIC_DisableIRQ
                0x0000000000002c78       0x30 Output/ppi_pca10056 Debug/Obj/app_timer.o
 .text.NVIC_SetPendingIRQ
                0x0000000000002ca8       0x30 Output/ppi_pca10056 Debug/Obj/app_timer.o
 .text.NVIC_ClearPendingIRQ
                0x0000000000002cd8       0x30 Output/ppi_pca10056 Debug/Obj/app_timer.o
 .text.NVIC_SetPriority
                0x0000000000002d08       0x50 Output/ppi_pca10056 Debug/Obj/app_timer.o
 .text.nrfx_coredep_delay_us
                0x0000000000002d58       0x30 Output/ppi_pca10056 Debug/Obj/app_timer.o
 .text.rtc1_init
                0x0000000000002d88       0x24 Output/ppi_pca10056 Debug/Obj/app_timer.o
 .text.rtc1_start
                0x0000000000002dac       0x40 Output/ppi_pca10056 Debug/Obj/app_timer.o
 .text.rtc1_stop
                0x0000000000002dec       0x50 Output/ppi_pca10056 Debug/Obj/app_timer.o
 .text.rtc1_counter_get
                0x0000000000002e3c       0x10 Output/ppi_pca10056 Debug/Obj/app_timer.o
 .text.ticks_diff_get
                0x0000000000002e4c       0x16 Output/ppi_pca10056 Debug/Obj/app_timer.o
 *fill*         0x0000000000002e62        0x2 
 .text.rtc1_compare0_set
                0x0000000000002e64       0x18 Output/ppi_pca10056 Debug/Obj/app_timer.o
 .text.timer_list_insert
                0x0000000000002e7c       0xac Output/ppi_pca10056 Debug/Obj/app_timer.o
 .text.timer_list_remove
                0x0000000000002f28       0xc0 Output/ppi_pca10056 Debug/Obj/app_timer.o
 .text.timer_timeouts_check_sched
                0x0000000000002fe8        0xc Output/ppi_pca10056 Debug/Obj/app_timer.o
 .text.timer_list_handler_sched
                0x0000000000002ff4        0xc Output/ppi_pca10056 Debug/Obj/app_timer.o
 .text.timeout_handler_exec
                0x0000000000003000       0x1a Output/ppi_pca10056 Debug/Obj/app_timer.o
 *fill*         0x000000000000301a        0x2 
 .text.timer_timeouts_check
                0x000000000000301c       0xc8 Output/ppi_pca10056 Debug/Obj/app_timer.o
 .text.elapsed_ticks_acquire
                0x00000000000030e4       0x78 Output/ppi_pca10056 Debug/Obj/app_timer.o
 .text.expired_timers_handler
                0x000000000000315c       0x94 Output/ppi_pca10056 Debug/Obj/app_timer.o
 .text.list_insertions_handler
                0x00000000000031f0      0x1bc Output/ppi_pca10056 Debug/Obj/app_timer.o
 .text.compare_reg_update
                0x00000000000033ac       0xb0 Output/ppi_pca10056 Debug/Obj/app_timer.o
 .text.timer_list_handler
                0x000000000000345c       0x80 Output/ppi_pca10056 Debug/Obj/app_timer.o
 .text.user_op_enque
                0x00000000000034dc       0x1c Output/ppi_pca10056 Debug/Obj/app_timer.o
 .text.user_op_alloc
                0x00000000000034f8       0x5c Output/ppi_pca10056 Debug/Obj/app_timer.o
 .text.timer_start_op_schedule
                0x0000000000003554       0x7a Output/ppi_pca10056 Debug/Obj/app_timer.o
 *fill*         0x00000000000035ce        0x2 
 .text.RTC1_IRQHandler
                0x00000000000035d0       0x40 Output/ppi_pca10056 Debug/Obj/app_timer.o
                0x00000000000035d0                RTC1_IRQHandler
 .text.SWI0_EGU0_IRQHandler
                0x0000000000003610        0xa Output/ppi_pca10056 Debug/Obj/app_timer.o
                0x0000000000003610                SWI0_EGU0_IRQHandler
 *fill*         0x000000000000361a        0x2 
 .text.app_timer_init
                0x000000000000361c       0x68 Output/ppi_pca10056 Debug/Obj/app_timer.o
                0x000000000000361c                app_timer_init
 .text.app_timer_create
                0x0000000000003684       0x60 Output/ppi_pca10056 Debug/Obj/app_timer.o
                0x0000000000003684                app_timer_create
 .text.app_timer_start
                0x00000000000036e4       0x64 Output/ppi_pca10056 Debug/Obj/app_timer.o
                0x00000000000036e4                app_timer_start
 .text.nrf_drv_ppi_init
                0x0000000000003748       0x1c Output/ppi_pca10056 Debug/Obj/nrf_drv_ppi.o
                0x0000000000003748                nrf_drv_ppi_init
 .text.uarte_evt_handler
                0x0000000000003764       0x50 Output/ppi_pca10056 Debug/Obj/nrf_drv_uart.o
 .text.uart_evt_handler
                0x00000000000037b4       0x50 Output/ppi_pca10056 Debug/Obj/nrf_drv_uart.o
 .text.nrf_drv_uart_init
                0x0000000000003804       0xc0 Output/ppi_pca10056 Debug/Obj/nrf_drv_uart.o
                0x0000000000003804                nrf_drv_uart_init
 .text.nrf_ppi_channel_enable
                0x00000000000038c4       0x24 Output/ppi_pca10056 Debug/Obj/nrfx_ppi.o
 .text.nrf_ppi_channel_endpoint_setup
                0x00000000000038e8       0x34 Output/ppi_pca10056 Debug/Obj/nrfx_ppi.o
 .text.nrf_ppi_fork_endpoint_setup
                0x000000000000391c       0x24 Output/ppi_pca10056 Debug/Obj/nrfx_ppi.o
 .text.nrfx_ppi_channel_to_mask
                0x0000000000003940       0x18 Output/ppi_pca10056 Debug/Obj/nrfx_ppi.o
 .text.is_programmable_app_channel
                0x0000000000003958       0x2c Output/ppi_pca10056 Debug/Obj/nrfx_ppi.o
 .text.are_app_channels
                0x0000000000003984        0xc Output/ppi_pca10056 Debug/Obj/nrfx_ppi.o
 .text.is_app_channel
                0x0000000000003990       0x26 Output/ppi_pca10056 Debug/Obj/nrfx_ppi.o
 *fill*         0x00000000000039b6        0x2 
 .text.is_allocated_channel
                0x00000000000039b8       0x34 Output/ppi_pca10056 Debug/Obj/nrfx_ppi.o
 .text.channel_allocated_set
                0x00000000000039ec       0x2c Output/ppi_pca10056 Debug/Obj/nrfx_ppi.o
 .text.nrfx_ppi_channel_alloc
                0x0000000000003a18       0xec Output/ppi_pca10056 Debug/Obj/nrfx_ppi.o
                0x0000000000003a18                nrfx_ppi_channel_alloc
 .text.nrfx_ppi_channel_assign
                0x0000000000003b04       0xbc Output/ppi_pca10056 Debug/Obj/nrfx_ppi.o
                0x0000000000003b04                nrfx_ppi_channel_assign
 .text.nrfx_ppi_channel_fork_assign
                0x0000000000003bc0       0xa4 Output/ppi_pca10056 Debug/Obj/nrfx_ppi.o
                0x0000000000003bc0                nrfx_ppi_channel_fork_assign
 .text.nrfx_ppi_channel_enable
                0x0000000000003c64       0x94 Output/ppi_pca10056 Debug/Obj/nrfx_ppi.o
                0x0000000000003c64                nrfx_ppi_channel_enable
 .text.UARTE0_UART0_IRQHandler
                0x0000000000003cf8       0x24 Output/ppi_pca10056 Debug/Obj/nrfx_prs.o
                0x0000000000003cf8                UARTE0_UART0_IRQHandler
 .text.prs_box_get
                0x0000000000003d1c       0x20 Output/ppi_pca10056 Debug/Obj/nrfx_prs.o
 .text.nrfx_prs_acquire
                0x0000000000003d3c       0x74 Output/ppi_pca10056 Debug/Obj/nrfx_prs.o
                0x0000000000003d3c                nrfx_prs_acquire
 .text.nrfx_prs_release
                0x0000000000003db0       0x3c Output/ppi_pca10056 Debug/Obj/nrfx_prs.o
                0x0000000000003db0                nrfx_prs_release
 .text.NVIC_EnableIRQ
                0x0000000000003dec       0x2c Output/ppi_pca10056 Debug/Obj/nrfx_timer.o
 .text.NVIC_ClearPendingIRQ
                0x0000000000003e18       0x30 Output/ppi_pca10056 Debug/Obj/nrfx_timer.o
 .text.NVIC_SetPriority
                0x0000000000003e48       0x50 Output/ppi_pca10056 Debug/Obj/nrfx_timer.o
 .text.nrfx_get_irq_number
                0x0000000000003e98       0x16 Output/ppi_pca10056 Debug/Obj/nrfx_timer.o
 *fill*         0x0000000000003eae        0x2 
 .text._NRFX_IRQ_PRIORITY_SET
                0x0000000000003eb0       0x40 Output/ppi_pca10056 Debug/Obj/nrfx_timer.o
 .text._NRFX_IRQ_ENABLE
                0x0000000000003ef0       0x26 Output/ppi_pca10056 Debug/Obj/nrfx_timer.o
 .text.nrf_timer_task_trigger
                0x0000000000003f16       0x1c Output/ppi_pca10056 Debug/Obj/nrfx_timer.o
 .text.nrf_timer_event_clear
                0x0000000000003f32       0x2a Output/ppi_pca10056 Debug/Obj/nrfx_timer.o
 .text.nrf_timer_event_check
                0x0000000000003f5c       0x24 Output/ppi_pca10056 Debug/Obj/nrfx_timer.o
 .text.nrf_timer_shorts_enable
                0x0000000000003f80       0x1c Output/ppi_pca10056 Debug/Obj/nrfx_timer.o
 .text.nrf_timer_shorts_disable
                0x0000000000003f9c       0x1e Output/ppi_pca10056 Debug/Obj/nrfx_timer.o
 .text.nrf_timer_int_enable
                0x0000000000003fba       0x14 Output/ppi_pca10056 Debug/Obj/nrfx_timer.o
 .text.nrf_timer_int_disable
                0x0000000000003fce       0x14 Output/ppi_pca10056 Debug/Obj/nrfx_timer.o
 .text.nrf_timer_int_enable_check
                0x0000000000003fe2       0x20 Output/ppi_pca10056 Debug/Obj/nrfx_timer.o
 .text.nrf_timer_mode_set
                0x0000000000004002       0x2a Output/ppi_pca10056 Debug/Obj/nrfx_timer.o
 .text.nrf_timer_bit_width_set
                0x000000000000402c       0x2a Output/ppi_pca10056 Debug/Obj/nrfx_timer.o
 .text.nrf_timer_frequency_set
                0x0000000000004056       0x2a Output/ppi_pca10056 Debug/Obj/nrfx_timer.o
 .text.nrf_timer_cc_write
                0x0000000000004080       0x22 Output/ppi_pca10056 Debug/Obj/nrfx_timer.o
 .text.nrf_timer_compare_event_get
                0x00000000000040a2       0x16 Output/ppi_pca10056 Debug/Obj/nrfx_timer.o
 .text.nrf_timer_compare_int_get
                0x00000000000040b8       0x14 Output/ppi_pca10056 Debug/Obj/nrfx_timer.o
 .text.nrfx_timer_init
                0x00000000000040cc      0x1f8 Output/ppi_pca10056 Debug/Obj/nrfx_timer.o
                0x00000000000040cc                nrfx_timer_init
 .text.nrfx_timer_enable
                0x00000000000042c4       0x5c Output/ppi_pca10056 Debug/Obj/nrfx_timer.o
                0x00000000000042c4                nrfx_timer_enable
 .text.nrfx_timer_compare
                0x0000000000004320       0x72 Output/ppi_pca10056 Debug/Obj/nrfx_timer.o
                0x0000000000004320                nrfx_timer_compare
 .text.nrfx_timer_extended_compare
                0x0000000000004392       0x5e Output/ppi_pca10056 Debug/Obj/nrfx_timer.o
                0x0000000000004392                nrfx_timer_extended_compare
 .text.irq_handler
                0x00000000000043f0       0x8c Output/ppi_pca10056 Debug/Obj/nrfx_timer.o
 .text.TIMER1_IRQHandler
                0x000000000000447c       0x18 Output/ppi_pca10056 Debug/Obj/nrfx_timer.o
                0x000000000000447c                TIMER1_IRQHandler
 .text.TIMER2_IRQHandler
                0x0000000000004494       0x18 Output/ppi_pca10056 Debug/Obj/nrfx_timer.o
                0x0000000000004494                TIMER2_IRQHandler
 .text.NVIC_EnableIRQ
                0x00000000000044ac       0x2c Output/ppi_pca10056 Debug/Obj/nrfx_uart.o
 .text.NVIC_DisableIRQ
                0x00000000000044d8       0x30 Output/ppi_pca10056 Debug/Obj/nrfx_uart.o
 .text.NVIC_ClearPendingIRQ
                0x0000000000004508       0x30 Output/ppi_pca10056 Debug/Obj/nrfx_uart.o
 .text.NVIC_SetPriority
                0x0000000000004538       0x50 Output/ppi_pca10056 Debug/Obj/nrfx_uart.o
 .text.nrfx_get_irq_number
                0x0000000000004588       0x16 Output/ppi_pca10056 Debug/Obj/nrfx_uart.o
 *fill*         0x000000000000459e        0x2 
 .text._NRFX_IRQ_PRIORITY_SET
                0x00000000000045a0       0x40 Output/ppi_pca10056 Debug/Obj/nrfx_uart.o
 .text._NRFX_IRQ_ENABLE
                0x00000000000045e0       0x26 Output/ppi_pca10056 Debug/Obj/nrfx_uart.o
 .text._NRFX_IRQ_DISABLE
                0x0000000000004606       0x1c Output/ppi_pca10056 Debug/Obj/nrfx_uart.o
 .text.nrf_uart_event_clear
                0x0000000000004622       0x2a Output/ppi_pca10056 Debug/Obj/nrfx_uart.o
 .text.nrf_uart_event_check
                0x000000000000464c       0x24 Output/ppi_pca10056 Debug/Obj/nrfx_uart.o
 .text.nrf_uart_int_enable
                0x0000000000004670       0x14 Output/ppi_pca10056 Debug/Obj/nrfx_uart.o
 .text.nrf_uart_int_enable_check
                0x0000000000004684       0x20 Output/ppi_pca10056 Debug/Obj/nrfx_uart.o
 .text.nrf_uart_int_disable
                0x00000000000046a4       0x14 Output/ppi_pca10056 Debug/Obj/nrfx_uart.o
 .text.nrf_uart_errorsrc_get_and_clear
                0x00000000000046b8       0x1c Output/ppi_pca10056 Debug/Obj/nrfx_uart.o
 .text.nrf_uart_enable
                0x00000000000046d4       0x12 Output/ppi_pca10056 Debug/Obj/nrfx_uart.o
 .text.nrf_uart_disable
                0x00000000000046e6       0x12 Output/ppi_pca10056 Debug/Obj/nrfx_uart.o
 .text.nrf_uart_txrx_pins_set
                0x00000000000046f8       0x1e Output/ppi_pca10056 Debug/Obj/nrfx_uart.o
 .text.nrf_uart_txrx_pins_disconnect
                0x0000000000004716       0x1c Output/ppi_pca10056 Debug/Obj/nrfx_uart.o
 .text.nrf_uart_tx_pin_get
                0x0000000000004732       0x10 Output/ppi_pca10056 Debug/Obj/nrfx_uart.o
 .text.nrf_uart_rx_pin_get
                0x0000000000004742       0x10 Output/ppi_pca10056 Debug/Obj/nrfx_uart.o
 .text.nrf_uart_rts_pin_get
                0x0000000000004752       0x10 Output/ppi_pca10056 Debug/Obj/nrfx_uart.o
 .text.nrf_uart_cts_pin_get
                0x0000000000004762       0x10 Output/ppi_pca10056 Debug/Obj/nrfx_uart.o
 .text.nrf_uart_hwfc_pins_set
                0x0000000000004772       0x1e Output/ppi_pca10056 Debug/Obj/nrfx_uart.o
 .text.nrf_uart_hwfc_pins_disconnect
                0x0000000000004790       0x1c Output/ppi_pca10056 Debug/Obj/nrfx_uart.o
 .text.nrf_uart_rxd_get
                0x00000000000047ac       0x12 Output/ppi_pca10056 Debug/Obj/nrfx_uart.o
 .text.nrf_uart_txd_set
                0x00000000000047be       0x1a Output/ppi_pca10056 Debug/Obj/nrfx_uart.o
 .text.nrf_uart_task_trigger
                0x00000000000047d8       0x1c Output/ppi_pca10056 Debug/Obj/nrfx_uart.o
 .text.nrf_uart_configure
                0x00000000000047f4       0x2a Output/ppi_pca10056 Debug/Obj/nrfx_uart.o
 .text.nrf_uart_baudrate_set
                0x000000000000481e       0x14 Output/ppi_pca10056 Debug/Obj/nrfx_uart.o
 *fill*         0x0000000000004832        0x2 
 .text.nrf_gpio_pin_port_decode
                0x0000000000004834       0x44 Output/ppi_pca10056 Debug/Obj/nrfx_uart.o
 .text.nrf_gpio_cfg
                0x0000000000004878       0x62 Output/ppi_pca10056 Debug/Obj/nrfx_uart.o
 .text.nrf_gpio_cfg_output
                0x00000000000048da       0x22 Output/ppi_pca10056 Debug/Obj/nrfx_uart.o
 .text.nrf_gpio_cfg_input
                0x00000000000048fc       0x2c Output/ppi_pca10056 Debug/Obj/nrfx_uart.o
 .text.nrf_gpio_cfg_default
                0x0000000000004928       0x22 Output/ppi_pca10056 Debug/Obj/nrfx_uart.o
 .text.nrf_gpio_pin_set
                0x000000000000494a       0x28 Output/ppi_pca10056 Debug/Obj/nrfx_uart.o
 .text.nrf_gpio_port_out_set
                0x0000000000004972       0x14 Output/ppi_pca10056 Debug/Obj/nrfx_uart.o
 .text.apply_config
                0x0000000000004986       0xc6 Output/ppi_pca10056 Debug/Obj/nrfx_uart.o
 .text.interrupts_enable
                0x0000000000004a4c       0x6c Output/ppi_pca10056 Debug/Obj/nrfx_uart.o
 .text.interrupts_disable
                0x0000000000004ab8       0x30 Output/ppi_pca10056 Debug/Obj/nrfx_uart.o
 .text.pins_to_default
                0x0000000000004ae8       0x8a Output/ppi_pca10056 Debug/Obj/nrfx_uart.o
 *fill*         0x0000000000004b72        0x2 
 .text.nrfx_uart_init
                0x0000000000004b74       0xd4 Output/ppi_pca10056 Debug/Obj/nrfx_uart.o
                0x0000000000004b74                nrfx_uart_init
 .text.nrfx_uart_uninit
                0x0000000000004c48       0x5c Output/ppi_pca10056 Debug/Obj/nrfx_uart.o
                0x0000000000004c48                nrfx_uart_uninit
 .text.tx_byte  0x0000000000004ca4       0x40 Output/ppi_pca10056 Debug/Obj/nrfx_uart.o
 .text.tx_blocking
                0x0000000000004ce4       0x4e Output/ppi_pca10056 Debug/Obj/nrfx_uart.o
 *fill*         0x0000000000004d32        0x2 
 .text.nrfx_uart_tx
                0x0000000000004d34      0x110 Output/ppi_pca10056 Debug/Obj/nrfx_uart.o
                0x0000000000004d34                nrfx_uart_tx
 .text.nrfx_uart_tx_in_progress
                0x0000000000004e44       0x2c Output/ppi_pca10056 Debug/Obj/nrfx_uart.o
                0x0000000000004e44                nrfx_uart_tx_in_progress
 .text.rx_byte  0x0000000000004e70       0x4e Output/ppi_pca10056 Debug/Obj/nrfx_uart.o
 .text.rx_done_event
                0x0000000000004ebe       0x2e Output/ppi_pca10056 Debug/Obj/nrfx_uart.o
 .text.tx_done_event
                0x0000000000004eec       0x34 Output/ppi_pca10056 Debug/Obj/nrfx_uart.o
 .text.uart_irq_handler
                0x0000000000004f20      0x1da Output/ppi_pca10056 Debug/Obj/nrfx_uart.o
 *fill*         0x00000000000050fa        0x2 
 .text.nrfx_uart_0_irq_handler
                0x00000000000050fc       0x18 Output/ppi_pca10056 Debug/Obj/nrfx_uart.o
                0x00000000000050fc                nrfx_uart_0_irq_handler
 .text.NVIC_EnableIRQ
                0x0000000000005114       0x2c Output/ppi_pca10056 Debug/Obj/nrfx_uarte.o
 .text.NVIC_DisableIRQ
                0x0000000000005140       0x30 Output/ppi_pca10056 Debug/Obj/nrfx_uarte.o
 .text.NVIC_ClearPendingIRQ
                0x0000000000005170       0x30 Output/ppi_pca10056 Debug/Obj/nrfx_uarte.o
 .text.NVIC_SetPriority
                0x00000000000051a0       0x50 Output/ppi_pca10056 Debug/Obj/nrfx_uarte.o
 .text.nrfx_is_in_ram
                0x00000000000051f0       0x1c Output/ppi_pca10056 Debug/Obj/nrfx_uarte.o
 .text.nrfx_get_irq_number
                0x000000000000520c       0x16 Output/ppi_pca10056 Debug/Obj/nrfx_uarte.o
 *fill*         0x0000000000005222        0x2 
 .text._NRFX_IRQ_PRIORITY_SET
                0x0000000000005224       0x40 Output/ppi_pca10056 Debug/Obj/nrfx_uarte.o
 .text._NRFX_IRQ_ENABLE
                0x0000000000005264       0x26 Output/ppi_pca10056 Debug/Obj/nrfx_uarte.o
 .text._NRFX_IRQ_DISABLE
                0x000000000000528a       0x1c Output/ppi_pca10056 Debug/Obj/nrfx_uarte.o
 .text.nrf_uarte_event_clear
                0x00000000000052a6       0x2a Output/ppi_pca10056 Debug/Obj/nrfx_uarte.o
 .text.nrf_uarte_event_check
                0x00000000000052d0       0x24 Output/ppi_pca10056 Debug/Obj/nrfx_uarte.o
 .text.nrf_uarte_shorts_disable
                0x00000000000052f4       0x1e Output/ppi_pca10056 Debug/Obj/nrfx_uarte.o
 .text.nrf_uarte_int_enable
                0x0000000000005312       0x14 Output/ppi_pca10056 Debug/Obj/nrfx_uarte.o
 .text.nrf_uarte_int_disable
                0x0000000000005326       0x14 Output/ppi_pca10056 Debug/Obj/nrfx_uarte.o
 .text.nrf_uarte_errorsrc_get_and_clear
                0x000000000000533a       0x1c Output/ppi_pca10056 Debug/Obj/nrfx_uarte.o
 .text.nrf_uarte_enable
                0x0000000000005356       0x12 Output/ppi_pca10056 Debug/Obj/nrfx_uarte.o
 .text.nrf_uarte_disable
                0x0000000000005368       0x12 Output/ppi_pca10056 Debug/Obj/nrfx_uarte.o
 .text.nrf_uarte_txrx_pins_set
                0x000000000000537a       0x1e Output/ppi_pca10056 Debug/Obj/nrfx_uarte.o
 .text.nrf_uarte_txrx_pins_disconnect
                0x0000000000005398       0x1c Output/ppi_pca10056 Debug/Obj/nrfx_uarte.o
 .text.nrf_uarte_tx_pin_get
                0x00000000000053b4       0x10 Output/ppi_pca10056 Debug/Obj/nrfx_uarte.o
 .text.nrf_uarte_rx_pin_get
                0x00000000000053c4       0x10 Output/ppi_pca10056 Debug/Obj/nrfx_uarte.o
 .text.nrf_uarte_rts_pin_get
                0x00000000000053d4       0x10 Output/ppi_pca10056 Debug/Obj/nrfx_uarte.o
 .text.nrf_uarte_cts_pin_get
                0x00000000000053e4       0x10 Output/ppi_pca10056 Debug/Obj/nrfx_uarte.o
 .text.nrf_uarte_hwfc_pins_set
                0x00000000000053f4       0x1e Output/ppi_pca10056 Debug/Obj/nrfx_uarte.o
 .text.nrf_uarte_hwfc_pins_disconnect
                0x0000000000005412       0x1c Output/ppi_pca10056 Debug/Obj/nrfx_uarte.o
 .text.nrf_uarte_task_trigger
                0x000000000000542e       0x1c Output/ppi_pca10056 Debug/Obj/nrfx_uarte.o
 .text.nrf_uarte_configure
                0x000000000000544a       0x2a Output/ppi_pca10056 Debug/Obj/nrfx_uarte.o
 .text.nrf_uarte_baudrate_set
                0x0000000000005474       0x14 Output/ppi_pca10056 Debug/Obj/nrfx_uarte.o
 .text.nrf_uarte_tx_buffer_set
                0x0000000000005488       0x1e Output/ppi_pca10056 Debug/Obj/nrfx_uarte.o
 .text.nrf_uarte_tx_amount_get
                0x00000000000054a6       0x10 Output/ppi_pca10056 Debug/Obj/nrfx_uarte.o
 .text.nrf_uarte_rx_amount_get
                0x00000000000054b6       0x10 Output/ppi_pca10056 Debug/Obj/nrfx_uarte.o
 *fill*         0x00000000000054c6        0x2 
 .text.nrf_gpio_pin_port_decode
                0x00000000000054c8       0x44 Output/ppi_pca10056 Debug/Obj/nrfx_uarte.o
 .text.nrf_gpio_cfg
                0x000000000000550c       0x62 Output/ppi_pca10056 Debug/Obj/nrfx_uarte.o
 .text.nrf_gpio_cfg_output
                0x000000000000556e       0x22 Output/ppi_pca10056 Debug/Obj/nrfx_uarte.o
 .text.nrf_gpio_cfg_input
                0x0000000000005590       0x2c Output/ppi_pca10056 Debug/Obj/nrfx_uarte.o
 .text.nrf_gpio_cfg_default
                0x00000000000055bc       0x22 Output/ppi_pca10056 Debug/Obj/nrfx_uarte.o
 .text.nrf_gpio_pin_set
                0x00000000000055de       0x28 Output/ppi_pca10056 Debug/Obj/nrfx_uarte.o
 .text.nrf_gpio_port_out_set
                0x0000000000005606       0x14 Output/ppi_pca10056 Debug/Obj/nrfx_uarte.o
 .text.apply_config
                0x000000000000561a       0xc6 Output/ppi_pca10056 Debug/Obj/nrfx_uarte.o
 .text.interrupts_enable
                0x00000000000056e0       0x88 Output/ppi_pca10056 Debug/Obj/nrfx_uarte.o
 .text.interrupts_disable
                0x0000000000005768       0x30 Output/ppi_pca10056 Debug/Obj/nrfx_uarte.o
 .text.pins_to_default
                0x0000000000005798       0x8a Output/ppi_pca10056 Debug/Obj/nrfx_uarte.o
 *fill*         0x0000000000005822        0x2 
 .text.nrfx_uarte_init
                0x0000000000005824       0xcc Output/ppi_pca10056 Debug/Obj/nrfx_uarte.o
                0x0000000000005824                nrfx_uarte_init
 .text.nrfx_uarte_uninit
                0x00000000000058f0       0x5c Output/ppi_pca10056 Debug/Obj/nrfx_uarte.o
                0x00000000000058f0                nrfx_uarte_uninit
 .text.nrfx_uarte_tx
                0x000000000000594c      0x154 Output/ppi_pca10056 Debug/Obj/nrfx_uarte.o
                0x000000000000594c                nrfx_uarte_tx
 .text.nrfx_uarte_tx_in_progress
                0x0000000000005aa0       0x30 Output/ppi_pca10056 Debug/Obj/nrfx_uarte.o
                0x0000000000005aa0                nrfx_uarte_tx_in_progress
 .text.rx_done_event
                0x0000000000005ad0       0x32 Output/ppi_pca10056 Debug/Obj/nrfx_uarte.o
 .text.tx_done_event
                0x0000000000005b02       0x38 Output/ppi_pca10056 Debug/Obj/nrfx_uarte.o
 .text.uarte_irq_handler
                0x0000000000005b3a      0x150 Output/ppi_pca10056 Debug/Obj/nrfx_uarte.o
 *fill*         0x0000000000005c8a        0x2 
 .text.nrfx_uarte_0_irq_handler
                0x0000000000005c8c       0x18 Output/ppi_pca10056 Debug/Obj/nrfx_uarte.o
                0x0000000000005c8c                nrfx_uarte_0_irq_handler
 .text.NVIC_EnableIRQ
                0x0000000000005ca4       0x2c Output/ppi_pca10056 Debug/Obj/nrfx_gpiote.o
 .text.NVIC_ClearPendingIRQ
                0x0000000000005cd0       0x30 Output/ppi_pca10056 Debug/Obj/nrfx_gpiote.o
 .text.NVIC_SetPriority
                0x0000000000005d00       0x50 Output/ppi_pca10056 Debug/Obj/nrfx_gpiote.o
 .text._NRFX_IRQ_PRIORITY_SET
                0x0000000000005d50       0x40 Output/ppi_pca10056 Debug/Obj/nrfx_gpiote.o
 .text._NRFX_IRQ_ENABLE
                0x0000000000005d90       0x26 Output/ppi_pca10056 Debug/Obj/nrfx_gpiote.o
 .text.nrf_gpiote_event_is_set
                0x0000000000005db6       0x2a Output/ppi_pca10056 Debug/Obj/nrfx_gpiote.o
 .text.nrf_gpiote_event_clear
                0x0000000000005de0       0x36 Output/ppi_pca10056 Debug/Obj/nrfx_gpiote.o
 .text.nrf_gpiote_event_addr_get
                0x0000000000005e16       0x1a Output/ppi_pca10056 Debug/Obj/nrfx_gpiote.o
 .text.nrf_gpiote_int_enable
                0x0000000000005e30       0x18 Output/ppi_pca10056 Debug/Obj/nrfx_gpiote.o
 .text.nrf_gpiote_int_disable
                0x0000000000005e48       0x18 Output/ppi_pca10056 Debug/Obj/nrfx_gpiote.o
 .text.nrf_gpiote_int_is_enabled
                0x0000000000005e60       0x18 Output/ppi_pca10056 Debug/Obj/nrfx_gpiote.o
 .text.nrf_gpiote_event_enable
                0x0000000000005e78       0x2c Output/ppi_pca10056 Debug/Obj/nrfx_gpiote.o
 .text.nrf_gpiote_event_disable
                0x0000000000005ea4       0x2c Output/ppi_pca10056 Debug/Obj/nrfx_gpiote.o
 .text.nrf_gpiote_event_configure
                0x0000000000005ed0       0x64 Output/ppi_pca10056 Debug/Obj/nrfx_gpiote.o
 .text.nrf_gpiote_event_pin_get
                0x0000000000005f34       0x20 Output/ppi_pca10056 Debug/Obj/nrfx_gpiote.o
 .text.nrf_gpiote_event_polarity_get
                0x0000000000005f54       0x24 Output/ppi_pca10056 Debug/Obj/nrfx_gpiote.o
 .text.nrf_gpiote_te_default
                0x0000000000005f78       0x1c Output/ppi_pca10056 Debug/Obj/nrfx_gpiote.o
 .text.nrf_gpio_pin_port_decode
                0x0000000000005f94       0x44 Output/ppi_pca10056 Debug/Obj/nrfx_gpiote.o
 .text.nrf_gpio_cfg
                0x0000000000005fd8       0x62 Output/ppi_pca10056 Debug/Obj/nrfx_gpiote.o
 .text.nrf_gpio_cfg_input
                0x000000000000603a       0x2c Output/ppi_pca10056 Debug/Obj/nrfx_gpiote.o
 .text.nrf_gpio_cfg_default
                0x0000000000006066       0x22 Output/ppi_pca10056 Debug/Obj/nrfx_gpiote.o
 .text.nrf_gpio_cfg_watcher
                0x0000000000006088       0x38 Output/ppi_pca10056 Debug/Obj/nrfx_gpiote.o
 .text.nrf_gpio_cfg_sense_set
                0x00000000000060c0       0x5c Output/ppi_pca10056 Debug/Obj/nrfx_gpiote.o
 .text.nrf_gpio_pin_read
                0x000000000000611c       0x2a Output/ppi_pca10056 Debug/Obj/nrfx_gpiote.o
 .text.nrf_gpio_pin_sense_get
                0x0000000000006146       0x2c Output/ppi_pca10056 Debug/Obj/nrfx_gpiote.o
 .text.nrf_gpio_port_in_read
                0x0000000000006172       0x10 Output/ppi_pca10056 Debug/Obj/nrfx_gpiote.o
 *fill*         0x0000000000006182        0x2 
 .text.nrf_gpio_ports_read
                0x0000000000006184       0x70 Output/ppi_pca10056 Debug/Obj/nrfx_gpiote.o
 .text.nrf_bitmask_bit_is_set
                0x00000000000061f4       0x30 Output/ppi_pca10056 Debug/Obj/nrfx_gpiote.o
 .text.nrf_bitmask_bit_set
                0x0000000000006224       0x40 Output/ppi_pca10056 Debug/Obj/nrfx_gpiote.o
 .text.nrf_bitmask_bit_clear
                0x0000000000006264       0x44 Output/ppi_pca10056 Debug/Obj/nrfx_gpiote.o
 .text.pin_in_use
                0x00000000000062a8       0x28 Output/ppi_pca10056 Debug/Obj/nrfx_gpiote.o
 .text.pin_in_use_as_non_task_out
                0x00000000000062d0       0x28 Output/ppi_pca10056 Debug/Obj/nrfx_gpiote.o
 .text.pin_in_use_by_te
                0x00000000000062f8       0x3c Output/ppi_pca10056 Debug/Obj/nrfx_gpiote.o
 .text.pin_in_use_by_port
                0x0000000000006334       0x24 Output/ppi_pca10056 Debug/Obj/nrfx_gpiote.o
 .text.pin_in_use_by_gpiote
                0x0000000000006358       0x24 Output/ppi_pca10056 Debug/Obj/nrfx_gpiote.o
 .text.pin_in_use_by_te_set
                0x000000000000637c       0x50 Output/ppi_pca10056 Debug/Obj/nrfx_gpiote.o
 .text.pin_in_use_clear
                0x00000000000063cc       0x1c Output/ppi_pca10056 Debug/Obj/nrfx_gpiote.o
 .text.pin_configured_set
                0x00000000000063e8       0x1c Output/ppi_pca10056 Debug/Obj/nrfx_gpiote.o
 .text.pin_configured_clear
                0x0000000000006404       0x1c Output/ppi_pca10056 Debug/Obj/nrfx_gpiote.o
 .text.pin_configured_check
                0x0000000000006420       0x28 Output/ppi_pca10056 Debug/Obj/nrfx_gpiote.o
 .text.channel_port_get
                0x0000000000006448       0x1c Output/ppi_pca10056 Debug/Obj/nrfx_gpiote.o
 .text.channel_handler_get
                0x0000000000006464       0x18 Output/ppi_pca10056 Debug/Obj/nrfx_gpiote.o
 .text.channel_port_alloc
                0x000000000000647c       0x7c Output/ppi_pca10056 Debug/Obj/nrfx_gpiote.o
 .text.channel_free
                0x00000000000064f8       0x38 Output/ppi_pca10056 Debug/Obj/nrfx_gpiote.o
 .text.nrfx_gpiote_init
                0x0000000000006530       0xa4 Output/ppi_pca10056 Debug/Obj/nrfx_gpiote.o
                0x0000000000006530                nrfx_gpiote_init
 .text.nrfx_gpiote_uninit
                0x00000000000065d4       0x68 Output/ppi_pca10056 Debug/Obj/nrfx_gpiote.o
                0x00000000000065d4                nrfx_gpiote_uninit
 .text.nrfx_gpiote_out_uninit
                0x000000000000663c       0x80 Output/ppi_pca10056 Debug/Obj/nrfx_gpiote.o
                0x000000000000663c                nrfx_gpiote_out_uninit
 .text.nrfx_gpiote_in_init
                0x00000000000066bc       0xf4 Output/ppi_pca10056 Debug/Obj/nrfx_gpiote.o
                0x00000000000066bc                nrfx_gpiote_in_init
 .text.nrfx_gpiote_in_event_enable
                0x00000000000067b0      0x110 Output/ppi_pca10056 Debug/Obj/nrfx_gpiote.o
                0x00000000000067b0                nrfx_gpiote_in_event_enable
 .text.nrfx_gpiote_in_event_disable
                0x00000000000068c0       0x7c Output/ppi_pca10056 Debug/Obj/nrfx_gpiote.o
                0x00000000000068c0                nrfx_gpiote_in_event_disable
 .text.nrfx_gpiote_in_uninit
                0x000000000000693c       0x88 Output/ppi_pca10056 Debug/Obj/nrfx_gpiote.o
                0x000000000000693c                nrfx_gpiote_in_uninit
 .text.nrfx_gpiote_in_event_addr_get
                0x00000000000069c4       0x78 Output/ppi_pca10056 Debug/Obj/nrfx_gpiote.o
                0x00000000000069c4                nrfx_gpiote_in_event_addr_get
 .text.GPIOTE_IRQHandler
                0x0000000000006a3c      0x2e8 Output/ppi_pca10056 Debug/Obj/nrfx_gpiote.o
                0x0000000000006a3c                GPIOTE_IRQHandler
 .text.NVIC_EnableIRQ
                0x0000000000006d24       0x2c Output/ppi_pca10056 Debug/Obj/main.o
 .text.NVIC_ClearPendingIRQ
                0x0000000000006d50       0x30 Output/ppi_pca10056 Debug/Obj/main.o
 .text.nrfx_coredep_delay_us
                0x0000000000006d80       0x30 Output/ppi_pca10056 Debug/Obj/main.o
 .text.nrf_timer_task_address_get
                0x0000000000006db0       0x18 Output/ppi_pca10056 Debug/Obj/main.o
 .text.nrf_timer_cc_read
                0x0000000000006dc8       0x1e Output/ppi_pca10056 Debug/Obj/main.o
 .text.nrfx_timer_task_address_get
                0x0000000000006de6       0x26 Output/ppi_pca10056 Debug/Obj/main.o
 .text.nrfx_timer_capture_get
                0x0000000000006e0c       0x26 Output/ppi_pca10056 Debug/Obj/main.o
 *fill*         0x0000000000006e32        0x2 
 .text.nrf_gpio_pin_port_decode
                0x0000000000006e34       0x44 Output/ppi_pca10056 Debug/Obj/main.o
 .text.nrf_gpio_cfg
                0x0000000000006e78       0x62 Output/ppi_pca10056 Debug/Obj/main.o
 .text.nrf_gpio_cfg_output
                0x0000000000006eda       0x22 Output/ppi_pca10056 Debug/Obj/main.o
 .text.nrf_gpio_pin_set
                0x0000000000006efc       0x28 Output/ppi_pca10056 Debug/Obj/main.o
 .text.nrf_gpio_pin_toggle
                0x0000000000006f24       0x44 Output/ppi_pca10056 Debug/Obj/main.o
 .text.nrf_gpio_port_out_set
                0x0000000000006f68       0x14 Output/ppi_pca10056 Debug/Obj/main.o
 .text.nrf_delay_ms
                0x0000000000006f7c       0x2a Output/ppi_pca10056 Debug/Obj/main.o
 .text.timer_timeout_handler
                0x0000000000006fa6       0x2e Output/ppi_pca10056 Debug/Obj/main.o
 .text.timer_init
                0x0000000000006fd4       0x3c Output/ppi_pca10056 Debug/Obj/main.o
 .text.calculate_humidity_and_temperature
                0x0000000000007010      0x14c Output/ppi_pca10056 Debug/Obj/main.o
 .text.TIMER0_IRQHandler
                0x000000000000715c       0x2c Output/ppi_pca10056 Debug/Obj/main.o
                0x000000000000715c                TIMER0_IRQHandler
 .text.timer1_event_handler
                0x0000000000007188       0x10 Output/ppi_pca10056 Debug/Obj/main.o
 .text.timer2_event_handler
                0x0000000000007198       0xa0 Output/ppi_pca10056 Debug/Obj/main.o
 .text.gpiote_event_handler
                0x0000000000007238       0x54 Output/ppi_pca10056 Debug/Obj/main.o
 .text.set_irq_us
                0x000000000000728c       0x60 Output/ppi_pca10056 Debug/Obj/main.o
                0x000000000000728c                set_irq_us
 .text.irq_init
                0x00000000000072ec       0x90 Output/ppi_pca10056 Debug/Obj/main.o
                0x00000000000072ec                irq_init
 .text.timer1_init
                0x000000000000737c       0x54 Output/ppi_pca10056 Debug/Obj/main.o
 .text.timer2_init
                0x00000000000073d0       0x60 Output/ppi_pca10056 Debug/Obj/main.o
 .text.gpiote_init
                0x0000000000007430       0x84 Output/ppi_pca10056 Debug/Obj/main.o
                0x0000000000007430                gpiote_init
 .text.ppi_init
                0x00000000000074b4      0x128 Output/ppi_pca10056 Debug/Obj/main.o
 .text.main     0x00000000000075dc       0xd4 Output/ppi_pca10056 Debug/Obj/main.o
                0x00000000000075dc                main
 .text._DoInit  0x00000000000076b0       0x9c Output/ppi_pca10056 Debug/Obj/SEGGER_RTT.o
 .text._WriteBlocking
                0x000000000000774c       0xb2 Output/ppi_pca10056 Debug/Obj/SEGGER_RTT.o
 .text._WriteNoCheck
                0x00000000000077fe       0x7e Output/ppi_pca10056 Debug/Obj/SEGGER_RTT.o
 .text._GetAvailWriteSpace
                0x000000000000787c       0x3c Output/ppi_pca10056 Debug/Obj/SEGGER_RTT.o
 .text.SEGGER_RTT_WriteNoLock
                0x00000000000078b8       0x9c Output/ppi_pca10056 Debug/Obj/SEGGER_RTT.o
                0x00000000000078b8                SEGGER_RTT_WriteNoLock
 .text.SEGGER_RTT_Init
                0x0000000000007954        0xa Output/ppi_pca10056 Debug/Obj/SEGGER_RTT.o
                0x0000000000007954                SEGGER_RTT_Init
 *fill*         0x000000000000795e        0x2 
 .text.NVIC_SystemReset
                0x0000000000007960       0x24 Output/ppi_pca10056 Debug/Obj/system_nrf52840.o
 .text.SystemCoreClockUpdate
                0x0000000000007984       0x14 Output/ppi_pca10056 Debug/Obj/system_nrf52840.o
                0x0000000000007984                SystemCoreClockUpdate
 .text.SystemInit
                0x0000000000007998      0x250 Output/ppi_pca10056 Debug/Obj/system_nrf52840.o
                0x0000000000007998                SystemInit
 .text.errata_36
                0x0000000000007be8       0x3c Output/ppi_pca10056 Debug/Obj/system_nrf52840.o
 .text.errata_66
                0x0000000000007c24       0x3c Output/ppi_pca10056 Debug/Obj/system_nrf52840.o
 .text.errata_98
                0x0000000000007c60       0x24 Output/ppi_pca10056 Debug/Obj/system_nrf52840.o
 .text.errata_103
                0x0000000000007c84       0x24 Output/ppi_pca10056 Debug/Obj/system_nrf52840.o
 .text.errata_115
                0x0000000000007ca8       0x24 Output/ppi_pca10056 Debug/Obj/system_nrf52840.o
 .text.errata_120
                0x0000000000007ccc       0x24 Output/ppi_pca10056 Debug/Obj/system_nrf52840.o
 .text.errata_136
                0x0000000000007cf0       0x3c Output/ppi_pca10056 Debug/Obj/system_nrf52840.o
 .text.libc.__RAL_ascii_isctype
                0x0000000000007d2c       0x1c C:/Program Files/SEGGER/SEGGER Embedded Studio for ARM 3.40/lib/libc_v7em_fpv4_sp_d16_hard_t_le_eabi.a(libc2.o)
 .text.libc.__RAL_ascii_toupper
                0x0000000000007d48        0xc C:/Program Files/SEGGER/SEGGER Embedded Studio for ARM 3.40/lib/libc_v7em_fpv4_sp_d16_hard_t_le_eabi.a(libc2.o)
 .text.libc.__RAL_ascii_tolower
                0x0000000000007d54        0xc C:/Program Files/SEGGER/SEGGER Embedded Studio for ARM 3.40/lib/libc_v7em_fpv4_sp_d16_hard_t_le_eabi.a(libc2.o)
 .text.libc.__RAL_ascii_iswctype
                0x0000000000007d60       0x1c C:/Program Files/SEGGER/SEGGER Embedded Studio for ARM 3.40/lib/libc_v7em_fpv4_sp_d16_hard_t_le_eabi.a(libc2.o)
 .text.libc.__RAL_ascii_towupper
                0x0000000000007d7c        0xc C:/Program Files/SEGGER/SEGGER Embedded Studio for ARM 3.40/lib/libc_v7em_fpv4_sp_d16_hard_t_le_eabi.a(libc2.o)
 .text.libc.__RAL_ascii_towlower
                0x0000000000007d88        0xc C:/Program Files/SEGGER/SEGGER Embedded Studio for ARM 3.40/lib/libc_v7em_fpv4_sp_d16_hard_t_le_eabi.a(libc2.o)
 .text.libc.__RAL_ascii_wctomb
                0x0000000000007d94        0xe C:/Program Files/SEGGER/SEGGER Embedded Studio for ARM 3.40/lib/libc_v7em_fpv4_sp_d16_hard_t_le_eabi.a(libc2.o)
                0x0000000000007d94                __RAL_ascii_wctomb
 .text.libc.__RAL_ascii_mbtowc
                0x0000000000007da2       0x24 C:/Program Files/SEGGER/SEGGER Embedded Studio for ARM 3.40/lib/libc_v7em_fpv4_sp_d16_hard_t_le_eabi.a(libc2.o)
                0x0000000000007da2                __RAL_ascii_mbtowc
 *fill*         0x0000000000007dc6        0x2 
 .text.libc.__RAL_isctype
                0x0000000000007dc8       0x14 C:/Program Files/SEGGER/SEGGER Embedded Studio for ARM 3.40/lib/libc_v7em_fpv4_sp_d16_hard_t_le_eabi.a(libc2.o)
                0x0000000000007dc8                __RAL_isctype
 .text.libc.isprint
                0x0000000000007ddc        0xa C:/Program Files/SEGGER/SEGGER Embedded Studio for ARM 3.40/lib/libc_v7em_fpv4_sp_d16_hard_t_le_eabi.a(libc2.o)
                0x0000000000007ddc                isprint
 .text.libc.memcpy
                0x0000000000007de6       0x52 C:/Program Files/SEGGER/SEGGER Embedded Studio for ARM 3.40/lib/libc_v7em_fpv4_sp_d16_hard_t_le_eabi.a(libc2_asm.o)
                0x0000000000007de6                __aeabi_memcpy
                0x0000000000007de6                memcpy
                0x0000000000007df2                __aeabi_memcpy8
                0x0000000000007df2                __aeabi_memcpy4
 .text.libc.memset
                0x0000000000007e38       0x66 C:/Program Files/SEGGER/SEGGER Embedded Studio for ARM 3.40/lib/libc_v7em_fpv4_sp_d16_hard_t_le_eabi.a(libc2_asm.o)
                0x0000000000007e38                memset
 .text.libc.strcpy
                0x0000000000007e9e       0x44 C:/Program Files/SEGGER/SEGGER Embedded Studio for ARM 3.40/lib/libc_v7em_fpv4_sp_d16_hard_t_le_eabi.a(libc2_asm.o)
                0x0000000000007e9e                strcpy
 .text.libc.strlen
                0x0000000000007ee2       0x60 C:/Program Files/SEGGER/SEGGER Embedded Studio for ARM 3.40/lib/libc_v7em_fpv4_sp_d16_hard_t_le_eabi.a(libc2_asm.o)
                0x0000000000007ee2                strlen
                0x0000000000007f42                __text_end__ = (__text_start__ + SIZEOF (.text))
                0x0000000000007c1e                __text_size__ = SIZEOF (.text)
                0x0000000000007f42                __text_load_end__ = __text_end__

.vfp11_veneer   0x0000000100000000        0x0
 .vfp11_veneer  0x0000000100000000        0x0 linker stubs

.v4_bx          0x0000000100000000        0x0
 .v4_bx         0x0000000100000000        0x0 linker stubs

.iplt           0x0000000100000000        0x0
 .iplt          0x0000000100000000        0x0 Output/ppi_pca10056 Debug/Obj/thumb_crt0.o
                0x0000000000000001                . = ASSERT (((__text_start__ == __text_end__) || ((__text_end__ >= __FLASH_segment_start__) && (__text_end__ <= __FLASH_segment_end__))), error: .text is too large to fit in FLASH memory segment)
                0x0000000000007f44                __log_const_data_load_start__ = ALIGN (__text_end__, 0x4)

.log_const_data
                0x0000000000007f44       0x40
                0x0000000000007f44                __log_const_data_start__ = .
                0x0000000000007f44                __start_log_const_data = __log_const_data_start__
 *(SORT_BY_NAME(.log_const_data*))
 .log_const_data_GPIOTE
                0x0000000000007f44        0x8 Output/ppi_pca10056 Debug/Obj/nrfx_gpiote.o
                0x0000000000007f44                m_nrf_log_GPIOTE_logs_data_const
 .log_const_data_PRS
                0x0000000000007f4c        0x8 Output/ppi_pca10056 Debug/Obj/nrfx_prs.o
                0x0000000000007f4c                m_nrf_log_PRS_logs_data_const
 .log_const_data_TIMER
                0x0000000000007f54        0x8 Output/ppi_pca10056 Debug/Obj/nrfx_timer.o
                0x0000000000007f54                m_nrf_log_TIMER_logs_data_const
 .log_const_data_UART
                0x0000000000007f5c        0x8 Output/ppi_pca10056 Debug/Obj/nrfx_uart.o
                0x0000000000007f5c                m_nrf_log_UART_logs_data_const
 .log_const_data_UARTE
                0x0000000000007f64        0x8 Output/ppi_pca10056 Debug/Obj/nrfx_uarte.o
                0x0000000000007f64                m_nrf_log_UARTE_logs_data_const
 .log_const_data_app
                0x0000000000007f6c        0x8 Output/ppi_pca10056 Debug/Obj/nrf_log_frontend.o
                0x0000000000007f6c                m_nrf_log_app_logs_data_const
 .log_const_data_balloc_log_mempool
                0x0000000000007f74        0x8 Output/ppi_pca10056 Debug/Obj/nrf_log_frontend.o
                0x0000000000007f74                m_nrf_log_balloc_log_mempool_logs_data_const
 .log_const_data_clock
                0x0000000000007f7c        0x8 Output/ppi_pca10056 Debug/Obj/nrf_drv_clock.o
                0x0000000000007f7c                m_nrf_log_clock_logs_data_const
                0x0000000000007f84                __log_const_data_end__ = (__log_const_data_start__ + SIZEOF (.log_const_data))
                0x0000000000000040                __log_const_data_size__ = SIZEOF (.log_const_data)
                0x0000000000007f84                __stop_log_const_data = __log_const_data_end__
                0x0000000000007f84                __log_const_data_load_end__ = __log_const_data_end__
                0x0000000000000001                . = ASSERT (((__log_const_data_start__ == __log_const_data_end__) || ((__log_const_data_end__ >= __FLASH_segment_start__) && (__log_const_data_end__ <= __FLASH_segment_end__))), error: .log_const_data is too large to fit in FLASH memory segment)
                0x0000000000007f84                __nrf_balloc_load_start__ = ALIGN (__log_const_data_end__, 0x4)

.nrf_balloc     0x0000000000007f84       0x18
                0x0000000000007f84                __nrf_balloc_start__ = .
                0x0000000000007f84                __start_nrf_balloc = __nrf_balloc_start__
 *(.nrf_balloc*)
 .nrf_balloc    0x0000000000007f84       0x18 Output/ppi_pca10056 Debug/Obj/nrf_log_frontend.o
                0x0000000000007f84                log_mempool
                0x0000000000007f9c                __nrf_balloc_end__ = (__nrf_balloc_start__ + SIZEOF (.nrf_balloc))
                0x0000000000000018                __nrf_balloc_size__ = SIZEOF (.nrf_balloc)
                0x0000000000007f9c                __stop_nrf_balloc = __nrf_balloc_end__
                0x0000000000007f9c                __nrf_balloc_load_end__ = __nrf_balloc_end__
                0x0000000000000001                . = ASSERT (((__nrf_balloc_start__ == __nrf_balloc_end__) || ((__nrf_balloc_end__ >= __FLASH_segment_start__) && (__nrf_balloc_end__ <= __FLASH_segment_end__))), error: .nrf_balloc is too large to fit in FLASH memory segment)
                0x0000000000007f9c                __nrf_sections_load_start__ = ALIGN (__nrf_balloc_end__, 0x4)

.nrf_sections   0x0000000000007f9c        0x0
                0x0000000000007f9c                __nrf_sections_start__ = .
                0x0000000000007f9c                __start_nrf_sections = __nrf_sections_start__
 *(.nrf_sections .nrf_sections.*)
                0x0000000000007f9c                __nrf_sections_end__ = (__nrf_sections_start__ + SIZEOF (.nrf_sections))
                0x0000000000000000                __nrf_sections_size__ = SIZEOF (.nrf_sections)
                0x0000000000007f9c                __nrf_sections_load_end__ = __nrf_sections_end__
                0x0000000000000001                . = ASSERT (((__nrf_sections_start__ == __nrf_sections_end__) || ((__nrf_sections_end__ >= __FLASH_segment_start__) && (__nrf_sections_end__ <= __FLASH_segment_end__))), error: .nrf_sections is too large to fit in FLASH memory segment)
                0x0000000000007f9c                __log_dynamic_data_load_start__ = ALIGN (__nrf_sections_end__, 0x4)

.log_dynamic_data
                0x0000000020000000       0x20 load address 0x0000000000007f9c
                0x0000000020000000                __log_dynamic_data_start__ = .
 *(SORT_BY_NAME(.log_dynamic_data*))
 .log_dynamic_data_GPIOTE
                0x0000000020000000        0x4 Output/ppi_pca10056 Debug/Obj/nrfx_gpiote.o
                0x0000000020000000                m_nrf_log_GPIOTE_logs_data_dynamic
 .log_dynamic_data_PRS
                0x0000000020000004        0x4 Output/ppi_pca10056 Debug/Obj/nrfx_prs.o
                0x0000000020000004                m_nrf_log_PRS_logs_data_dynamic
 .log_dynamic_data_TIMER
                0x0000000020000008        0x4 Output/ppi_pca10056 Debug/Obj/nrfx_timer.o
                0x0000000020000008                m_nrf_log_TIMER_logs_data_dynamic
 .log_dynamic_data_UART
                0x000000002000000c        0x4 Output/ppi_pca10056 Debug/Obj/nrfx_uart.o
                0x000000002000000c                m_nrf_log_UART_logs_data_dynamic
 .log_dynamic_data_UARTE
                0x0000000020000010        0x4 Output/ppi_pca10056 Debug/Obj/nrfx_uarte.o
                0x0000000020000010                m_nrf_log_UARTE_logs_data_dynamic
 .log_dynamic_data_app
                0x0000000020000014        0x4 Output/ppi_pca10056 Debug/Obj/nrf_log_frontend.o
                0x0000000020000014                m_nrf_log_app_logs_data_dynamic
 .log_dynamic_data_balloc_log_mempool
                0x0000000020000018        0x4 Output/ppi_pca10056 Debug/Obj/nrf_log_frontend.o
                0x0000000020000018                m_nrf_log_balloc_log_mempool_logs_data_dynamic
 .log_dynamic_data_clock
                0x000000002000001c        0x4 Output/ppi_pca10056 Debug/Obj/nrf_drv_clock.o
                0x000000002000001c                m_nrf_log_clock_logs_data_dynamic
                0x0000000020000020                __log_dynamic_data_end__ = (__log_dynamic_data_start__ + SIZEOF (.log_dynamic_data))
                0x0000000000000020                __log_dynamic_data_size__ = SIZEOF (.log_dynamic_data)
                0x0000000000007fbc                __log_dynamic_data_load_end__ = (__log_dynamic_data_load_start__ + SIZEOF (.log_dynamic_data))
                0x0000000000000001                . = ASSERT (((__log_dynamic_data_load_start__ == __log_dynamic_data_load_end__) || ((__log_dynamic_data_load_end__ >= __FLASH_segment_start__) && (__log_dynamic_data_load_end__ <= __FLASH_segment_end__))), error: .log_dynamic_data is too large to fit in FLASH memory segment)

.log_dynamic_data_run
                0x0000000020000000       0x20 load address 0x0000000000007f9c
                0x0000000020000000                __log_dynamic_data_run_start__ = .
                0x0000000020000000                __start_log_dynamic_data = __log_dynamic_data_run_start__
                0x0000000020000020                . = MAX ((__log_dynamic_data_run_start__ + SIZEOF (.log_dynamic_data)), .)
 *fill*         0x0000000020000000       0x20 
                0x0000000020000020                __log_dynamic_data_run_end__ = (__log_dynamic_data_run_start__ + SIZEOF (.log_dynamic_data_run))
                0x0000000000000020                __log_dynamic_data_run_size__ = SIZEOF (.log_dynamic_data_run)
                0x0000000020000020                __stop_log_dynamic_data = __log_dynamic_data_run_end__
                0x0000000020000020                __log_dynamic_data_run_load_end__ = __log_dynamic_data_run_end__
                0x0000000000000001                . = ASSERT (((__log_dynamic_data_run_start__ == __log_dynamic_data_run_end__) || ((__log_dynamic_data_run_end__ >= __RAM_segment_start__) && (__log_dynamic_data_run_end__ <= __RAM_segment_end__))), error: .log_dynamic_data_run is too large to fit in RAM memory segment)
                0x0000000020000020                __nrf_sections_run_end_load_start__ = ALIGN (__log_dynamic_data_run_end__, 0x4)

.nrf_sections_run_end
                0x0000000020000020        0x0
                0x0000000020000020                __nrf_sections_run_end_start__ = .
                0x0000000020000020                __end_nrf_sections_run = __nrf_sections_run_end_start__
 *(.nrf_sections_run_end .nrf_sections_run_end.*)
                0x0000000020000020                __nrf_sections_run_end_end__ = (__nrf_sections_run_end_start__ + SIZEOF (.nrf_sections_run_end))
                0x0000000000000000                __nrf_sections_run_end_size__ = SIZEOF (.nrf_sections_run_end)
                0x0000000020000020                __nrf_sections_run_end_load_end__ = __nrf_sections_run_end_end__
                0x0000000000000001                . = ASSERT (((__nrf_sections_run_end_start__ == __nrf_sections_run_end_end__) || ((__nrf_sections_run_end_end__ >= __RAM_segment_start__) && (__nrf_sections_run_end_end__ <= __RAM_segment_end__))), error: .nrf_sections_run_end is too large to fit in RAM memory segment)
                0x0000000000007fbc                __dtors_load_start__ = ALIGN ((__log_dynamic_data_load_start__ + SIZEOF (.log_dynamic_data)), 0x4)

.dtors          0x0000000000007fbc        0x0
                0x0000000000007fbc                __dtors_start__ = .
 *(SORT_BY_NAME(.dtors.*))
 *(.dtors)
 *(.fini_array)
 *(SORT_BY_NAME(.fini_array.*))
                0x0000000000007fbc                __dtors_end__ = (__dtors_start__ + SIZEOF (.dtors))
                0x0000000000000000                __dtors_size__ = SIZEOF (.dtors)
                0x0000000000007fbc                __dtors_load_end__ = __dtors_end__
                0x0000000000000001                . = ASSERT (((__dtors_start__ == __dtors_end__) || ((__dtors_end__ >= __FLASH_segment_start__) && (__dtors_end__ <= __FLASH_segment_end__))), error: .dtors is too large to fit in FLASH memory segment)
                0x0000000000007fbc                __ctors_load_start__ = ALIGN (__dtors_end__, 0x4)

.ctors          0x0000000000007fbc        0x0
                0x0000000000007fbc                __ctors_start__ = .
 *(SORT_BY_NAME(.ctors.*))
 *(.ctors)
 *(.init_array)
 *(SORT_BY_NAME(.init_array.*))
                0x0000000000007fbc                __ctors_end__ = (__ctors_start__ + SIZEOF (.ctors))
                0x0000000000000000                __ctors_size__ = SIZEOF (.ctors)
                0x0000000000007fbc                __ctors_load_end__ = __ctors_end__
                0x0000000000000001                . = ASSERT (((__ctors_start__ == __ctors_end__) || ((__ctors_end__ >= __FLASH_segment_start__) && (__ctors_end__ <= __FLASH_segment_end__))), error: .ctors is too large to fit in FLASH memory segment)
                0x0000000000007fbc                __rodata_load_start__ = ALIGN (__ctors_end__, 0x4)

.rodata         0x0000000000007fbc     0x1284
                0x0000000000007fbc                __rodata_start__ = .
 *(.rodata .rodata.* .gnu.linkonce.r.*)
 .rodata.nrf_log_backend_rtt_api
                0x0000000000007fbc        0xc Output/ppi_pca10056 Debug/Obj/nrf_log_backend_rtt.o
                0x0000000000007fbc                nrf_log_backend_rtt_api
 *fill*         0x0000000000007fc8        0x8 
 .rodata.delay_bytecode.8353
                0x0000000000007fd0        0x6 Output/ppi_pca10056 Debug/Obj/nrf_log_backend_rtt.o
 *fill*         0x0000000000007fd6        0x2 
 .rodata        0x0000000000007fd8       0x98 Output/ppi_pca10056 Debug/Obj/nrf_log_backend_uart.o
 .rodata.nrf_log_backend_uart_api
                0x0000000000008070        0xc Output/ppi_pca10056 Debug/Obj/nrf_log_backend_uart.o
                0x0000000000008070                nrf_log_backend_uart_api
 .rodata        0x000000000000807c       0x7b Output/ppi_pca10056 Debug/Obj/nrf_log_default_backends.o
 *fill*         0x00000000000080f7        0x1 
 .rodata        0x00000000000080f8       0x9d Output/ppi_pca10056 Debug/Obj/nrf_log_frontend.o
 *fill*         0x0000000000008195        0x3 
 .rodata        0x0000000000008198       0xaa Output/ppi_pca10056 Debug/Obj/nrf_log_str_formatter.o
 *fill*         0x0000000000008242        0x2 
 .rodata        0x0000000000008244       0x81 Output/ppi_pca10056 Debug/Obj/boards.o
 *fill*         0x00000000000082c5        0x3 
 .rodata.m_board_led_list
                0x00000000000082c8        0x4 Output/ppi_pca10056 Debug/Obj/boards.o
 .rodata.m_board_btn_list
                0x00000000000082cc        0x4 Output/ppi_pca10056 Debug/Obj/boards.o
 .rodata        0x00000000000082d0       0x70 Output/ppi_pca10056 Debug/Obj/app_error_weak.o
 .rodata        0x0000000000008340       0x64 Output/ppi_pca10056 Debug/Obj/app_util_platform.o
 .rodata        0x00000000000083a4       0x5f Output/ppi_pca10056 Debug/Obj/nrf_balloc.o
 *fill*         0x0000000000008403        0x1 
 .rodata        0x0000000000008404       0x55 Output/ppi_pca10056 Debug/Obj/nrf_fprintf.o
 *fill*         0x0000000000008459        0x3 
 .rodata        0x000000000000845c       0x5c Output/ppi_pca10056 Debug/Obj/nrf_fprintf_format.o
 .rodata._aV2C.7683
                0x00000000000084b8       0x10 Output/ppi_pca10056 Debug/Obj/nrf_fprintf_format.o
 .rodata        0x00000000000084c8       0x6c Output/ppi_pca10056 Debug/Obj/nrf_memobj.o
 .rodata.m_unknown_str
                0x0000000000008534       0x13 Output/ppi_pca10056 Debug/Obj/nrf_strerror.o
 *fill*         0x0000000000008547        0x1 
 .rodata        0x0000000000008548      0x3bd Output/ppi_pca10056 Debug/Obj/nrf_strerror.o
 *fill*         0x0000000000008905        0x3 
 .rodata.nrf_strerror_array
                0x0000000000008908      0x118 Output/ppi_pca10056 Debug/Obj/nrf_strerror.o
 .rodata.delay_bytecode.8084
                0x0000000000008a20        0x6 Output/ppi_pca10056 Debug/Obj/app_timer.o
 *fill*         0x0000000000008a26        0x2 
 .rodata        0x0000000000008a28       0xbd Output/ppi_pca10056 Debug/Obj/nrfx_ppi.o
 *fill*         0x0000000000008ae5        0x3 
 .rodata.__func__.8301
                0x0000000000008ae8       0x17 Output/ppi_pca10056 Debug/Obj/nrfx_ppi.o
 *fill*         0x0000000000008aff        0x1 
 .rodata.__func__.8313
                0x0000000000008b00       0x18 Output/ppi_pca10056 Debug/Obj/nrfx_ppi.o
 .rodata.__func__.8319
                0x0000000000008b18       0x1d Output/ppi_pca10056 Debug/Obj/nrfx_ppi.o
 *fill*         0x0000000000008b35        0x3 
 .rodata.__func__.8324
                0x0000000000008b38       0x18 Output/ppi_pca10056 Debug/Obj/nrfx_ppi.o
 .rodata        0x0000000000008b50       0x62 Output/ppi_pca10056 Debug/Obj/nrfx_prs.o
 *fill*         0x0000000000008bb2        0x2 
 .rodata        0x0000000000008bb4       0x94 Output/ppi_pca10056 Debug/Obj/nrfx_timer.o
 .rodata        0x0000000000008c48       0xc3 Output/ppi_pca10056 Debug/Obj/nrfx_uart.o
 *fill*         0x0000000000008d0b        0x1 
 .rodata.irq_handlers.8627
                0x0000000000008d0c        0x4 Output/ppi_pca10056 Debug/Obj/nrfx_uart.o
 .rodata        0x0000000000008d10       0xc4 Output/ppi_pca10056 Debug/Obj/nrfx_uarte.o
 .rodata.irq_handlers.8665
                0x0000000000008dd4        0x4 Output/ppi_pca10056 Debug/Obj/nrfx_uarte.o
 .rodata        0x0000000000008dd8       0xcd Output/ppi_pca10056 Debug/Obj/nrfx_gpiote.o
 *fill*         0x0000000000008ea5        0x3 
 .rodata        0x0000000000008ea8       0x66 Output/ppi_pca10056 Debug/Obj/nrf_drv_clock.o
 *fill*         0x0000000000008f0e        0x2 
 .rodata        0x0000000000008f10       0xae Output/ppi_pca10056 Debug/Obj/main.o
 *fill*         0x0000000000008fbe        0x2 
 .rodata.m_timer_id
                0x0000000000008fc0        0x4 Output/ppi_pca10056 Debug/Obj/main.o
 .rodata.m_timer1
                0x0000000000008fc4        0x8 Output/ppi_pca10056 Debug/Obj/main.o
 .rodata.m_timer2
                0x0000000000008fcc        0x8 Output/ppi_pca10056 Debug/Obj/main.o
 *fill*         0x0000000000008fd4        0xc 
 .rodata.delay_bytecode.7750
                0x0000000000008fe0        0x6 Output/ppi_pca10056 Debug/Obj/main.o
 *fill*         0x0000000000008fe6        0x2 
 .rodata        0x0000000000008fe8       0x17 Output/ppi_pca10056 Debug/Obj/SEGGER_RTT.o
 *fill*         0x0000000000008fff        0x1 
 .rodata.libc.__RAL_ascii_ctype_map
                0x0000000000009000       0x80 C:/Program Files/SEGGER/SEGGER Embedded Studio for ARM 3.40/lib/libc_v7em_fpv4_sp_d16_hard_t_le_eabi.a(libc2.o)
                0x0000000000009000                __RAL_ascii_ctype_map
 .rodata.libc.__RAL_ascii_ctype_mask
                0x0000000000009080        0xd C:/Program Files/SEGGER/SEGGER Embedded Studio for ARM 3.40/lib/libc_v7em_fpv4_sp_d16_hard_t_le_eabi.a(libc2.o)
 *fill*         0x000000000000908d        0x3 
 .rodata.libc.__RAL_c_locale
                0x0000000000009090        0xc C:/Program Files/SEGGER/SEGGER Embedded Studio for ARM 3.40/lib/libc_v7em_fpv4_sp_d16_hard_t_le_eabi.a(libc2.o)
                0x0000000000009090                __RAL_c_locale
 .rodata.libc.__RAL_c_locale_abbrev_day_names
                0x000000000000909c       0x1d C:/Program Files/SEGGER/SEGGER Embedded Studio for ARM 3.40/lib/libc_v7em_fpv4_sp_d16_hard_t_le_eabi.a(libc2.o)
                0x000000000000909c                __RAL_c_locale_abbrev_day_names
 *fill*         0x00000000000090b9        0x3 
 .rodata.libc.__RAL_c_locale_abbrev_month_names
                0x00000000000090bc       0x31 C:/Program Files/SEGGER/SEGGER Embedded Studio for ARM 3.40/lib/libc_v7em_fpv4_sp_d16_hard_t_le_eabi.a(libc2.o)
                0x00000000000090bc                __RAL_c_locale_abbrev_month_names
 *fill*         0x00000000000090ed        0x3 
 .rodata.libc.__RAL_c_locale_am_pm_indicator
                0x00000000000090f0        0x7 C:/Program Files/SEGGER/SEGGER Embedded Studio for ARM 3.40/lib/libc_v7em_fpv4_sp_d16_hard_t_le_eabi.a(libc2.o)
                0x00000000000090f0                __RAL_c_locale_am_pm_indicator
 *fill*         0x00000000000090f7        0x1 
 .rodata.libc.__RAL_c_locale_data
                0x00000000000090f8       0x58 C:/Program Files/SEGGER/SEGGER Embedded Studio for ARM 3.40/lib/libc_v7em_fpv4_sp_d16_hard_t_le_eabi.a(libc2.o)
                0x00000000000090f8                __RAL_c_locale_data
 .rodata.libc.__RAL_c_locale_date_format
                0x0000000000009150        0x9 C:/Program Files/SEGGER/SEGGER Embedded Studio for ARM 3.40/lib/libc_v7em_fpv4_sp_d16_hard_t_le_eabi.a(libc2.o)
                0x0000000000009150                __RAL_c_locale_date_format
 *fill*         0x0000000000009159        0x3 
 .rodata.libc.__RAL_c_locale_date_time_format
                0x000000000000915c        0xf C:/Program Files/SEGGER/SEGGER Embedded Studio for ARM 3.40/lib/libc_v7em_fpv4_sp_d16_hard_t_le_eabi.a(libc2.o)
                0x000000000000915c                __RAL_c_locale_date_time_format
 *fill*         0x000000000000916b        0x1 
 .rodata.libc.__RAL_c_locale_day_names
                0x000000000000916c       0x3a C:/Program Files/SEGGER/SEGGER Embedded Studio for ARM 3.40/lib/libc_v7em_fpv4_sp_d16_hard_t_le_eabi.a(libc2.o)
                0x000000000000916c                __RAL_c_locale_day_names
 *fill*         0x00000000000091a6        0x2 
 .rodata.libc.__RAL_c_locale_month_names
                0x00000000000091a8       0x57 C:/Program Files/SEGGER/SEGGER Embedded Studio for ARM 3.40/lib/libc_v7em_fpv4_sp_d16_hard_t_le_eabi.a(libc2.o)
                0x00000000000091a8                __RAL_c_locale_month_names
 *fill*         0x00000000000091ff        0x1 
 .rodata.libc.__RAL_c_locale_time_format
                0x0000000000009200        0x9 C:/Program Files/SEGGER/SEGGER Embedded Studio for ARM 3.40/lib/libc_v7em_fpv4_sp_d16_hard_t_le_eabi.a(libc2.o)
                0x0000000000009200                __RAL_c_locale_time_format
 *fill*         0x0000000000009209        0x3 
 .rodata.libc.__RAL_codeset_ascii
                0x000000000000920c       0x20 C:/Program Files/SEGGER/SEGGER Embedded Studio for ARM 3.40/lib/libc_v7em_fpv4_sp_d16_hard_t_le_eabi.a(libc2.o)
                0x000000000000920c                __RAL_codeset_ascii
 .rodata.libc.__RAL_data_empty_string
                0x000000000000922c        0x1 C:/Program Files/SEGGER/SEGGER Embedded Studio for ARM 3.40/lib/libc_v7em_fpv4_sp_d16_hard_t_le_eabi.a(libc2.o)
                0x000000000000922c                __RAL_data_empty_string
 *fill*         0x000000000000922d        0x3 
 .rodata.libc.__RAL_data_utf8_period
                0x0000000000009230        0x2 C:/Program Files/SEGGER/SEGGER Embedded Studio for ARM 3.40/lib/libc_v7em_fpv4_sp_d16_hard_t_le_eabi.a(libc2.o)
                0x0000000000009230                __RAL_data_utf8_period
 *fill*         0x0000000000009232        0x2 
 .rodata.libc.__RAL_find_locale.str1.4
                0x0000000000009234        0xc C:/Program Files/SEGGER/SEGGER Embedded Studio for ARM 3.40/lib/libc_v7em_fpv4_sp_d16_hard_t_le_eabi.a(libc2.o)
                                          0xa (size before relaxing)
                0x0000000000009240                __rodata_end__ = (__rodata_start__ + SIZEOF (.rodata))
                0x0000000000001284                __rodata_size__ = SIZEOF (.rodata)
                0x0000000000009240                __rodata_load_end__ = __rodata_end__

.rel.dyn        0x0000000000009240        0x0
 .rel.iplt      0x0000000000009240        0x0 Output/ppi_pca10056 Debug/Obj/thumb_crt0.o
                0x0000000000000001                . = ASSERT (((__rodata_start__ == __rodata_end__) || ((__rodata_end__ >= __FLASH_segment_start__) && (__rodata_end__ <= __FLASH_segment_end__))), error: .rodata is too large to fit in FLASH memory segment)
                0x0000000000009240                __ARM.exidx_load_start__ = ALIGN (__rodata_end__, 0x4)

.ARM.exidx      0x0000000000009240        0x0
                0x0000000000009240                __ARM.exidx_start__ = .
                0x0000000000009240                __exidx_start = __ARM.exidx_start__
 *(.ARM.exidx .ARM.exidx.*)
                0x0000000000009240                __ARM.exidx_end__ = (__ARM.exidx_start__ + SIZEOF (.ARM.exidx))
                0x0000000000000000                __ARM.exidx_size__ = SIZEOF (.ARM.exidx)
                0x0000000000009240                __exidx_end = __ARM.exidx_end__
                0x0000000000009240                __ARM.exidx_load_end__ = __ARM.exidx_end__
                0x0000000000000001                . = ASSERT (((__ARM.exidx_start__ == __ARM.exidx_end__) || ((__ARM.exidx_end__ >= __FLASH_segment_start__) && (__ARM.exidx_end__ <= __FLASH_segment_end__))), error: .ARM.exidx is too large to fit in FLASH memory segment)
                0x0000000000009240                __fast_load_start__ = ALIGN (__ARM.exidx_end__, 0x4)

.fast           0x0000000020000020        0x0 load address 0x0000000000009240
                0x0000000020000020                __fast_start__ = .
 *(.fast .fast.*)
                0x0000000020000020                __fast_end__ = (__fast_start__ + SIZEOF (.fast))
                0x0000000000000000                __fast_size__ = SIZEOF (.fast)
                0x0000000000009240                __fast_load_end__ = (__fast_load_start__ + SIZEOF (.fast))
                0x0000000000000001                . = ASSERT (((__fast_load_start__ == __fast_load_end__) || ((__fast_load_end__ >= __FLASH_segment_start__) && (__fast_load_end__ <= __FLASH_segment_end__))), error: .fast is too large to fit in FLASH memory segment)

.fast_run       0x0000000020000020        0x0
                0x0000000020000020                __fast_run_start__ = .
                0x0000000020000020                . = MAX ((__fast_run_start__ + SIZEOF (.fast)), .)
                0x0000000020000020                __fast_run_end__ = (__fast_run_start__ + SIZEOF (.fast_run))
                0x0000000000000000                __fast_run_size__ = SIZEOF (.fast_run)
                0x0000000020000020                __fast_run_load_end__ = __fast_run_end__
                0x0000000000000001                . = ASSERT (((__fast_run_start__ == __fast_run_end__) || ((__fast_run_end__ >= __RAM_segment_start__) && (__fast_run_end__ <= __RAM_segment_end__))), error: .fast_run is too large to fit in RAM memory segment)
                0x0000000000009240                __data_load_start__ = ALIGN ((__fast_load_start__ + SIZEOF (.fast)), 0x4)

.data           0x0000000020000020       0x7c load address 0x0000000000009240
                0x0000000020000020                __data_start__ = .
 *(.data .data.* .gnu.linkonce.d.*)
 .data.m_uart   0x0000000020000020       0x14 Output/ppi_pca10056 Debug/Obj/nrf_log_backend_uart.o
                0x0000000020000020                m_uart
 .data.rtt_log_backend
                0x0000000020000034        0xc Output/ppi_pca10056 Debug/Obj/nrf_log_default_backends.o
 .data.uart_log_backend
                0x0000000020000040        0xc Output/ppi_pca10056 Debug/Obj/nrf_log_default_backends.o
 .data.severity_names
                0x000000002000004c       0x14 Output/ppi_pca10056 Debug/Obj/nrf_log_str_formatter.o
 .data.m_colors
                0x0000000020000060       0x24 Output/ppi_pca10056 Debug/Obj/nrf_log_str_formatter.o
 .data.SystemCoreClock
                0x0000000020000084        0x4 Output/ppi_pca10056 Debug/Obj/system_nrf52840.o
                0x0000000020000084                SystemCoreClock
 .data.libc.__RAL_global_locale
                0x0000000020000088       0x14 C:/Program Files/SEGGER/SEGGER Embedded Studio for ARM 3.40/lib/libc_v7em_fpv4_sp_d16_hard_t_le_eabi.a(libc2.o)
                0x0000000020000088                __RAL_global_locale
                0x000000002000009c                __data_end__ = (__data_start__ + SIZEOF (.data))
                0x000000000000007c                __data_size__ = SIZEOF (.data)
                0x00000000000092bc                __data_load_end__ = (__data_load_start__ + SIZEOF (.data))

.igot.plt       0x0000000100000000        0x0
 .igot.plt      0x0000000100000000        0x0 Output/ppi_pca10056 Debug/Obj/thumb_crt0.o
                0x0000000000000001                . = ASSERT (((__data_load_start__ == __data_load_end__) || ((__data_load_end__ >= __FLASH_segment_start__) && (__data_load_end__ <= __FLASH_segment_end__))), error: .data is too large to fit in FLASH memory segment)

.data_run       0x0000000020000020       0x7c load address 0x0000000000009240
                0x0000000020000020                __data_run_start__ = .
                0x000000002000009c                . = MAX ((__data_run_start__ + SIZEOF (.data)), .)
 *fill*         0x0000000020000020       0x7c 
                0x000000002000009c                __data_run_end__ = (__data_run_start__ + SIZEOF (.data_run))
                0x000000000000007c                __data_run_size__ = SIZEOF (.data_run)