Archive member included to satisfy reference by file (symbol)

C:/Program Files/SEGGER/SEGGER Embedded Studio for ARM 3.40/lib/libc_v7em_fpv4_sp_d16_hard_t_le_eabi.a(libc2.o)
                              Output/ppi_pca10056 Release/Obj/nrf_log_str_formatter.o (isprint)
C:/Program Files/SEGGER/SEGGER Embedded Studio for ARM 3.40/lib/libc_v7em_fpv4_sp_d16_hard_t_le_eabi.a(libc2_asm.o)
                              Output/ppi_pca10056 Release/Obj/nrf_log_frontend.o (memcpy)
C:/Program Files/SEGGER/SEGGER Embedded Studio for ARM 3.40/lib/libc_v7em_fpv4_sp_d16_hard_t_le_eabi.a(libc.o)
                              C:/Program Files/SEGGER/SEGGER Embedded Studio for ARM 3.40/lib/libc_v7em_fpv4_sp_d16_hard_t_le_eabi.a(libc2.o) (__heap_lock)
C:/Program Files/SEGGER/SEGGER Embedded Studio for ARM 3.40/lib/libc_v7em_fpv4_sp_d16_hard_t_le_eabi.a(libc_asm.o)
                              C:/Program Files/SEGGER/SEGGER Embedded Studio for ARM 3.40/lib/libc_v7em_fpv4_sp_d16_hard_t_le_eabi.a(libc2.o) (__aeabi_uldivmod)
C:/Program Files/SEGGER/SEGGER Embedded Studio for ARM 3.40/lib/libdebugio_v7em_fpv4_sp_d16_hard_t_le_eabi.a(libdebugio.o)
                              Output/ppi_pca10056 Release/Obj/thumb_crt0.o (debug_fopen)
C:/Program Files/SEGGER/SEGGER Embedded Studio for ARM 3.40/lib/libdebugio_mempoll_v7em_fpv4_sp_d16_hard_t_le_eabi.a(mempoll_debug_operations.o)
                              C:/Program Files/SEGGER/SEGGER Embedded Studio for ARM 3.40/lib/libdebugio_v7em_fpv4_sp_d16_hard_t_le_eabi.a(libdebugio.o) (__do_debug_operation)
C:/Program Files/SEGGER/SEGGER Embedded Studio for ARM 3.40/lib/libdebugio_mempoll_v7em_fpv4_sp_d16_hard_t_le_eabi.a(do_nv_debug_operation.o)
                              C:/Program Files/SEGGER/SEGGER Embedded Studio for ARM 3.40/lib/libdebugio_v7em_fpv4_sp_d16_hard_t_le_eabi.a(libdebugio.o) (__do_nvdebug_operation)
C:/Program Files/SEGGER/SEGGER Embedded Studio for ARM 3.40/lib/libm_v7em_fpv4_sp_d16_hard_t_le_eabi.a(libm_asm.o)
                              C:/Program Files/SEGGER/SEGGER Embedded Studio for ARM 3.40/lib/libc_v7em_fpv4_sp_d16_hard_t_le_eabi.a(libc2.o) (__aeabi_i2d)
C:/Program Files/SEGGER/SEGGER Embedded Studio for ARM 3.40/lib/libm_v7em_fpv4_sp_d16_hard_t_le_eabi.a(libm2.o)
                              C:/Program Files/SEGGER/SEGGER Embedded Studio for ARM 3.40/lib/libvfprintf_v7em_fpv4_sp_d16_hard_t_le_eabi.o (frexp)
C:/Program Files/SEGGER/SEGGER Embedded Studio for ARM 3.40/lib/libm_v7em_fpv4_sp_d16_hard_t_le_eabi.a(libm2_asm.o)
                              C:/Program Files/SEGGER/SEGGER Embedded Studio for ARM 3.40/lib/libm_v7em_fpv4_sp_d16_hard_t_le_eabi.a(libm2.o) (fabs)

Discarded input sections

 .text          0x0000000000000000        0x0 Output/ppi_pca10056 Release/Obj/thumb_crt0.o
 .data          0x0000000000000000        0x0 Output/ppi_pca10056 Release/Obj/thumb_crt0.o
 .bss           0x0000000000000000        0x0 Output/ppi_pca10056 Release/Obj/thumb_crt0.o
 .text.__aeabi_read_tp
                0x0000000000000000        0x8 Output/ppi_pca10056 Release/Obj/thumb_crt0.o
 .text.abort    0x0000000000000000        0x2 Output/ppi_pca10056 Release/Obj/thumb_crt0.o
 .text.__assert
                0x0000000000000000        0x2 Output/ppi_pca10056 Release/Obj/thumb_crt0.o
 .text.__aeabi_assert
                0x0000000000000000        0x2 Output/ppi_pca10056 Release/Obj/thumb_crt0.o
 .text.__sync_synchronize
                0x0000000000000000        0x2 Output/ppi_pca10056 Release/Obj/thumb_crt0.o
 .text.__getchar
                0x0000000000000000        0x4 Output/ppi_pca10056 Release/Obj/thumb_crt0.o
 .text.__putchar
                0x0000000000000000        0x4 Output/ppi_pca10056 Release/Obj/thumb_crt0.o
 .text.__open   0x0000000000000000        0x4 Output/ppi_pca10056 Release/Obj/thumb_crt0.o
 .text.__close  0x0000000000000000        0x4 Output/ppi_pca10056 Release/Obj/thumb_crt0.o
 .text.__write  0x0000000000000000        0xa Output/ppi_pca10056 Release/Obj/thumb_crt0.o
 .text.__read   0x0000000000000000        0xa Output/ppi_pca10056 Release/Obj/thumb_crt0.o
 .text.__seek   0x0000000000000000       0x1a Output/ppi_pca10056 Release/Obj/thumb_crt0.o
 .bss.__user_locale_name_buffer
                0x0000000000000000        0x4 Output/ppi_pca10056 Release/Obj/thumb_crt0.o
 .stack         0x0000000000000000        0x0 Output/ppi_pca10056 Release/Obj/thumb_crt0.o
 .stack_process
                0x0000000000000000        0x0 Output/ppi_pca10056 Release/Obj/thumb_crt0.o
 .heap          0x0000000000000000        0x0 Output/ppi_pca10056 Release/Obj/thumb_crt0.o
 .group         0x0000000000000000        0xc Output/ppi_pca10056 Release/Obj/nrf_log_backend_rtt.o
 .group         0x0000000000000000        0xc Output/ppi_pca10056 Release/Obj/nrf_log_backend_rtt.o
 .group         0x0000000000000000        0xc Output/ppi_pca10056 Release/Obj/nrf_log_backend_rtt.o
 .group         0x0000000000000000        0xc Output/ppi_pca10056 Release/Obj/nrf_log_backend_rtt.o
[...]
Memory Configuration

Name             Origin             Length             Attributes
UNPLACED_SECTIONS 0x0000000100000000 0x0000000000000000 xw
RAM              0x0000000020000000 0x0000000000040000 xw
FLASH            0x0000000000000000 0x0000000000100000 xw
*default*        0x0000000000000000 0xffffffffffffffff

Linker script and memory map

                0x0000000000000000                __vfprintf = __vfprintf_long
                0x0000000000000000                __vfscanf = __vfscanf_int
                0x0000000020000000                __RAM_segment_start__ = 0x20000000
                0x0000000020040000                __RAM_segment_end__ = 0x20040000
                0x0000000000040000                __RAM_segment_size__ = 0x40000
                0x0000000000000000                __FLASH_segment_start__ = 0x0
                0x0000000000100000                __FLASH_segment_end__ = 0x100000
                0x0000000000100000                __FLASH_segment_size__ = 0x100000
                0x0000000000002000                __HEAPSIZE__ = 0x2000
                0x0000000000000000                __STACKSIZE_PROCESS__ = 0x0
                0x0000000000002000                __STACKSIZE__ = 0x2000
                0x0000000020000008                __vectors_ram_load_start__ = 0x20000008

.vectors_ram    0x0000000020000008        0x0
                0x0000000020000008                __vectors_ram_start__ = .
                0x0000000020000008                __app_ram_start__ = __vectors_ram_start__
 *(.vectors_ram .vectors_ram.*)
                0x0000000020000008                __vectors_ram_end__ = (__vectors_ram_start__ + SIZEOF (.vectors_ram))
                0x0000000000000000                __vectors_ram_size__ = SIZEOF (.vectors_ram)
                0x0000000020000008                __vectors_ram_load_end__ = __vectors_ram_end__
                0x0000000000000001                . = ASSERT (((__vectors_ram_start__ == __vectors_ram_end__) || ((__vectors_ram_end__ >= __RAM_segment_start__) && (__vectors_ram_end__ <= __RAM_segment_end__))), error: .vectors_ram is too large to fit in RAM memory segment)
                0x0000000020000008                __nrf_sections_run_load_start__ = ALIGN (__vectors_ram_end__, 0x4)

.nrf_sections_run
                0x0000000020000008        0x0
                0x0000000020000008                __nrf_sections_run_start__ = .
                0x0000000020000008                __start_nrf_sections_run = __nrf_sections_run_start__
 *(.nrf_sections_run .nrf_sections_run.*)
                0x0000000020000008                __nrf_sections_run_end__ = (__nrf_sections_run_start__ + SIZEOF (.nrf_sections_run))
                0x0000000000000000                __nrf_sections_run_size__ = SIZEOF (.nrf_sections_run)
                0x0000000020000008                __nrf_sections_run_load_end__ = __nrf_sections_run_end__
                0x0000000000000001                . = ASSERT (((__nrf_sections_run_start__ == __nrf_sections_run_end__) || ((__nrf_sections_run_end__ >= __RAM_segment_start__) && (__nrf_sections_run_end__ <= __RAM_segment_end__))), error: .nrf_sections_run is too large to fit in RAM memory segment)
                0x0000000000001000                __vectors_load_start__ = 0x1000

.vectors        0x0000000000001000      0x100
                0x0000000000001000                __vectors_start__ = .
 *(.vectors .vectors.*)
 .vectors       0x0000000000001000      0x100 Output/ppi_pca10056 Release/Obj/ses_nrf52840_Vectors.o
                0x0000000000001000                _vectors
                0x0000000000001100                __vectors_end__ = (__vectors_start__ + SIZEOF (.vectors))
                0x0000000000000100                __vectors_size__ = SIZEOF (.vectors)
                0x0000000000001100                __vectors_load_end__ = __vectors_end__
                0x0000000000000001                . = ASSERT (((__vectors_start__ == __vectors_end__) || ((__vectors_end__ >= __FLASH_segment_start__) && (__vectors_end__ <= __FLASH_segment_end__))), error: .vectors is too large to fit in FLASH memory segment)
                0x0000000000001100                __init_load_start__ = ALIGN (__vectors_end__, 0x4)

.init           0x0000000000001100      0x224
                0x0000000000001100                __init_start__ = .
 *(.init .init.*)
 .init          0x0000000000001100      0x160 Output/ppi_pca10056 Release/Obj/thumb_crt0.o
                0x0000000000001100                _start
                0x00000000000011b6                exit
 .init          0x0000000000001260       0x58 Output/ppi_pca10056 Release/Obj/ses_nRF_Startup.o
                0x0000000000001260                Reset_Handler
                0x0000000000001284                InitializeUserMemorySections
 .init          0x00000000000012b8       0x6c Output/ppi_pca10056 Release/Obj/ses_nrf52840_Vectors.o
                0x00000000000012b8                NMI_Handler
                0x00000000000012ba                HardFault_Handler
                0x00000000000012bc                MemoryManagement_Handler
                0x00000000000012be                BusFault_Handler
                0x00000000000012c0                UsageFault_Handler
                0x00000000000012c2                SVC_Handler
                0x00000000000012c4                DebugMon_Handler
                0x00000000000012c6                PendSV_Handler
                0x00000000000012c8                SysTick_Handler
                0x00000000000012cc                POWER_CLOCK_IRQHandler
                0x00000000000012ce                RADIO_IRQHandler
                0x00000000000012d4                SPIM1_SPIS1_TWIM1_TWIS1_SPI1_TWI1_IRQHandler
                0x00000000000012d6                NFCT_IRQHandler
                0x00000000000012da                SAADC_IRQHandler
                0x00000000000012e2                RTC0_IRQHandler
                0x00000000000012e4                TEMP_IRQHandler
                0x00000000000012e6                RNG_IRQHandler
                0x00000000000012e8                ECB_IRQHandler
                0x00000000000012ea                CCM_AAR_IRQHandler
                0x00000000000012ec                WDT_IRQHandler
                0x00000000000012f0                QDEC_IRQHandler
                0x00000000000012f2                COMP_LPCOMP_IRQHandler
                0x00000000000012f6                SWI1_EGU1_IRQHandler
                0x00000000000012f8                SWI2_EGU2_IRQHandler
                0x00000000000012fa                SWI3_EGU3_IRQHandler
                0x00000000000012fc                SWI4_EGU4_IRQHandler
                0x00000000000012fe                SWI5_EGU5_IRQHandler
                0x0000000000001300                TIMER3_IRQHandler
                0x0000000000001302                TIMER4_IRQHandler
                0x0000000000001304                PWM0_IRQHandler
                0x0000000000001306                PDM_IRQHandler
                0x0000000000001308                MWU_IRQHandler
                0x000000000000130a                PWM1_IRQHandler
                0x000000000000130c                PWM2_IRQHandler
                0x000000000000130e                SPIM2_SPIS2_SPI2_IRQHandler
                0x0000000000001310                RTC2_IRQHandler
                0x0000000000001312                I2S_IRQHandler
                0x0000000000001314                FPU_IRQHandler
                0x0000000000001316                USBD_IRQHandler
                0x0000000000001318                UARTE1_IRQHandler
                0x000000000000131a                QSPI_IRQHandler
                0x000000000000131c                CRYPTOCELL_IRQHandler
                0x000000000000131e                SPIM3_IRQHandler
                0x0000000000001320                PWM3_IRQHandler
                0x0000000000001324                __init_end__ = (__init_start__ + SIZEOF (.init))
                0x0000000000000224                __init_size__ = SIZEOF (.init)
                0x0000000000001324                __init_load_end__ = __init_end__
                0x0000000000000001                . = ASSERT (((__init_start__ == __init_end__) || ((__init_end__ >= __FLASH_segment_start__) && (__init_end__ <= __FLASH_segment_end__))), error: .init is too large to fit in FLASH memory segment)
                0x0000000000001324                __init_rodata_load_start__ = ALIGN (__init_end__, 0x4)

.init_rodata    0x0000000000001324        0x0
                0x0000000000001324                __init_rodata_start__ = .
 *(.init_rodata .init_rodata.*)
                0x0000000000001324                __init_rodata_end__ = (__init_rodata_start__ + SIZEOF (.init_rodata))
                0x0000000000000000                __init_rodata_size__ = SIZEOF (.init_rodata)
                0x0000000000001324                __init_rodata_load_end__ = __init_rodata_end__
                0x0000000000000001                . = ASSERT (((__init_rodata_start__ == __init_rodata_end__) || ((__init_rodata_end__ >= __FLASH_segment_start__) && (__init_rodata_end__ <= __FLASH_segment_end__))), error: .init_rodata is too large to fit in FLASH memory segment)
                0x0000000000001324                __text_load_start__ = ALIGN (__init_rodata_end__, 0x4)

.text           0x0000000000001324     0x2f3a
                0x0000000000001324                __text_start__ = .
 *(.text .text.* .glue_7t .glue_7 .gnu.linkonce.t.* .gcc_except_table .ARM.extab* .gnu.linkonce.armextab.*)
 .glue_7        0x0000000000001324        0x0 linker stubs
 .glue_7t       0x0000000000001324        0x0 linker stubs
 .text.nrf_log_backend_rtt_flush
                0x0000000000001324        0x2 Output/ppi_pca10056 Release/Obj/nrf_log_backend_rtt.o
 *fill*         0x0000000000001326        0x2 
 .text.nrf_log_backend_rtt_put
                0x0000000000001328       0x1c Output/ppi_pca10056 Release/Obj/nrf_log_backend_rtt.o
 .text.serial_tx
                0x0000000000001344       0x50 Output/ppi_pca10056 Release/Obj/nrf_log_backend_rtt.o
 .text.nrf_log_backend_rtt_panic_set
                0x0000000000001394        0x2 Output/ppi_pca10056 Release/Obj/nrf_log_backend_rtt.o
 .text.nrf_log_backend_rtt_init
                0x0000000000001396        0x4 Output/ppi_pca10056 Release/Obj/nrf_log_backend_rtt.o
                0x0000000000001396                nrf_log_backend_rtt_init
 .text.nrf_log_backend_serial_put
                0x000000000000139a       0xcc Output/ppi_pca10056 Release/Obj/nrf_log_backend_serial.o
                0x000000000000139a                nrf_log_backend_serial_put
 *fill*         0x0000000000001466        0x2 
 .text.nrf_log_default_backends_init
                0x0000000000001468       0x1c Output/ppi_pca10056 Release/Obj/nrf_log_default_backends.o
                0x0000000000001468                nrf_log_default_backends_init
 .text.invalid_packets_pushed_str_omit
                0x0000000000001484       0x50 Output/ppi_pca10056 Release/Obj/nrf_log_frontend.o
 .text.buf_prealloc
                0x00000000000014d4      0x12c Output/ppi_pca10056 Release/Obj/nrf_log_frontend.o
 .text.nrf_log_init
                0x0000000000001600       0x54 Output/ppi_pca10056 Release/Obj/nrf_log_frontend.o
                0x0000000000001600                nrf_log_init
 .text.nrf_log_module_name_get
                0x0000000000001654       0x3c Output/ppi_pca10056 Release/Obj/nrf_log_frontend.o
                0x0000000000001654                nrf_log_module_name_get
 .text.nrf_log_color_id_get
                0x0000000000001690       0x2c Output/ppi_pca10056 Release/Obj/nrf_log_frontend.o
                0x0000000000001690                nrf_log_color_id_get
 .text.buffer_is_empty
                0x00000000000016bc       0x14 Output/ppi_pca10056 Release/Obj/nrf_log_frontend.o
                0x00000000000016bc                buffer_is_empty
 .text.nrf_log_frontend_dequeue
                0x00000000000016d0      0x210 Output/ppi_pca10056 Release/Obj/nrf_log_frontend.o
                0x00000000000016d0                nrf_log_frontend_dequeue
 .text.std_n    0x00000000000018e0       0xb0 Output/ppi_pca10056 Release/Obj/nrf_log_frontend.o
 .text.nrf_log_frontend_std_0
                0x0000000000001990        0x8 Output/ppi_pca10056 Release/Obj/nrf_log_frontend.o
                0x0000000000001990                nrf_log_frontend_std_0
 .text.nrf_log_frontend_std_1
                0x0000000000001998       0x14 Output/ppi_pca10056 Release/Obj/nrf_log_frontend.o
                0x0000000000001998                nrf_log_frontend_std_1
 .text.nrf_log_frontend_std_2
                0x00000000000019ac       0x14 Output/ppi_pca10056 Release/Obj/nrf_log_frontend.o
                0x00000000000019ac                nrf_log_frontend_std_2
 .text.nrf_log_frontend_std_3
                0x00000000000019c0       0x18 Output/ppi_pca10056 Release/Obj/nrf_log_frontend.o
                0x00000000000019c0                nrf_log_frontend_std_3
 .text.nrf_log_backend_add
                0x00000000000019d8       0x44 Output/ppi_pca10056 Release/Obj/nrf_log_frontend.o
                0x00000000000019d8                nrf_log_backend_add
 .text.nrf_log_panic
                0x0000000000001a1c       0x28 Output/ppi_pca10056 Release/Obj/nrf_log_frontend.o
                0x0000000000001a1c                nrf_log_panic
 .text.postfix_process
                0x0000000000001a44       0x3c Output/ppi_pca10056 Release/Obj/nrf_log_str_formatter.o
 .text.prefix_process
                0x0000000000001a80       0x78 Output/ppi_pca10056 Release/Obj/nrf_log_str_formatter.o
 .text.nrf_log_std_entry_process
                0x0000000000001af8       0xc8 Output/ppi_pca10056 Release/Obj/nrf_log_str_formatter.o
                0x0000000000001af8                nrf_log_std_entry_process
 .text.nrf_log_hexdump_entry_process
                0x0000000000001bc0       0xac Output/ppi_pca10056 Release/Obj/nrf_log_str_formatter.o
                0x0000000000001bc0                nrf_log_hexdump_entry_process
 .text.bsp_board_led_off
                0x0000000000001c6c       0x28 Output/ppi_pca10056 Release/Obj/boards.o
                0x0000000000001c6c                bsp_board_led_off
 .text.bsp_board_leds_off
                0x0000000000001c94       0x1e Output/ppi_pca10056 Release/Obj/boards.o
                0x0000000000001c94                bsp_board_leds_off
 *fill*         0x0000000000001cb2        0x2 
 .text.bsp_board_led_invert
                0x0000000000001cb4       0x34 Output/ppi_pca10056 Release/Obj/boards.o
                0x0000000000001cb4                bsp_board_led_invert
 .text.bsp_board_button_state_get
                0x0000000000001ce8       0x14 Output/ppi_pca10056 Release/Obj/boards.o
                0x0000000000001ce8                bsp_board_button_state_get
 .text.bsp_board_init
                0x0000000000001cfc       0xac Output/ppi_pca10056 Release/Obj/boards.o
                0x0000000000001cfc                bsp_board_init
 .text.app_error_handler_bare
                0x0000000000001da8       0x1a Output/ppi_pca10056 Release/Obj/app_error.o
                0x0000000000001da8                app_error_handler_bare
 *fill*         0x0000000000001dc2        0x2 
 .text.app_error_fault_handler
                0x0000000000001dc4       0x6c Output/ppi_pca10056 Release/Obj/app_error_weak.o
                0x0000000000001dc4                app_error_fault_handler
 .text.app_util_disable_irq
                0x0000000000001e30       0x10 Output/ppi_pca10056 Release/Obj/app_util_platform.o
                0x0000000000001e30                app_util_disable_irq
 .text.app_util_enable_irq
                0x0000000000001e40       0x14 Output/ppi_pca10056 Release/Obj/app_util_platform.o
                0x0000000000001e40                app_util_enable_irq
 .text.app_util_critical_region_enter
                0x0000000000001e54        0x4 Output/ppi_pca10056 Release/Obj/app_util_platform.o
                0x0000000000001e54                app_util_critical_region_enter
 .text.app_util_critical_region_exit
                0x0000000000001e58        0x4 Output/ppi_pca10056 Release/Obj/app_util_platform.o
                0x0000000000001e58                app_util_critical_region_exit
 .text.nrf_atomic_u32_fetch_store
                0x0000000000001e5c       0x14 Output/ppi_pca10056 Release/Obj/nrf_atomic.o
                0x0000000000001e5c                nrf_atomic_u32_fetch_store
 .text.nrf_atomic_u32_or
                0x0000000000001e70       0x16 Output/ppi_pca10056 Release/Obj/nrf_atomic.o
                0x0000000000001e70                nrf_atomic_u32_or
 .text.nrf_atomic_u32_fetch_and
                0x0000000000001e86       0x16 Output/ppi_pca10056 Release/Obj/nrf_atomic.o
                0x0000000000001e86                nrf_atomic_u32_fetch_and
 .text.nrf_atomic_u32_add
                0x0000000000001e9c       0x16 Output/ppi_pca10056 Release/Obj/nrf_atomic.o
                0x0000000000001e9c                nrf_atomic_u32_add
 .text.nrf_atomic_u32_sub
                0x0000000000001eb2       0x16 Output/ppi_pca10056 Release/Obj/nrf_atomic.o
                0x0000000000001eb2                nrf_atomic_u32_sub
 .text.nrf_atomic_flag_set
                0x0000000000001ec8        0x6 Output/ppi_pca10056 Release/Obj/nrf_atomic.o
                0x0000000000001ec8                nrf_atomic_flag_set
 .text.nrf_atomic_flag_clear_fetch
                0x0000000000001ece        0x6 Output/ppi_pca10056 Release/Obj/nrf_atomic.o
                0x0000000000001ece                nrf_atomic_flag_clear_fetch
 .text.nrf_balloc_init
                0x0000000000001ed4       0x2e Output/ppi_pca10056 Release/Obj/nrf_balloc.o
                0x0000000000001ed4                nrf_balloc_init
 .text.nrf_balloc_alloc
                0x0000000000001f02       0x40 Output/ppi_pca10056 Release/Obj/nrf_balloc.o
                0x0000000000001f02                nrf_balloc_alloc
 .text.nrf_balloc_free
                0x0000000000001f42       0x2a Output/ppi_pca10056 Release/Obj/nrf_balloc.o
                0x0000000000001f42                nrf_balloc_free
 .text.nrf_fprintf_buffer_flush
                0x0000000000001f6c       0x16 Output/ppi_pca10056 Release/Obj/nrf_fprintf.o
                0x0000000000001f6c                nrf_fprintf_buffer_flush
 .text.nrf_fprintf
                0x0000000000001f82       0x1e Output/ppi_pca10056 Release/Obj/nrf_fprintf.o
                0x0000000000001f82                nrf_fprintf
 .text.buffer_add
                0x0000000000001fa0       0x1e Output/ppi_pca10056 Release/Obj/nrf_fprintf_format.o
 *fill*         0x0000000000001fbe        0x2 
 .text.unsigned_print
                0x0000000000001fc0       0xac Output/ppi_pca10056 Release/Obj/nrf_fprintf_format.o
 .text.nrf_fprintf_fmt
                0x000000000000206c      0x28a Output/ppi_pca10056 Release/Obj/nrf_fprintf_format.o
                0x000000000000206c                nrf_fprintf_fmt
 .text.nrf_memobj_pool_init
                0x00000000000022f6        0x4 Output/ppi_pca10056 Release/Obj/nrf_memobj.o
                0x00000000000022f6                nrf_memobj_pool_init
 .text.nrf_memobj_free
                0x00000000000022fa       0x2c Output/ppi_pca10056 Release/Obj/nrf_memobj.o
                0x00000000000022fa                nrf_memobj_free
 .text.nrf_memobj_alloc
                0x0000000000002326       0x5e Output/ppi_pca10056 Release/Obj/nrf_memobj.o
                0x0000000000002326                nrf_memobj_alloc
 .text.nrf_memobj_get
                0x0000000000002384        0x8 Output/ppi_pca10056 Release/Obj/nrf_memobj.o
                0x0000000000002384                nrf_memobj_get
 .text.nrf_memobj_put
                0x000000000000238c       0x1e Output/ppi_pca10056 Release/Obj/nrf_memobj.o
                0x000000000000238c                nrf_memobj_put
 .text.nrf_memobj_write
                0x00000000000023aa       0x52 Output/ppi_pca10056 Release/Obj/nrf_memobj.o
                0x00000000000023aa                nrf_memobj_write
 .text.nrf_memobj_read
                0x00000000000023fc       0x52 Output/ppi_pca10056 Release/Obj/nrf_memobj.o
                0x00000000000023fc                nrf_memobj_read
 *fill*         0x000000000000244e        0x2 
 .text.nrf_strerror_find
                0x0000000000002450       0x3c Output/ppi_pca10056 Release/Obj/nrf_strerror.o
                0x0000000000002450                nrf_strerror_find
 .text.nrf_strerror_get
                0x000000000000248c       0x14 Output/ppi_pca10056 Release/Obj/nrf_strerror.o
                0x000000000000248c                nrf_strerror_get
 .text.user_op_alloc
                0x00000000000024a0       0x2c Output/ppi_pca10056 Release/Obj/app_timer.o
 .text.nrfx_coredep_delay_us.constprop.3
                0x00000000000024cc       0x10 Output/ppi_pca10056 Release/Obj/app_timer.o
 .text.rtc1_stop
                0x00000000000024dc       0x44 Output/ppi_pca10056 Release/Obj/app_timer.o
 .text.RTC1_IRQHandler
                0x0000000000002520       0x9c Output/ppi_pca10056 Release/Obj/app_timer.o
                0x0000000000002520                RTC1_IRQHandler
 .text.SWI0_EGU0_IRQHandler
                0x00000000000025bc      0x2ac Output/ppi_pca10056 Release/Obj/app_timer.o
                0x00000000000025bc                SWI0_EGU0_IRQHandler
 .text.app_timer_init
                0x0000000000002868       0x60 Output/ppi_pca10056 Release/Obj/app_timer.o
                0x0000000000002868                app_timer_init
 .text.app_timer_create
                0x00000000000028c8       0x24 Output/ppi_pca10056 Release/Obj/app_timer.o
                0x00000000000028c8                app_timer_create
 .text.app_timer_start
                0x00000000000028ec       0x84 Output/ppi_pca10056 Release/Obj/app_timer.o
                0x00000000000028ec                app_timer_start
 .text.nrf_drv_ppi_init
                0x0000000000002970       0x14 Output/ppi_pca10056 Release/Obj/nrf_drv_ppi.o
                0x0000000000002970                nrf_drv_ppi_init
 .text.nrfx_ppi_channel_alloc
                0x0000000000002984       0x98 Output/ppi_pca10056 Release/Obj/nrfx_ppi.o
                0x0000000000002984                nrfx_ppi_channel_alloc
 .text.nrfx_ppi_channel_assign
                0x0000000000002a1c       0x84 Output/ppi_pca10056 Release/Obj/nrfx_ppi.o
                0x0000000000002a1c                nrfx_ppi_channel_assign
 .text.nrfx_ppi_channel_fork_assign
                0x0000000000002aa0       0x74 Output/ppi_pca10056 Release/Obj/nrfx_ppi.o
                0x0000000000002aa0                nrfx_ppi_channel_fork_assign
 .text.nrfx_ppi_channel_enable
                0x0000000000002b14       0x58 Output/ppi_pca10056 Release/Obj/nrfx_ppi.o
                0x0000000000002b14                nrfx_ppi_channel_enable
 .text.UARTE0_UART0_IRQHandler
                0x0000000000002b6c        0xc Output/ppi_pca10056 Release/Obj/nrfx_prs.o
                0x0000000000002b6c                UARTE0_UART0_IRQHandler
 .text.nrfx_prs_acquire
                0x0000000000002b78       0x34 Output/ppi_pca10056 Release/Obj/nrfx_prs.o
                0x0000000000002b78                nrfx_prs_acquire
 .text.irq_handler.constprop.0
                0x0000000000002bac       0x4c Output/ppi_pca10056 Release/Obj/nrfx_timer.o
 .text.nrfx_timer_init
                0x0000000000002bf8       0xdc Output/ppi_pca10056 Release/Obj/nrfx_timer.o
                0x0000000000002bf8                nrfx_timer_init
 .text.nrfx_timer_enable
                0x0000000000002cd4       0x1c Output/ppi_pca10056 Release/Obj/nrfx_timer.o
                0x0000000000002cd4                nrfx_timer_enable
 .text.nrfx_timer_clear
                0x0000000000002cf0        0x8 Output/ppi_pca10056 Release/Obj/nrfx_timer.o
                0x0000000000002cf0                nrfx_timer_clear
 .text.nrfx_timer_compare
                0x0000000000002cf8       0x32 Output/ppi_pca10056 Release/Obj/nrfx_timer.o
                0x0000000000002cf8                nrfx_timer_compare
 .text.nrfx_timer_extended_compare
                0x0000000000002d2a       0x2c Output/ppi_pca10056 Release/Obj/nrfx_timer.o
                0x0000000000002d2a                nrfx_timer_extended_compare
 *fill*         0x0000000000002d56        0x2 
 .text.TIMER1_IRQHandler
                0x0000000000002d58       0x10 Output/ppi_pca10056 Release/Obj/nrfx_timer.o
                0x0000000000002d58                TIMER1_IRQHandler
 .text.TIMER2_IRQHandler
                0x0000000000002d68       0x10 Output/ppi_pca10056 Release/Obj/nrfx_timer.o
                0x0000000000002d68                TIMER2_IRQHandler
 .text.nrf_gpiote_event_clear
                0x0000000000002d78       0x18 Output/ppi_pca10056 Release/Obj/nrfx_gpiote.o
 .text.nrf_gpio_pin_port_decode
                0x0000000000002d90       0x18 Output/ppi_pca10056 Release/Obj/nrfx_gpiote.o
 .text.nrf_gpio_cfg_sense_set
                0x0000000000002da8       0x32 Output/ppi_pca10056 Release/Obj/nrfx_gpiote.o
 *fill*         0x0000000000002dda        0x2 
 .text.channel_free
                0x0000000000002ddc       0x1c Output/ppi_pca10056 Release/Obj/nrfx_gpiote.o
 .text.nrfx_gpiote_init
                0x0000000000002df8       0x70 Output/ppi_pca10056 Release/Obj/nrfx_gpiote.o
                0x0000000000002df8                nrfx_gpiote_init
 .text.nrfx_gpiote_out_uninit
                0x0000000000002e68       0x6c Output/ppi_pca10056 Release/Obj/nrfx_gpiote.o
                0x0000000000002e68                nrfx_gpiote_out_uninit
 .text.nrfx_gpiote_in_init
                0x0000000000002ed4      0x10c Output/ppi_pca10056 Release/Obj/nrfx_gpiote.o
                0x0000000000002ed4                nrfx_gpiote_in_init
 .text.nrfx_gpiote_in_event_enable
                0x0000000000002fe0       0x94 Output/ppi_pca10056 Release/Obj/nrfx_gpiote.o
                0x0000000000002fe0                nrfx_gpiote_in_event_enable
 .text.nrfx_gpiote_in_event_disable
                0x0000000000003074       0x44 Output/ppi_pca10056 Release/Obj/nrfx_gpiote.o
                0x0000000000003074                nrfx_gpiote_in_event_disable
 .text.nrfx_gpiote_in_uninit
                0x00000000000030b8       0x74 Output/ppi_pca10056 Release/Obj/nrfx_gpiote.o
                0x00000000000030b8                nrfx_gpiote_in_uninit
 .text.nrfx_gpiote_uninit
                0x000000000000312c       0x38 Output/ppi_pca10056 Release/Obj/nrfx_gpiote.o
                0x000000000000312c                nrfx_gpiote_uninit
 .text.nrfx_gpiote_in_event_addr_get
                0x0000000000003164       0x28 Output/ppi_pca10056 Release/Obj/nrfx_gpiote.o
                0x0000000000003164                nrfx_gpiote_in_event_addr_get
 .text.GPIOTE_IRQHandler
                0x000000000000318c      0x19c Output/ppi_pca10056 Release/Obj/nrfx_gpiote.o
                0x000000000000318c                GPIOTE_IRQHandler
 .text.spim_evt_handler
                0x0000000000003328       0x3c Output/ppi_pca10056 Release/Obj/nrf_drv_spi.o
 .text.nrf_drv_spi_init
                0x0000000000003364       0x80 Output/ppi_pca10056 Release/Obj/nrf_drv_spi.o
                0x0000000000003364                nrf_drv_spi_init
 .text.nrf_gpio_pin_set
                0x00000000000033e4       0x20 Output/ppi_pca10056 Release/Obj/nrfx_spim.o
 .text.nrf_gpio_pin_clear
                0x0000000000003404       0x20 Output/ppi_pca10056 Release/Obj/nrfx_spim.o
 .text.SPIM0_SPIS0_TWIM0_TWIS0_SPI0_TWI0_IRQHandler
                0x0000000000003424       0x58 Output/ppi_pca10056 Release/Obj/nrfx_spim.o
                0x0000000000003424                SPIM0_SPIS0_TWIM0_TWIS0_SPI0_TWI0_IRQHandler
 .text.nrfx_spim_init
                0x000000000000347c      0x1fc Output/ppi_pca10056 Release/Obj/nrfx_spim.o
                0x000000000000347c                nrfx_spim_init
 .text.nrfx_spim_xfer
                0x0000000000003678      0x114 Output/ppi_pca10056 Release/Obj/nrfx_spim.o
                0x0000000000003678                nrfx_spim_xfer
 .text.timer1_event_handler
                0x000000000000378c        0x2 Output/ppi_pca10056 Release/Obj/main.o
 *fill*         0x000000000000378e        0x2 
 .text.gpiote_event_handler
                0x0000000000003790       0x30 Output/ppi_pca10056 Release/Obj/main.o
 .text.spi_event_handler
                0x00000000000037c0       0x18 Output/ppi_pca10056 Release/Obj/main.o
                0x00000000000037c0                spi_event_handler
 .text.nrf_gpio_cfg_output.constprop.7
                0x00000000000037d8        0xc Output/ppi_pca10056 Release/Obj/main.o
 .text.nrf_gpio_pin_set.constprop.6
                0x00000000000037e4        0xe Output/ppi_pca10056 Release/Obj/main.o
 *fill*         0x00000000000037f2        0x2 
 .text.timer2_event_handler
                0x00000000000037f4      0x1c8 Output/ppi_pca10056 Release/Obj/main.o
 .text.TIMER0_IRQHandler
                0x00000000000039bc       0x38 Output/ppi_pca10056 Release/Obj/main.o
                0x00000000000039bc                TIMER0_IRQHandler
 .text.set_irq_us
                0x00000000000039f4       0x40 Output/ppi_pca10056 Release/Obj/main.o
                0x00000000000039f4                set_irq_us
 .text.irq_init
                0x0000000000003a34       0x6c Output/ppi_pca10056 Release/Obj/main.o
                0x0000000000003a34                irq_init
 .text.gpiote_init
                0x0000000000003aa0       0x44 Output/ppi_pca10056 Release/Obj/main.o
                0x0000000000003aa0                gpiote_init
 .text.timer_timeout_handler
                0x0000000000003ae4       0x80 Output/ppi_pca10056 Release/Obj/main.o
 .text.startup.main
                0x0000000000003b64      0x198 Output/ppi_pca10056 Release/Obj/main.o
                0x0000000000003b64                main
 .text._GetAvailWriteSpace
                0x0000000000003cfc       0x1c Output/ppi_pca10056 Release/Obj/SEGGER_RTT.o
 .text._WriteNoCheck
                0x0000000000003d18       0x3a Output/ppi_pca10056 Release/Obj/SEGGER_RTT.o
 .text._WriteBlocking
                0x0000000000003d52       0x52 Output/ppi_pca10056 Release/Obj/SEGGER_RTT.o
 .text._DoInit  0x0000000000003da4       0x60 Output/ppi_pca10056 Release/Obj/SEGGER_RTT.o
 .text.SEGGER_RTT_WriteNoLock
                0x0000000000003e04       0x68 Output/ppi_pca10056 Release/Obj/SEGGER_RTT.o
                0x0000000000003e04                SEGGER_RTT_WriteNoLock
 .text.SEGGER_RTT_Init
                0x0000000000003e6c        0x4 Output/ppi_pca10056 Release/Obj/SEGGER_RTT.o
                0x0000000000003e6c                SEGGER_RTT_Init
 .text.errata_98
                0x0000000000003e70       0x20 Output/ppi_pca10056 Release/Obj/system_nrf52840.o
 .text.SystemInit
                0x0000000000003e90      0x1b8 Output/ppi_pca10056 Release/Obj/system_nrf52840.o
                0x0000000000003e90                SystemInit
 .text.libc.__RAL_ascii_isctype
                0x0000000000004048       0x1c C:/Program Files/SEGGER/SEGGER Embedded Studio for ARM 3.40/lib/libc_v7em_fpv4_sp_d16_hard_t_le_eabi.a(libc2.o)
 .text.libc.__RAL_ascii_toupper
                0x0000000000004064        0xc C:/Program Files/SEGGER/SEGGER Embedded Studio for ARM 3.40/lib/libc_v7em_fpv4_sp_d16_hard_t_le_eabi.a(libc2.o)
 .text.libc.__RAL_ascii_tolower
                0x0000000000004070        0xc C:/Program Files/SEGGER/SEGGER Embedded Studio for ARM 3.40/lib/libc_v7em_fpv4_sp_d16_hard_t_le_eabi.a(libc2.o)
 .text.libc.__RAL_ascii_iswctype
                0x000000000000407c       0x1c C:/Program Files/SEGGER/SEGGER Embedded Studio for ARM 3.40/lib/libc_v7em_fpv4_sp_d16_hard_t_le_eabi.a(libc2.o)
 .text.libc.__RAL_ascii_towupper
                0x0000000000004098        0xc C:/Program Files/SEGGER/SEGGER Embedded Studio for ARM 3.40/lib/libc_v7em_fpv4_sp_d16_hard_t_le_eabi.a(libc2.o)
 .text.libc.__RAL_ascii_towlower
                0x00000000000040a4        0xc C:/Program Files/SEGGER/SEGGER Embedded Studio for ARM 3.40/lib/libc_v7em_fpv4_sp_d16_hard_t_le_eabi.a(libc2.o)
 .text.libc.__RAL_ascii_wctomb
                0x00000000000040b0        0xe C:/Program Files/SEGGER/SEGGER Embedded Studio for ARM 3.40/lib/libc_v7em_fpv4_sp_d16_hard_t_le_eabi.a(libc2.o)
                0x00000000000040b0                __RAL_ascii_wctomb
 .text.libc.__RAL_ascii_mbtowc
                0x00000000000040be       0x24 C:/Program Files/SEGGER/SEGGER Embedded Studio for ARM 3.40/lib/libc_v7em_fpv4_sp_d16_hard_t_le_eabi.a(libc2.o)
                0x00000000000040be                __RAL_ascii_mbtowc
 *fill*         0x00000000000040e2        0x2 
 .text.libc.__RAL_isctype
                0x00000000000040e4       0x14 C:/Program Files/SEGGER/SEGGER Embedded Studio for ARM 3.40/lib/libc_v7em_fpv4_sp_d16_hard_t_le_eabi.a(libc2.o)
                0x00000000000040e4                __RAL_isctype
 .text.libc.isprint
                0x00000000000040f8        0xa C:/Program Files/SEGGER/SEGGER Embedded Studio for ARM 3.40/lib/libc_v7em_fpv4_sp_d16_hard_t_le_eabi.a(libc2.o)
                0x00000000000040f8                isprint
 .text.libc.memcpy
                0x0000000000004102       0x52 C:/Program Files/SEGGER/SEGGER Embedded Studio for ARM 3.40/lib/libc_v7em_fpv4_sp_d16_hard_t_le_eabi.a(libc2_asm.o)
                0x0000000000004102                __aeabi_memcpy
                0x0000000000004102                memcpy
                0x000000000000410e                __aeabi_memcpy8
                0x000000000000410e                __aeabi_memcpy4
 .text.libc.memset
                0x0000000000004154       0x66 C:/Program Files/SEGGER/SEGGER Embedded Studio for ARM 3.40/lib/libc_v7em_fpv4_sp_d16_hard_t_le_eabi.a(libc2_asm.o)
                0x0000000000004154                memset
 .text.libc.strcpy
                0x00000000000041ba       0x44 C:/Program Files/SEGGER/SEGGER Embedded Studio for ARM 3.40/lib/libc_v7em_fpv4_sp_d16_hard_t_le_eabi.a(libc2_asm.o)
                0x00000000000041ba                strcpy
 .text.libc.strlen
                0x00000000000041fe       0x60 C:/Program Files/SEGGER/SEGGER Embedded Studio for ARM 3.40/lib/libc_v7em_fpv4_sp_d16_hard_t_le_eabi.a(libc2_asm.o)
                0x00000000000041fe                strlen
                0x000000000000425e                __text_end__ = (__text_start__ + SIZEOF (.text))
                0x0000000000002f3a                __text_size__ = SIZEOF (.text)
                0x000000000000425e                __text_load_end__ = __text_end__

.vfp11_veneer   0x0000000100000000        0x0
 .vfp11_veneer  0x0000000100000000        0x0 linker stubs

.v4_bx          0x0000000100000000        0x0
 .v4_bx         0x0000000100000000        0x0 linker stubs

.iplt           0x0000000100000000        0x0
 .iplt          0x0000000100000000        0x0 Output/ppi_pca10056 Release/Obj/thumb_crt0.o
                0x0000000000000001                . = ASSERT (((__text_start__ == __text_end__) || ((__text_end__ >= __FLASH_segment_start__) && (__text_end__ <= __FLASH_segment_end__))), error: .text is too large to fit in FLASH memory segment)
                0x0000000000004260                __log_const_data_load_start__ = ALIGN (__text_end__, 0x4)

.log_const_data
                0x0000000000004260       0x48
                0x0000000000004260                __log_const_data_start__ = .
                0x0000000000004260                __start_log_const_data = __log_const_data_start__
 *(SORT_BY_NAME(.log_const_data*))
 .log_const_data_GPIOTE
                0x0000000000004260        0x8 Output/ppi_pca10056 Release/Obj/nrfx_gpiote.o
                0x0000000000004260                m_nrf_log_GPIOTE_logs_data_const
 .log_const_data_PRS
                0x0000000000004268        0x8 Output/ppi_pca10056 Release/Obj/nrfx_prs.o
                0x0000000000004268                m_nrf_log_PRS_logs_data_const
 .log_const_data_SPIM
                0x0000000000004270        0x8 Output/ppi_pca10056 Release/Obj/nrfx_spim.o
                0x0000000000004270                m_nrf_log_SPIM_logs_data_const
 .log_const_data_TIMER
                0x0000000000004278        0x8 Output/ppi_pca10056 Release/Obj/nrfx_timer.o
                0x0000000000004278                m_nrf_log_TIMER_logs_data_const
 .log_const_data_UART
                0x0000000000004280        0x8 Output/ppi_pca10056 Release/Obj/nrfx_uart.o
                0x0000000000004280                m_nrf_log_UART_logs_data_const
 .log_const_data_UARTE
                0x0000000000004288        0x8 Output/ppi_pca10056 Release/Obj/nrfx_uarte.o
                0x0000000000004288                m_nrf_log_UARTE_logs_data_const
 .log_const_data_app
                0x0000000000004290        0x8 Output/ppi_pca10056 Release/Obj/nrf_log_frontend.o
                0x0000000000004290                m_nrf_log_app_logs_data_const
 .log_const_data_balloc_log_mempool
                0x0000000000004298        0x8 Output/ppi_pca10056 Release/Obj/nrf_log_frontend.o
                0x0000000000004298                m_nrf_log_balloc_log_mempool_logs_data_const
 .log_const_data_clock
                0x00000000000042a0        0x8 Output/ppi_pca10056 Release/Obj/nrf_drv_clock.o
                0x00000000000042a0                m_nrf_log_clock_logs_data_const
                0x00000000000042a8                __log_const_data_end__ = (__log_const_data_start__ + SIZEOF (.log_const_data))
                0x0000000000000048                __log_const_data_size__ = SIZEOF (.log_const_data)
                0x00000000000042a8                __stop_log_const_data = __log_const_data_end__
                0x00000000000042a8                __log_const_data_load_end__ = __log_const_data_end__
                0x0000000000000001                . = ASSERT (((__log_const_data_start__ == __log_const_data_end__) || ((__log_const_data_end__ >= __FLASH_segment_start__) && (__log_const_data_end__ <= __FLASH_segment_end__))), error: .log_const_data is too large to fit in FLASH memory segment)
                0x00000000000042a8                __nrf_balloc_load_start__ = ALIGN (__log_const_data_end__, 0x4)

.nrf_balloc     0x00000000000042a8       0x18
                0x00000000000042a8                __nrf_balloc_start__ = .
                0x00000000000042a8                __start_nrf_balloc = __nrf_balloc_start__
 *(.nrf_balloc*)
 .nrf_balloc    0x00000000000042a8       0x18 Output/ppi_pca10056 Release/Obj/nrf_log_frontend.o
                0x00000000000042a8                log_mempool
                0x00000000000042c0                __nrf_balloc_end__ = (__nrf_balloc_start__ + SIZEOF (.nrf_balloc))
                0x0000000000000018                __nrf_balloc_size__ = SIZEOF (.nrf_balloc)
                0x00000000000042c0                __stop_nrf_balloc = __nrf_balloc_end__
                0x00000000000042c0                __nrf_balloc_load_end__ = __nrf_balloc_end__
                0x0000000000000001                . = ASSERT (((__nrf_balloc_start__ == __nrf_balloc_end__) || ((__nrf_balloc_end__ >= __FLASH_segment_start__) && (__nrf_balloc_end__ <= __FLASH_segment_end__))), error: .nrf_balloc is too large to fit in FLASH memory segment)
                0x00000000000042c0                __nrf_sections_load_start__ = ALIGN (__nrf_balloc_end__, 0x4)

.nrf_sections   0x00000000000042c0        0x0
                0x00000000000042c0                __nrf_sections_start__ = .
                0x00000000000042c0                __start_nrf_sections = __nrf_sections_start__
 *(.nrf_sections .nrf_sections.*)
                0x00000000000042c0                __nrf_sections_end__ = (__nrf_sections_start__ + SIZEOF (.nrf_sections))
                0x0000000000000000                __nrf_sections_size__ = SIZEOF (.nrf_sections)
                0x00000000000042c0                __nrf_sections_load_end__ = __nrf_sections_end__
                0x0000000000000001                . = ASSERT (((__nrf_sections_start__ == __nrf_sections_end__) || ((__nrf_sections_end__ >= __FLASH_segment_start__) && (__nrf_sections_end__ <= __FLASH_segment_end__))), error: .nrf_sections is too large to fit in FLASH memory segment)
                0x00000000000042c0                __log_dynamic_data_load_start__ = ALIGN (__nrf_sections_end__, 0x4)

.log_dynamic_data
                0x0000000020000008       0x24 load address 0x00000000000042c0
                0x0000000020000008                __log_dynamic_data_start__ = .
 *(SORT_BY_NAME(.log_dynamic_data*))
 .log_dynamic_data_GPIOTE
                0x0000000020000008        0x4 Output/ppi_pca10056 Release/Obj/nrfx_gpiote.o
                0x0000000020000008                m_nrf_log_GPIOTE_logs_data_dynamic
 .log_dynamic_data_PRS
                0x000000002000000c        0x4 Output/ppi_pca10056 Release/Obj/nrfx_prs.o
                0x000000002000000c                m_nrf_log_PRS_logs_data_dynamic
 .log_dynamic_data_SPIM
                0x0000000020000010        0x4 Output/ppi_pca10056 Release/Obj/nrfx_spim.o
                0x0000000020000010                m_nrf_log_SPIM_logs_data_dynamic
 .log_dynamic_data_TIMER
                0x0000000020000014        0x4 Output/ppi_pca10056 Release/Obj/nrfx_timer.o
                0x0000000020000014                m_nrf_log_TIMER_logs_data_dynamic
 .log_dynamic_data_UART
                0x0000000020000018        0x4 Output/ppi_pca10056 Release/Obj/nrfx_uart.o
                0x0000000020000018                m_nrf_log_UART_logs_data_dynamic
 .log_dynamic_data_UARTE
                0x000000002000001c        0x4 Output/ppi_pca10056 Release/Obj/nrfx_uarte.o
                0x000000002000001c                m_nrf_log_UARTE_logs_data_dynamic
 .log_dynamic_data_app
                0x0000000020000020        0x4 Output/ppi_pca10056 Release/Obj/nrf_log_frontend.o
                0x0000000020000020                m_nrf_log_app_logs_data_dynamic
 .log_dynamic_data_balloc_log_mempool
                0x0000000020000024        0x4 Output/ppi_pca10056 Release/Obj/nrf_log_frontend.o
                0x0000000020000024                m_nrf_log_balloc_log_mempool_logs_data_dynamic
 .log_dynamic_data_clock
                0x0000000020000028        0x4 Output/ppi_pca10056 Release/Obj/nrf_drv_clock.o
                0x0000000020000028                m_nrf_log_clock_logs_data_dynamic
                0x000000002000002c                __log_dynamic_data_end__ = (__log_dynamic_data_start__ + SIZEOF (.log_dynamic_data))
                0x0000000000000024                __log_dynamic_data_size__ = SIZEOF (.log_dynamic_data)
                0x00000000000042e4                __log_dynamic_data_load_end__ = (__log_dynamic_data_load_start__ + SIZEOF (.log_dynamic_data))
                0x0000000000000001                . = ASSERT (((__log_dynamic_data_load_start__ == __log_dynamic_data_load_end__) || ((__log_dynamic_data_load_end__ >= __FLASH_segment_start__) && (__log_dynamic_data_load_end__ <= __FLASH_segment_end__))), error: .log_dynamic_data is too large to fit in FLASH memory segment)

.log_dynamic_data_run
                0x0000000020000008       0x24 load address 0x00000000000042c0
                0x0000000020000008                __log_dynamic_data_run_start__ = .
                0x0000000020000008                __start_log_dynamic_data = __log_dynamic_data_run_start__
                0x000000002000002c                . = MAX ((__log_dynamic_data_run_start__ + SIZEOF (.log_dynamic_data)), .)
 *fill*         0x0000000020000008       0x24 
                0x000000002000002c                __log_dynamic_data_run_end__ = (__log_dynamic_data_run_start__ + SIZEOF (.log_dynamic_data_run))
                0x0000000000000024                __log_dynamic_data_run_size__ = SIZEOF (.log_dynamic_data_run)
                0x000000002000002c                __stop_log_dynamic_data = __log_dynamic_data_run_end__
                0x000000002000002c                __log_dynamic_data_run_load_end__ = __log_dynamic_data_run_end__
                0x0000000000000001                . = ASSERT (((__log_dynamic_data_run_start__ == __log_dynamic_data_run_end__) || ((__log_dynamic_data_run_end__ >= __RAM_segment_start__) && (__log_dynamic_data_run_end__ <= __RAM_segment_end__))), error: .log_dynamic_data_run is too large to fit in RAM memory segment)
                0x000000002000002c                __nrf_sections_run_end_load_start__ = ALIGN (__log_dynamic_data_run_end__, 0x4)

.nrf_sections_run_end
                0x000000002000002c        0x0
                0x000000002000002c                __nrf_sections_run_end_start__ = .
                0x000000002000002c                __end_nrf_sections_run = __nrf_sections_run_end_start__
 *(.nrf_sections_run_end .nrf_sections_run_end.*)
                0x000000002000002c                __nrf_sections_run_end_end__ = (__nrf_sections_run_end_start__ + SIZEOF (.nrf_sections_run_end))
                0x0000000000000000                __nrf_sections_run_end_size__ = SIZEOF (.nrf_sections_run_end)
                0x000000002000002c                __nrf_sections_run_end_load_end__ = __nrf_sections_run_end_end__
                0x0000000000000001                . = ASSERT (((__nrf_sections_run_end_start__ == __nrf_sections_run_end_end__) || ((__nrf_sections_run_end_end__ >= __RAM_segment_start__) && (__nrf_sections_run_end_end__ <= __RAM_segment_end__))), error: .nrf_sections_run_end is too large to fit in RAM memory segment)
                0x00000000000042e4                __dtors_load_start__ = ALIGN ((__log_dynamic_data_load_start__ + SIZEOF (.log_dynamic_data)), 0x4)

.dtors          0x00000000000042e4        0x0
                0x00000000000042e4                __dtors_start__ = .
 *(SORT_BY_NAME(.dtors.*))
 *(.dtors)
 *(.fini_array)
 *(SORT_BY_NAME(.fini_array.*))
                0x00000000000042e4                __dtors_end__ = (__dtors_start__ + SIZEOF (.dtors))
                0x0000000000000000                __dtors_size__ = SIZEOF (.dtors)
                0x00000000000042e4                __dtors_load_end__ = __dtors_end__
                0x0000000000000001                . = ASSERT (((__dtors_start__ == __dtors_end__) || ((__dtors_end__ >= __FLASH_segment_start__) && (__dtors_end__ <= __FLASH_segment_end__))), error: .dtors is too large to fit in FLASH memory segment)
                0x00000000000042e4                __ctors_load_start__ = ALIGN (__dtors_end__, 0x4)

.ctors          0x00000000000042e4        0x0
                0x00000000000042e4                __ctors_start__ = .
 *(SORT_BY_NAME(.ctors.*))
 *(.ctors)
 *(.init_array)
 *(SORT_BY_NAME(.init_array.*))
                0x00000000000042e4                __ctors_end__ = (__ctors_start__ + SIZEOF (.ctors))
                0x0000000000000000                __ctors_size__ = SIZEOF (.ctors)
                0x00000000000042e4                __ctors_load_end__ = __ctors_end__
                0x0000000000000001                . = ASSERT (((__ctors_start__ == __ctors_end__) || ((__ctors_end__ >= __FLASH_segment_start__) && (__ctors_end__ <= __FLASH_segment_end__))), error: .ctors is too large to fit in FLASH memory segment)
                0x00000000000042e4                __rodata_load_start__ = ALIGN (__ctors_end__, 0x4)

.rodata         0x00000000000042e4      0xa90
                0x00000000000042e4                __rodata_start__ = .
 *(.rodata .rodata.* .gnu.linkonce.r.*)
 *fill*         0x00000000000042e4        0xc 
 .rodata.delay_bytecode.8353
                0x00000000000042f0        0x6 Output/ppi_pca10056 Release/Obj/nrf_log_backend_rtt.o
 *fill*         0x00000000000042f6        0x2 
 .rodata.nrf_log_backend_rtt_api
                0x00000000000042f8        0xc Output/ppi_pca10056 Release/Obj/nrf_log_backend_rtt.o
                0x00000000000042f8                nrf_log_backend_rtt_api
 .rodata.nrf_log_frontend_dequeue.str1.1
                0x0000000000004304       0x11 Output/ppi_pca10056 Release/Obj/nrf_log_frontend.o
 .rodata.str1.1
                0x0000000000004315       0x17 Output/ppi_pca10056 Release/Obj/nrf_log_frontend.o
 .rodata.m_colors
                0x000000000000432c       0x24 Output/ppi_pca10056 Release/Obj/nrf_log_str_formatter.o
 .rodata.nrf_log_hexdump_entry_process.str1.1
                0x0000000000004350        0xf Output/ppi_pca10056 Release/Obj/nrf_log_str_formatter.o
                                         0x11 (size before relaxing)
 .rodata.postfix_process.str1.1
                0x000000000000435f        0x8 Output/ppi_pca10056 Release/Obj/nrf_log_str_formatter.o
                                          0xb (size before relaxing)
 .rodata.prefix_process.str1.1
                0x0000000000004367       0x2a Output/ppi_pca10056 Release/Obj/nrf_log_str_formatter.o
 *fill*         0x0000000000004391        0x3 
 .rodata.severity_names
                0x0000000000004394       0x14 Output/ppi_pca10056 Release/Obj/nrf_log_str_formatter.o
 .rodata.str1.1
                0x00000000000043a8       0x4b Output/ppi_pca10056 Release/Obj/nrf_log_str_formatter.o
                                         0x51 (size before relaxing)
 .rodata.m_board_led_list
                0x00000000000043f3        0x4 Output/ppi_pca10056 Release/Obj/boards.o
 .rodata.app_error_fault_handler.str1.1
                0x00000000000043f7       0x19 Output/ppi_pca10056 Release/Obj/app_error_weak.o
 .rodata._aV2C.7683
                0x0000000000004410       0x10 Output/ppi_pca10056 Release/Obj/nrf_fprintf_format.o
 .rodata.m_unknown_str
                0x0000000000004420       0x13 Output/ppi_pca10056 Release/Obj/nrf_strerror.o
 *fill*         0x0000000000004433        0x1 
 .rodata.nrf_strerror_array
                0x0000000000004434      0x118 Output/ppi_pca10056 Release/Obj/nrf_strerror.o
 .rodata.str1.1
                0x000000000000454c      0x391 Output/ppi_pca10056 Release/Obj/nrf_strerror.o
 *fill*         0x00000000000048dd        0x3 
 .rodata.delay_bytecode.8084
                0x00000000000048e0        0x6 Output/ppi_pca10056 Release/Obj/app_timer.o
 .rodata.__func__.8301
                0x00000000000048e6       0x17 Output/ppi_pca10056 Release/Obj/nrfx_ppi.o
 .rodata.__func__.8313
                0x00000000000048fd       0x18 Output/ppi_pca10056 Release/Obj/nrfx_ppi.o
 .rodata.__func__.8319
                0x0000000000004915       0x1d Output/ppi_pca10056 Release/Obj/nrfx_ppi.o
 .rodata.__func__.8324
                0x0000000000004932       0x18 Output/ppi_pca10056 Release/Obj/nrfx_ppi.o
 .rodata.nrfx_ppi_channel_alloc.str1.1
                0x000000000000494a       0x35 Output/ppi_pca10056 Release/Obj/nrfx_ppi.o
 .rodata.nrfx_ppi_channel_assign.str1.1
                0x000000000000497f       0x3f Output/ppi_pca10056 Release/Obj/nrfx_ppi.o
 .rodata.nrfx_ppi_channel_fork_assign.str1.1
                0x00000000000049be       0x2f Output/ppi_pca10056 Release/Obj/nrfx_ppi.o
 .rodata.str1.1
                0x00000000000049ed        0x4 Output/ppi_pca10056 Release/Obj/nrfx_prs.o
 .rodata.str1.1
                0x00000000000049f1        0x6 Output/ppi_pca10056 Release/Obj/nrfx_timer.o
 .rodata.str1.1
                0x00000000000049f7        0x5 Output/ppi_pca10056 Release/Obj/nrfx_uart.o
 .rodata.str1.1
                0x00000000000049fc        0x6 Output/ppi_pca10056 Release/Obj/nrfx_uarte.o
 .rodata.str1.1
                0x0000000000004a02        0x7 Output/ppi_pca10056 Release/Obj/nrfx_gpiote.o
 .rodata.str1.1
                0x0000000000004a09        0x6 Output/ppi_pca10056 Release/Obj/nrf_drv_clock.o
 *fill*         0x0000000000004a0f        0x1 
 .rodata        0x0000000000004a10       0x10 Output/ppi_pca10056 Release/Obj/nrf_drv_spi.o
 .rodata.str1.1
                0x0000000000004a20        0x5 Output/ppi_pca10056 Release/Obj/nrfx_spim.o
 *fill*         0x0000000000004a25        0x3 
 .rodata        0x0000000000004a28       0x10 Output/ppi_pca10056 Release/Obj/main.o
 .rodata.m_spi0
                0x0000000000004a38       0x10 Output/ppi_pca10056 Release/Obj/main.o
 .rodata.m_timer1
                0x0000000000004a48        0x8 Output/ppi_pca10056 Release/Obj/main.o
 .rodata.m_timer2
                0x0000000000004a50        0x8 Output/ppi_pca10056 Release/Obj/main.o
 .rodata.m_timer_id
                0x0000000000004a58        0x4 Output/ppi_pca10056 Release/Obj/main.o
 .rodata.spi_event_handler.str1.1
                0x0000000000004a5c       0x14 Output/ppi_pca10056 Release/Obj/main.o
 .rodata.timer2_event_handler.str1.1
                0x0000000000004a70       0x96 Output/ppi_pca10056 Release/Obj/main.o
 .rodata.timer_timeout_handler.str1.1
                0x0000000000004b06       0x17 Output/ppi_pca10056 Release/Obj/main.o
 .rodata._DoInit.str1.1
                0x0000000000004b1d       0x14 Output/ppi_pca10056 Release/Obj/SEGGER_RTT.o
 *fill*         0x0000000000004b31        0x3 
 .rodata.libc.__RAL_ascii_ctype_map
                0x0000000000004b34       0x80 C:/Program Files/SEGGER/SEGGER Embedded Studio for ARM 3.40/lib/libc_v7em_fpv4_sp_d16_hard_t_le_eabi.a(libc2.o)
                0x0000000000004b34                __RAL_ascii_ctype_map
 .rodata.libc.__RAL_ascii_ctype_mask
                0x0000000000004bb4        0xd C:/Program Files/SEGGER/SEGGER Embedded Studio for ARM 3.40/lib/libc_v7em_fpv4_sp_d16_hard_t_le_eabi.a(libc2.o)
 *fill*         0x0000000000004bc1        0x3 
 .rodata.libc.__RAL_c_locale
                0x0000000000004bc4        0xc C:/Program Files/SEGGER/SEGGER Embedded Studio for ARM 3.40/lib/libc_v7em_fpv4_sp_d16_hard_t_le_eabi.a(libc2.o)
                0x0000000000004bc4                __RAL_c_locale
 .rodata.libc.__RAL_c_locale_abbrev_day_names
                0x0000000000004bd0       0x1d C:/Program Files/SEGGER/SEGGER Embedded Studio for ARM 3.40/lib/libc_v7em_fpv4_sp_d16_hard_t_le_eabi.a(libc2.o)
                0x0000000000004bd0                __RAL_c_locale_abbrev_day_names
 *fill*         0x0000000000004bed        0x3 
 .rodata.libc.__RAL_c_locale_abbrev_month_names
                0x0000000000004bf0       0x31 C:/Program Files/SEGGER/SEGGER Embedded Studio for ARM 3.40/lib/libc_v7em_fpv4_sp_d16_hard_t_le_eabi.a(libc2.o)
                0x0000000000004bf0                __RAL_c_locale_abbrev_month_names
 *fill*         0x0000000000004c21        0x3 
 .rodata.libc.__RAL_c_locale_am_pm_indicator
                0x0000000000004c24        0x7 C:/Program Files/SEGGER/SEGGER Embedded Studio for ARM 3.40/lib/libc_v7em_fpv4_sp_d16_hard_t_le_eabi.a(libc2.o)
                0x0000000000004c24                __RAL_c_locale_am_pm_indicator
 *fill*         0x0000000000004c2b        0x1 
 .rodata.libc.__RAL_c_locale_data
                0x0000000000004c2c       0x58 C:/Program Files/SEGGER/SEGGER Embedded Studio for ARM 3.40/lib/libc_v7em_fpv4_sp_d16_hard_t_le_eabi.a(libc2.o)
                0x0000000000004c2c                __RAL_c_locale_data
 .rodata.libc.__RAL_c_locale_date_format
                0x0000000000004c84        0x9 C:/Program Files/SEGGER/SEGGER Embedded Studio for ARM 3.40/lib/libc_v7em_fpv4_sp_d16_hard_t_le_eabi.a(libc2.o)
                0x0000000000004c84                __RAL_c_locale_date_format
 *fill*         0x0000000000004c8d        0x3 
 .rodata.libc.__RAL_c_locale_date_time_format
                0x0000000000004c90        0xf C:/Program Files/SEGGER/SEGGER Embedded Studio for ARM 3.40/lib/libc_v7em_fpv4_sp_d16_hard_t_le_eabi.a(libc2.o)
                0x0000000000004c90                __RAL_c_locale_date_time_format
 *fill*         0x0000000000004c9f        0x1 
 .rodata.libc.__RAL_c_locale_day_names
                0x0000000000004ca0       0x3a C:/Program Files/SEGGER/SEGGER Embedded Studio for ARM 3.40/lib/libc_v7em_fpv4_sp_d16_hard_t_le_eabi.a(libc2.o)
                0x0000000000004ca0                __RAL_c_locale_day_names
 *fill*         0x0000000000004cda        0x2 
 .rodata.libc.__RAL_c_locale_month_names
                0x0000000000004cdc       0x57 C:/Program Files/SEGGER/SEGGER Embedded Studio for ARM 3.40/lib/libc_v7em_fpv4_sp_d16_hard_t_le_eabi.a(libc2.o)
                0x0000000000004cdc                __RAL_c_locale_month_names
 *fill*         0x0000000000004d33        0x1 
 .rodata.libc.__RAL_c_locale_time_format
                0x0000000000004d34        0x9 C:/Program Files/SEGGER/SEGGER Embedded Studio for ARM 3.40/lib/libc_v7em_fpv4_sp_d16_hard_t_le_eabi.a(libc2.o)
                0x0000000000004d34                __RAL_c_locale_time_format
 *fill*         0x0000000000004d3d        0x3 
 .rodata.libc.__RAL_codeset_ascii
                0x0000000000004d40       0x20 C:/Program Files/SEGGER/SEGGER Embedded Studio for ARM 3.40/lib/libc_v7em_fpv4_sp_d16_hard_t_le_eabi.a(libc2.o)
                0x0000000000004d40                __RAL_codeset_ascii
 .rodata.libc.__RAL_data_empty_string
                0x0000000000004d60        0x1 C:/Program Files/SEGGER/SEGGER Embedded Studio for ARM 3.40/lib/libc_v7em_fpv4_sp_d16_hard_t_le_eabi.a(libc2.o)
                0x0000000000004d60                __RAL_data_empty_string
 *fill*         0x0000000000004d61        0x3 
 .rodata.libc.__RAL_data_utf8_period
                0x0000000000004d64        0x2 C:/Program Files/SEGGER/SEGGER Embedded Studio for ARM 3.40/lib/libc_v7em_fpv4_sp_d16_hard_t_le_eabi.a(libc2.o)
                0x0000000000004d64                __RAL_data_utf8_period
 *fill*         0x0000000000004d66        0x2 
 .rodata.libc.__RAL_find_locale.str1.4
                0x0000000000004d68        0xc C:/Program Files/SEGGER/SEGGER Embedded Studio for ARM 3.40/lib/libc_v7em_fpv4_sp_d16_hard_t_le_eabi.a(libc2.o)
                                          0xa (size before relaxing)
                0x0000000000004d74                __rodata_end__ = (__rodata_start__ + SIZEOF (.rodata))
                0x0000000000000a90                __rodata_size__ = SIZEOF (.rodata)
                0x0000000000004d74                __rodata_load_end__ = __rodata_end__

.rel.dyn        0x0000000000004d74        0x0
 .rel.iplt      0x0000000000004d74        0x0 Output/ppi_pca10056 Release/Obj/thumb_crt0.o
                0x0000000000000001                . = ASSERT (((__rodata_start__ == __rodata_end__) || ((__rodata_end__ >= __FLASH_segment_start__) && (__rodata_end__ <= __FLASH_segment_end__))), error: .rodata is too large to fit in FLASH memory segment)
                0x0000000000004d74                __ARM.exidx_load_start__ = ALIGN (__rodata_end__, 0x4)

.ARM.exidx      0x0000000000004d74        0x0
                0x0000000000004d74                __ARM.exidx_start__ = .
                0x0000000000004d74                __exidx_start = __ARM.exidx_start__
 *(.ARM.exidx .ARM.exidx.*)
                0x0000000000004d74                __ARM.exidx_end__ = (__ARM.exidx_start__ + SIZEOF (.ARM.exidx))
                0x0000000000000000                __ARM.exidx_size__ = SIZEOF (.ARM.exidx)
                0x0000000000004d74                __exidx_end = __ARM.exidx_end__
                0x0000000000004d74                __ARM.exidx_load_end__ = __ARM.exidx_end__
                0x0000000000000001                . = ASSERT (((__ARM.exidx_start__ == __ARM.exidx_end__) || ((__ARM.exidx_end__ >= __FLASH_segment_start__) && (__ARM.exidx_end__ <= __FLASH_segment_end__))), error: .ARM.exidx is too large to fit in FLASH memory segment)
                0x0000000000004d74                __fast_load_start__ = ALIGN (__ARM.exidx_end__, 0x4)

.fast           0x000000002000002c        0x0 load address 0x0000000000004d74
                0x000000002000002c                __fast_start__ = .
 *(.fast .fast.*)
                0x000000002000002c                __fast_end__ = (__fast_start__ + SIZEOF (.fast))
                0x0000000000000000                __fast_size__ = SIZEOF (.fast)
                0x0000000000004d74                __fast_load_end__ = (__fast_load_start__ + SIZEOF (.fast))
                0x0000000000000001                . = ASSERT (((__fast_load_start__ == __fast_load_end__) || ((__fast_load_end__ >= __FLASH_segment_start__) && (__fast_load_end__ <= __FLASH_segment_end__))), error: .fast is too large to fit in FLASH memory segment)

.fast_run       0x000000002000002c        0x0
                0x000000002000002c                __fast_run_start__ = .
                0x000000002000002c                . = MAX ((__fast_run_start__ + SIZEOF (.fast)), .)
                0x000000002000002c                __fast_run_end__ = (__fast_run_start__ + SIZEOF (.fast_run))
                0x0000000000000000                __fast_run_size__ = SIZEOF (.fast_run)
                0x000000002000002c                __fast_run_load_end__ = __fast_run_end__
                0x0000000000000001                . = ASSERT (((__fast_run_start__ == __fast_run_end__) || ((__fast_run_end__ >= __RAM_segment_start__) && (__fast_run_end__ <= __RAM_segment_end__))), error: .fast_run is too large to fit in RAM memory segment)
                0x0000000000004d74                __data_load_start__ = ALIGN ((__fast_load_start__ + SIZEOF (.fast)), 0x4)

.data           0x000000002000002c       0x24 load address 0x0000000000004d74
                0x000000002000002c                __data_start__ = .
 *(.data .data.* .gnu.linkonce.d.*)
 .data.rtt_log_backend
                0x000000002000002c        0xc Output/ppi_pca10056 Release/Obj/nrf_log_default_backends.o
 .data.SystemCoreClock
                0x0000000020000038        0x4 Output/ppi_pca10056 Release/Obj/system_nrf52840.o
                0x0000000020000038                SystemCoreClock
 .data.libc.__RAL_global_locale
                0x000000002000003c       0x14 C:/Program Files/SEGGER/SEGGER Embedded Studio for ARM 3.40/lib/libc_v7em_fpv4_sp_d16_hard_t_le_eabi.a(libc2.o)
                0x000000002000003c                __RAL_global_locale
                0x0000000020000050                __data_end__ = (__data_start__ + SIZEOF (.data))
                0x0000000000000024                __data_size__ = SIZEOF (.data)
                0x0000000000004d98                __data_load_end__ = (__data_load_start__ + SIZEOF (.data))

.igot.plt       0x0000000100000000        0x0
 .igot.plt      0x0000000100000000        0x0 Output/ppi_pca10056 Release/Obj/thumb_crt0.o
                0x0000000000000001                . = ASSERT (((__data_load_start__ == __data_load_end__) || ((__data_load_end__ >= __FLASH_segment_start__) && (__data_load_end__ <= __FLASH_segment_end__))), error: .data is too large to fit in FLASH memory segment)

.data_run       0x000000002000002c       0x24 load address 0x0000000000004d74
                0x000000002000002c                __data_run_start__ = .
                0x0000000020000050                . = MAX ((__data_run_start__ + SIZEOF (.data)), .)
 *fill*         0x000000002000002c       0x24 
                0x0000000020000050                __data_run_end__ = (__data_run_start__ + SIZEOF (.data_run))
                0x0000000000000024                __data_run_size__ = SIZEOF (.data_run)
                0x0000000020000050                __data_run_load_end__ = __data_run_end__
                0x0000000000000001                . = ASSERT (((__data_run_start__ == __data_run_end__) || ((__data_run_end__ >= __RAM_segment_start__) && (__data_run_end__ <= __RAM_segment_end__))), error: .data_run is too large to fit in RAM memory segment)
                0x0000000000004d98                __tdata_load_start__ = ALIGN ((__data_load_start__ + SIZEOF (.data)), 0x4)

.tdata          0x0000000020000050        0x0 load address 0x0000000000004d98
                0x0000000020000050                __tdata_start__ = .
 *(.tdata .tdata.*)
                0x0000000020000050                __tdata_end__ = (__tdata_start__ + SIZEOF (.tdata))
                0x0000000000000000                __tdata_size__ = SIZEOF (.tdata)
                0x0000000000004d98                __tdata_load_end__ = (__tdata_load_start__ + SIZEOF (.tdata))
                0x0000000000004d98                __FLASH_segment_used_end__ = (ALIGN ((__data_load_start__ + SIZEOF (.data)), 0x4) + SIZEOF (.tdata))
                0x0000000000004d98                __FLASH_segment_used_size__ = (__FLASH_segment_used_end__ - __FLASH_segment_start__)
                0x0000000000000001                . = ASSERT (((__tdata_load_start__ == __tdata_load_end__) || ((__tdata_load_end__ >= __FLASH_segment_start__) && (__tdata_load_end__ <= __FLASH_segment_end__))), error: .tdata is too large to fit in FLASH memory segment)

.tdata_run      0x0000000020000050        0x0
                0x0000000020000050                __tdata_run_start__ = .
                0x0000000020000050                . = MAX ((__tdata_run_start__ + SIZEOF (.tdata)), .)
                0x0000000020000050                __tdata_run_end__ = (__tdata_run_start__ + SIZEOF (.tdata_run))
                0x0000000000000000                __tdata_run_size__ = SIZEOF (.tdata_run)
                0x0000000020000050                __tdata_run_load_end__ = __tdata_run_end__
                0x0000000000000001                . = ASSERT (((__tdata_run_start__ == __tdata_run_end__) || ((__tdata_run_end__ >= __RAM_segment_start__) && (__tdata_run_end__ <= __RAM_segment_end__))), error: .tdata_run is too large to fit in RAM memory segment)
                0x0000000020000050                __bss_load_start__ = ALIGN (__tdata_run_end__, 0x4)

.bss            0x0000000020000050      0xa9c
                0x0000000020000050                __bss_start__ = .
 *(.bss .bss.* .gnu.linkonce.b.*)
 .bss.m_host_present
                0x0000000020000050        0x1 Output/ppi_pca10056 Release/Obj/nrf_log_backend_rtt.o
 .bss.m_string_buff
                0x0000000020000051       0x40 Output/ppi_pca10056 Release/Obj/nrf_log_backend_rtt.o
 *fill*         0x0000000020000091        0x3 
 .bss.log_mempool_nrf_balloc_cb
                0x0000000020000094        0x8 Output/ppi_pca10056 Release/Obj/nrf_log_frontend.o
 .bss.log_mempool_nrf_balloc_pool_mem
                0x000000002000009c       0xc0 Output/ppi_pca10056 Release/Obj/nrf_log_frontend.o
 .bss.log_mempool_nrf_balloc_pool_stack
                0x000000002000015c        0x8 Output/ppi_pca10056 Release/Obj/nrf_log_frontend.o
 .bss.m_log_data
                0x0000000020000164      0x424 Output/ppi_pca10056 Release/Obj/nrf_log_frontend.o
 .bss.m_in_critical_region
                0x0000000020000588        0x4 Output/ppi_pca10056 Release/Obj/app_util_platform.o
 .bss.m_op_queue
                0x000000002000058c      0x10c Output/ppi_pca10056 Release/Obj/app_timer.o
 .bss.m_rtc1_reset
                0x0000000020000698        0x1 Output/ppi_pca10056 Release/Obj/app_timer.o
 .bss.m_rtc1_running
                0x0000000020000699        0x1 Output/ppi_pca10056 Release/Obj/app_timer.o
 *fill*         0x000000002000069a        0x2 
 .bss.m_ticks_elapsed
                0x000000002000069c        0x8 Output/ppi_pca10056 Release/Obj/app_timer.o
 .bss.m_ticks_elapsed_q_read_ind
                0x00000000200006a4        0x1 Output/ppi_pca10056 Release/Obj/app_timer.o
 .bss.m_ticks_elapsed_q_write_ind
                0x00000000200006a5        0x1 Output/ppi_pca10056 Release/Obj/app_timer.o
 *fill*         0x00000000200006a6        0x2 
 .bss.m_ticks_latest
                0x00000000200006a8        0x4 Output/ppi_pca10056 Release/Obj/app_timer.o
 .bss.mp_timer_id_head
                0x00000000200006ac        0x4 Output/ppi_pca10056 Release/Obj/app_timer.o
 .bss.m_drv_state
                0x00000000200006b0        0x1 Output/ppi_pca10056 Release/Obj/nrf_drv_ppi.o
 *fill*         0x00000000200006b1        0x3 
 .bss.m_channels_allocated
                0x00000000200006b4        0x4 Output/ppi_pca10056 Release/Obj/nrfx_ppi.o
 .bss.m_prs_box_4
                0x00000000200006b8        0x8 Output/ppi_pca10056 Release/Obj/nrfx_prs.o
 .bss.m_cb      0x00000000200006c0       0x18 Output/ppi_pca10056 Release/Obj/nrfx_timer.o
 .bss.m_cb      0x00000000200006d8       0x5c Output/ppi_pca10056 Release/Obj/nrfx_gpiote.o
 .bss.m_contexts
                0x0000000020000734       0x10 Output/ppi_pca10056 Release/Obj/nrf_drv_spi.o
 .bss.m_handlers
                0x0000000020000744       0x10 Output/ppi_pca10056 Release/Obj/nrf_drv_spi.o
 .bss.m_cb      0x0000000020000754       0x24 Output/ppi_pca10056 Release/Obj/nrfx_spim.o
 .bss.cc0_timeout
                0x0000000020000778        0x1 Output/ppi_pca10056 Release/Obj/main.o
                0x0000000020000778                cc0_timeout
 *fill*         0x0000000020000779        0x3 
 .bss.crc.10431
                0x000000002000077c        0x4 Output/ppi_pca10056 Release/Obj/main.o
 .bss.data_o.10429
                0x0000000020000780        0x8 Output/ppi_pca10056 Release/Obj/main.o
 .bss.m_ppi_channel1
                0x0000000020000788        0x1 Output/ppi_pca10056 Release/Obj/main.o
 .bss.m_ppi_channel2
                0x0000000020000789        0x1 Output/ppi_pca10056 Release/Obj/main.o
 *fill*         0x000000002000078a        0x2 
 .bss.m_timer_id_data
                0x000000002000078c       0x20 Output/ppi_pca10056 Release/Obj/main.o
 .bss.number_of_events
                0x00000000200007ac        0x4 Output/ppi_pca10056 Release/Obj/main.o
 .bss.result.10430
                0x00000000200007b0       0x10 Output/ppi_pca10056 Release/Obj/main.o
 .bss.timing_array
                0x00000000200007c0       0xa4 Output/ppi_pca10056 Release/Obj/main.o
 .bss._SEGGER_RTT
                0x0000000020000864       0x78 Output/ppi_pca10056 Release/Obj/SEGGER_RTT.o
                0x0000000020000864                _SEGGER_RTT
 .bss._acDownBuffer
                0x00000000200008dc       0x10 Output/ppi_pca10056 Release/Obj/SEGGER_RTT.o
 .bss._acUpBuffer
                0x00000000200008ec      0x200 Output/ppi_pca10056 Release/Obj/SEGGER_RTT.o
 *(COMMON)
                0x0000000020000aec                __bss_end__ = (__bss_start__ + SIZEOF (.bss))
                0x0000000000000a9c                __bss_size__ = SIZEOF (.bss)
                0x0000000020000aec                __bss_load_end__ = __bss_end__
                0x0000000000000001                . = ASSERT (((__bss_start__ == __bss_end__) || ((__bss_end__ >= __RAM_segment_start__) && (__bss_end__ <= __RAM_segment_end__))), error: .bss is too large to fit in RAM memory segment)
                0x0000000020000aec                __tbss_load_start__ = ALIGN (__bss_end__, 0x4)

.tbss           0x0000000020000aec        0x0
                0x0000000020000aec                __tbss_start__ = .
 *(.tbss .tbss.*)
                0x0000000020000aec                __tbss_end__ = (__tbss_start__ + SIZEOF (.tbss))
                0x0000000000000000                __tbss_size__ = SIZEOF (.tbss)
                0x0000000020000aec                __tbss_load_end__ = __tbss_end__
                0x0000000000000001                . = ASSERT (((__tbss_start__ == __tbss_end__) || ((__tbss_end__ >= __RAM_segment_start__) && (__tbss_end__ <= __RAM_segment_end__))), error: .tbss is too large to fit in RAM memory segment)
                0x0000000020000aec                __non_init_load_start__ = ALIGN (__tbss_end__, 0x4)

.non_init       0x0000000020000aec        0x0
                0x0000000020000aec                __non_init_start__ = .
 *(.non_init .non_init.*)
                0x0000000020000aec                __non_init_end__ = (__non_init_start__ + SIZEOF (.non_init))
                0x0000000000000000                __non_init_size__ = SIZEOF (.non_init)
                0x0000000020000aec                __non_init_load_end__ = __non_init_end__
                0x0000000000000001                . = ASSERT (((__non_init_start__ == __non_init_end__) || ((__non_init_end__ >= __RAM_segment_start__) && (__non_init_end__ <= __RAM_segment_end__))), error: .non_init is too large to fit in RAM memory segment)
                0x0000000020000aec                __heap_load_start__ = ALIGN (__non_init_end__, 0x4)

.heap           0x0000000020000aec     0x2000
                0x0000000020000aec                __heap_start__ = .
 *(.heap .heap.*)
                0x0000000020002aec                . = ALIGN (MAX ((__heap_start__ + __HEAPSIZE__), .), 0x4)
 *fill*         0x0000000020000aec     0x2000 
                0x0000000020002aec                __heap_end__ = (__heap_start__ + SIZEOF (.heap))
                0x0000000000002000                __heap_size__ = SIZEOF (.heap)
                0x0000000020002aec                __heap_load_end__ = __heap_end__
                0x0000000000000001                . = ASSERT (((__heap_start__ == __heap_end__) || ((__heap_end__ >= __RAM_segment_start__) && (__heap_end__ <= __RAM_segment_end__))), error: .heap is too large to fit in RAM memory segment)
                0x000000002003e000                __stack_load_start__ = (__RAM_segment_end__ - 0x2000)

.stack          0x000000002003e000     0x2000
                0x000000002003e000                __stack_start__ = .
                0x000000002003e000                __StackLimit = __stack_start__
 *(.stack .stack.*)
                0x0000000020040000                . = ALIGN (MAX ((__stack_start__ + __STACKSIZE__), .), 0x8)
 *fill*         0x000000002003e000     0x2000 
                0x0000000020040000                __stack_end__ = (__stack_start__ + SIZEOF (.stack))
                0x0000000000002000                __stack_size__ = SIZEOF (.stack)
                0x0000000020040000                __StackTop = __stack_end__
                0x0000000020040000                __stack_load_end__ = __stack_end__
                0x0000000000000001                . = ASSERT (((__stack_start__ == __stack_end__) || ((__stack_end__ >= __RAM_segment_start__) && (__stack_end__ <= __RAM_segment_end__))), error: .stack is too large to fit in RAM memory segment)
                0x0000000000000001                . = ASSERT ((__heap_end__ <= __stack_start__), error: section .heap overlaps absolute placed section .stack)
                0x0000000020040000                __stack_process_load_start__ = ALIGN (__stack_end__, 0x8)

.stack_process  0x0000000020040000        0x0
                0x0000000020040000                __stack_process_start__ = .
 *(.stack_process .stack_process.*)
                0x0000000020040000                . = ALIGN (MAX ((__stack_process_start__ + __STACKSIZE_PROCESS__), .), 0x8)
                0x0000000020040000                __stack_process_end__ = (__stack_process_start__ + SIZEOF (.stack_process))
                0x0000000000000000                __stack_process_size__ = SIZEOF (.stack_process)
                0x0000000020040000                __stack_process_load_end__ = __stack_process_end__
                0x0000000020040000                __RAM_segment_used_end__ = (ALIGN (__stack_end__, 0x8) + SIZEOF (.stack_process))
                0x0000000000040000                __RAM_segment_used_size__ = (__RAM_segment_used_end__ - __RAM_segment_start__)
                0x0000000000000001                . = ASSERT (((__stack_process_start__ == __stack_process_end__) || ((__stack_process_end__ >= __RAM_segment_start__) && (__stack_process_end__ <= __RAM_segment_end__))), error: .stack_process is too large to fit in RAM memory segment)
START GROUP
LOAD Output/ppi_pca10056 Release/Obj/thumb_crt0.o
LOAD Output/ppi_pca10056 Release/Obj/nrf_log_backend_rtt.o
LOAD Output/ppi_pca10056 Release/Obj/nrf_log_backend_serial.o
LOAD Output/ppi_pca10056 Release/Obj/nrf_log_backend_uart.o
LOAD Output/ppi_pca10056 Release/Obj/nrf_log_default_backends.o
LOAD Output/ppi_pca10056 Release/Obj/nrf_log_frontend.o
LOAD Output/ppi_pca10056 Release/Obj/nrf_log_str_formatter.o
LOAD Output/ppi_pca10056 Release/Obj/boards.o
LOAD Output/ppi_pca10056 Release/Obj/app_error.o
LOAD Output/ppi_pca10056 Release/Obj/app_error_handler_gcc.o
LOAD Output/ppi_pca10056 Release/Obj/app_error_weak.o
LOAD Output/ppi_pca10056 Release/Obj/app_util_platform.o
LOAD Output/ppi_pca10056 Release/Obj/nrf_assert.o
LOAD Output/ppi_pca10056 Release/Obj/nrf_atomic.o
LOAD Output/ppi_pca10056 Release/Obj/nrf_balloc.o
LOAD Output/ppi_pca10056 Release/Obj/nrf_fprintf.o
LOAD Output/ppi_pca10056 Release/Obj/nrf_fprintf_format.o
LOAD Output/ppi_pca10056 Release/Obj/nrf_memobj.o
LOAD Output/ppi_pca10056 Release/Obj/nrf_strerror.o
LOAD Output/ppi_pca10056 Release/Obj/app_timer.o
LOAD Output/ppi_pca10056 Release/Obj/nrf_drv_ppi.o
LOAD Output/ppi_pca10056 Release/Obj/nrf_drv_uart.o
LOAD Output/ppi_pca10056 Release/Obj/nrfx_ppi.o
LOAD Output/ppi_pca10056 Release/Obj/nrfx_prs.o
LOAD Output/ppi_pca10056 Release/Obj/nrfx_timer.o
LOAD Output/ppi_pca10056 Release/Obj/nrfx_uart.o
LOAD Output/ppi_pca10056 Release/Obj/nrfx_uarte.o
LOAD Output/ppi_pca10056 Release/Obj/nrfx_gpiote.o
LOAD Output/ppi_pca10056 Release/Obj/nrf_drv_clock.o
LOAD Output/ppi_pca10056 Release/Obj/nrf_drv_spi.o
LOAD Output/ppi_pca10056 Release/Obj/nrfx_spi.o
LOAD Output/ppi_pca10056 Release/Obj/nrfx_spim.o
LOAD Output/ppi_pca10056 Release/Obj/main.o
LOAD Output/ppi_pca10056 Release/Obj/SEGGER_RTT.o
LOAD Output/ppi_pca10056 Release/Obj/SEGGER_RTT_Syscalls_SES.o
LOAD Output/ppi_pca10056 Release/Obj/SEGGER_RTT_printf.o
LOAD Output/ppi_pca10056 Release/Obj/ses_nRF_Startup.o
LOAD Output/ppi_pca10056 Release/Obj/ses_nrf52840_Vectors.o
LOAD Output/ppi_pca10056 Release/Obj/system_nrf52840.o
LOAD C:/Program Files/SEGGER/SEGGER Embedded Studio for ARM 3.40/lib/libdebugio_mempoll_v7em_fpv4_sp_d16_hard_t_le_eabi.a
LOAD C:/Program Files/SEGGER/SEGGER Embedded Studio for ARM 3.40/lib/libm_v7em_fpv4_sp_d16_hard_t_le_eabi.a
LOAD C:/Program Files/SEGGER/SEGGER Embedded Studio for ARM 3.40/lib/libc_v7em_fpv4_sp_d16_hard_t_le_eabi.a
LOAD C:/Program Files/SEGGER/SEGGER Embedded Studio for ARM 3.40/lib/libcpp_v7em_fpv4_sp_d16_hard_t_le_eabi.a
LOAD C:/Program Files/SEGGER/SEGGER Embedded Studio for ARM 3.40/lib/libdebugio_v7em_fpv4_sp_d16_hard_t_le_eabi.a
LOAD C:/Program Files/SEGGER/SEGGER Embedded Studio for ARM 3.40/lib/libvfprintf_v7em_fpv4_sp_d16_hard_t_le_eabi.o
LOAD C:/Program Files/SEGGER/SEGGER Embedded Studio for ARM 3.40/lib/libvfscanf_v7em_fpv4_sp_d16_hard_t_le_eabi.o
END GROUP
OUTPUT(Output/Release/Exe/ppi_pca10056.elf elf32-littlearm)

.ARM.attributes
                0x0000000000000000       0x35
 .ARM.attributes
                0x0000000000000000       0x25 Output/ppi_pca10056 Release/Obj/thumb_crt0.o
 .ARM.attributes
                0x0000000000000025       0x39 Output/ppi_pca10056 Release/Obj/nrf_log_backend_rtt.o
 .ARM.attributes
                0x000000000000005e       0x39 Output/ppi_pca10056 Release/Obj/nrf_log_backend_serial.o
 .ARM.attributes
                0x0000000000000097       0x39 Output/ppi_pca10056 Release/Obj/nrf_log_default_backends.o
 .ARM.attributes
                0x00000000000000d0       0x39 Output/ppi_pca10056 Release/Obj/nrf_log_frontend.o
 .ARM.attributes
                0x0000000000000109       0x39 Output/ppi_pca10056 Release/Obj/nrf_log_str_formatter.o
 .ARM.attributes
                0x0000000000000142       0x39 Output/ppi_pca10056 Release/Obj/boards.o
 .ARM.attributes
                0x000000000000017b       0x39 Output/ppi_pca10056 Release/Obj/app_error.o
 .ARM.attributes
                0x00000000000001b4       0x39 Output/ppi_pca10056 Release/Obj/app_error_weak.o
 .ARM.attributes
                0x00000000000001ed       0x39 Output/ppi_pca10056 Release/Obj/app_util_platform.o
 .ARM.attributes
                0x0000000000000226       0x39 Output/ppi_pca10056 Release/Obj/nrf_atomic.o
 .ARM.attributes
                0x000000000000025f       0x39 Output/ppi_pca10056 Release/Obj/nrf_balloc.o
 .ARM.attributes
                0x0000000000000298       0x39 Output/ppi_pca10056 Release/Obj/nrf_fprintf.o
 .ARM.attributes
                0x00000000000002d1       0x39 Output/ppi_pca10056 Release/Obj/nrf_fprintf_format.o
 .ARM.attributes
                0x000000000000030a       0x39 Output/ppi_pca10056 Release/Obj/nrf_memobj.o
 .ARM.attributes
                0x0000000000000343       0x39 Output/ppi_pca10056 Release/Obj/nrf_strerror.o
 .ARM.attributes
                0x000000000000037c       0x39 Output/ppi_pca10056 Release/Obj/app_timer.o
 .ARM.attributes
                0x00000000000003b5       0x39 Output/ppi_pca10056 Release/Obj/nrf_drv_ppi.o
 .ARM.attributes
                0x00000000000003ee       0x39 Output/ppi_pca10056 Release/Obj/nrfx_ppi.o
 .ARM.attributes
                0x0000000000000427       0x39 Output/ppi_pca10056 Release/Obj/nrfx_prs.o
 .ARM.attributes
                0x0000000000000460       0x39 Output/ppi_pca10056 Release/Obj/nrfx_timer.o
 .ARM.attributes
                0x0000000000000499       0x39 Output/ppi_pca10056 Release/Obj/nrfx_uart.o
 .ARM.attributes
                0x00000000000004d2       0x39 Output/ppi_pca10056 Release/Obj/nrfx_uarte.o
 .ARM.attributes
                0x000000000000050b       0x39 Output/ppi_pca10056 Release/Obj/nrfx_gpiote.o
 .ARM.attributes
                0x0000000000000544       0x39 Output/ppi_pca10056 Release/Obj/nrf_drv_clock.o
 .ARM.attributes
                0x000000000000057d       0x39 Output/ppi_pca10056 Release/Obj/nrf_drv_spi.o
 .ARM.attributes
                0x00000000000005b6       0x39 Output/ppi_pca10056 Release/Obj/nrfx_spim.o
 .ARM.attributes
                0x00000000000005ef       0x39 Output/ppi_pca10056 Release/Obj/main.o
 .ARM.attributes
                0x0000000000000628       0x39 Output/ppi_pca10056 Release/Obj/SEGGER_RTT.o
 .ARM.attributes
                0x0000000000000661       0x25 Output/ppi_pca10056 Release/Obj/ses_nRF_Startup.o
 .ARM.attributes
                0x0000000000000686       0x25 Output/ppi_pca10056 Release/Obj/ses_nrf52840_Vectors.o
 .ARM.attributes
                0x00000000000006ab       0x39 Output/ppi_pca10056 Release/Obj/system_nrf52840.o
 .ARM.attributes
                0x00000000000006e4       0x34 C:/Program Files/SEGGER/SEGGER Embedded Studio for ARM 3.40/lib/libc_v7em_fpv4_sp_d16_hard_t_le_eabi.a(libc2.o)
 .ARM.attributes
                0x0000000000000718       0x20 C:/Program Files/SEGGER/SEGGER Embedded Studio for ARM 3.40/lib/libc_v7em_fpv4_sp_d16_hard_t_le_eabi.a(libc2_asm.o)

.comment        0x0000000000000000       0x4c
 .comment       0x0000000000000000       0x4c Output/ppi_pca10056 Release/Obj/nrf_log_backend_rtt.o
                                         0x4d (size before relaxing)
 .comment       0x000000000000004c       0x4d Output/ppi_pca10056 Release/Obj/nrf_log_backend_serial.o
 .comment       0x000000000000004c       0x4d Output/ppi_pca10056 Release/Obj/nrf_log_default_backends.o
 .comment       0x000000000000004c       0x4d Output/ppi_pca10056 Release/Obj/nrf_log_frontend.o
 .comment       0x000000000000004c       0x4d Output/ppi_pca10056 Release/Obj/nrf_log_str_formatter.o
 .comment       0x000000000000004c       0x4d Output/ppi_pca10056 Release/Obj/boards.o
 .comment       0x000000000000004c       0x4d Output/ppi_pca10056 Release/Obj/app_error.o
 .comment       0x000000000000004c       0x4d Output/ppi_pca10056 Release/Obj/app_error_weak.o
 .comment       0x000000000000004c       0x4d Output/ppi_pca10056 Release/Obj/app_util_platform.o
 .comment       0x000000000000004c       0x4d Output/ppi_pca10056 Release/Obj/nrf_atomic.o
 .comment       0x000000000000004c       0x4d Output/ppi_pca10056 Release/Obj/nrf_balloc.o
 .comment       0x000000000000004c       0x4d Output/ppi_pca10056 Release/Obj/nrf_fprintf.o
 .comment       0x000000000000004c       0x4d Output/ppi_pca10056 Release/Obj/nrf_fprintf_format.o
 .comment       0x000000000000004c       0x4d Output/ppi_pca10056 Release/Obj/nrf_memobj.o
 .comment       0x000000000000004c       0x4d Output/ppi_pca10056 Release/Obj/nrf_strerror.o
 .comment       0x000000000000004c       0x4d Output/ppi_pca10056 Release/Obj/app_timer.o
 .comment       0x000000000000004c       0x4d Output/ppi_pca10056 Release/Obj/nrf_drv_ppi.o
 .comment       0x000000000000004c       0x4d Output/ppi_pca10056 Release/Obj/nrfx_ppi.o
 .comment       0x000000000000004c       0x4d Output/ppi_pca10056 Release/Obj/nrfx_prs.o
 .comment       0x000000000000004c       0x4d Output/ppi_pca10056 Release/Obj/nrfx_timer.o
 .comment       0x000000000000004c       0x4d Output/ppi_pca10056 Release/Obj/nrfx_uart.o
 .comment       0x000000000000004c       0x4d Output/ppi_pca10056 Release/Obj/nrfx_uarte.o
 .comment       0x000000000000004c       0x4d Output/ppi_pca10056 Release/Obj/nrfx_gpiote.o
 .comment       0x000000000000004c       0x4d Output/ppi_pca10056 Release/Obj/nrf_drv_clock.o
 .comment       0x000000000000004c       0x4d Output/ppi_pca10056 Release/Obj/nrf_drv_spi.o
 .comment       0x000000000000004c       0x4d Output/ppi_pca10056 Release/Obj/nrfx_spim.o
 .comment       0x000000000000004c       0x4d Output/ppi_pca10056 Release/Obj/main.o
 .comment       0x000000000000004c       0x4d Output/ppi_pca10056 Release/Obj/SEGGER_RTT.o
 .comment       0x000000000000004c       0x4d Output/ppi_pca10056 Release/Obj/system_nrf52840.o
 .comment       0x000000000000004c       0x4d C:/Program Files/SEGGER/SEGGER Embedded Studio for ARM 3.40/lib/libc_v7em_fpv4_sp_d16_hard_t_le_eabi.a(libc2.o)

.debug_line     0x0000000000000000     0xd744
 .debug_line    0x0000000000000000      0x1ec Output/ppi_pca10056 Release/Obj/thumb_crt0.o
 .debug_line    0x00000000000001ec      0x886 Output/ppi_pca10056 Release/Obj/nrf_log_backend_rtt.o
 .debug_line    0x0000000000000a72      0x641 Output/ppi_pca10056 Release/Obj/nrf_log_backend_serial.o
 .debug_line    0x00000000000010b3      0x5cf Output/ppi_pca10056 Release/Obj/nrf_log_default_backends.o
 .debug_line    0x0000000000001682      0xa52 Output/ppi_pca10056 Release/Obj/nrf_log_frontend.o
 .debug_line    0x00000000000020d4      0x68b Output/ppi_pca10056 Release/Obj/nrf_log_str_formatter.o
 .debug_line    0x000000000000275f      0x690 Output/ppi_pca10056 Release/Obj/boards.o
 .debug_line    0x0000000000002def      0x309 Output/ppi_pca10056 Release/Obj/app_error.o
 .debug_line    0x00000000000030f8      0x63f Output/ppi_pca10056 Release/Obj/app_error_weak.o
 .debug_line    0x0000000000003737      0x391 Output/ppi_pca10056 Release/Obj/app_util_platform.o
 .debug_line    0x0000000000003ac8      0x4e0 Output/ppi_pca10056 Release/Obj/nrf_atomic.o
 .debug_line    0x0000000000003fa8      0x54e Output/ppi_pca10056 Release/Obj/nrf_balloc.o
 .debug_line    0x00000000000044f6      0x397 Output/ppi_pca10056 Release/Obj/nrf_fprintf.o
 .debug_line    0x000000000000488d      0x4db Output/ppi_pca10056 Release/Obj/nrf_fprintf_format.o
 .debug_line    0x0000000000004d68      0x5fe Output/ppi_pca10056 Release/Obj/nrf_memobj.o
 .debug_line    0x0000000000005366      0x37c Output/ppi_pca10056 Release/Obj/nrf_strerror.o
 .debug_line    0x00000000000056e2      0x91c Output/ppi_pca10056 Release/Obj/app_timer.o
 .debug_line    0x0000000000005ffe      0x57b Output/ppi_pca10056 Release/Obj/nrf_drv_ppi.o
 .debug_line    0x0000000000006579      0xa95 Output/ppi_pca10056 Release/Obj/nrfx_ppi.o
 .debug_line    0x000000000000700e      0x6cc Output/ppi_pca10056 Release/Obj/nrfx_prs.o
 .debug_line    0x00000000000076da      0x9c1 Output/ppi_pca10056 Release/Obj/nrfx_timer.o
 .debug_line    0x000000000000809b      0xc56 Output/ppi_pca10056 Release/Obj/nrfx_uart.o
 .debug_line    0x0000000000008cf1      0xb56 Output/ppi_pca10056 Release/Obj/nrfx_uarte.o
 .debug_line    0x0000000000009847      0xdb1 Output/ppi_pca10056 Release/Obj/nrfx_gpiote.o
 .debug_line    0x000000000000a5f8      0x88a Output/ppi_pca10056 Release/Obj/nrf_drv_clock.o
 .debug_line    0x000000000000ae82      0x5af Output/ppi_pca10056 Release/Obj/nrf_drv_spi.o
 .debug_line    0x000000000000b431      0xa99 Output/ppi_pca10056 Release/Obj/nrfx_spim.o
 .debug_line    0x000000000000beca      0xc52 Output/ppi_pca10056 Release/Obj/main.o
 .debug_line    0x000000000000cb1c      0x821 Output/ppi_pca10056 Release/Obj/SEGGER_RTT.o
 .debug_line    0x000000000000d33d       0xb2 Output/ppi_pca10056 Release/Obj/ses_nRF_Startup.o
 .debug_line    0x000000000000d3ef       0xc4 Output/ppi_pca10056 Release/Obj/ses_nrf52840_Vectors.o
 .debug_line    0x000000000000d4b3      0x291 Output/ppi_pca10056 Release/Obj/system_nrf52840.o

.debug_info     0x0000000000000000    0x271de
 .debug_info    0x0000000000000000       0x22 Output/ppi_pca10056 Release/Obj/thumb_crt0.o
 .debug_info    0x0000000000000022      0xbbb Output/ppi_pca10056 Release/Obj/nrf_log_backend_rtt.o
 .debug_info    0x0000000000000bdd      0xcf6 Output/ppi_pca10056 Release/Obj/nrf_log_backend_serial.o
 .debug_info    0x00000000000018d3      0x853 Output/ppi_pca10056 Release/Obj/nrf_log_default_backends.o
 .debug_info    0x0000000000002126     0x253a Output/ppi_pca10056 Release/Obj/nrf_log_frontend.o
 .debug_info    0x0000000000004660      0xd0e Output/ppi_pca10056 Release/Obj/nrf_log_str_formatter.o
 .debug_info    0x000000000000536e     0x1902 Output/ppi_pca10056 Release/Obj/boards.o
 .debug_info    0x0000000000006c70      0x7e8 Output/ppi_pca10056 Release/Obj/app_error.o
 .debug_info    0x0000000000007458      0x9ae Output/ppi_pca10056 Release/Obj/app_error_weak.o
 .debug_info    0x0000000000007e06      0xc93 Output/ppi_pca10056 Release/Obj/app_util_platform.o
 .debug_info    0x0000000000008a99      0xd9e Output/ppi_pca10056 Release/Obj/nrf_atomic.o
 .debug_info    0x0000000000009837      0x941 Output/ppi_pca10056 Release/Obj/nrf_balloc.o
 .debug_info    0x000000000000a178      0x772 Output/ppi_pca10056 Release/Obj/nrf_fprintf.o
 .debug_info    0x000000000000a8ea      0xb91 Output/ppi_pca10056 Release/Obj/nrf_fprintf_format.o
 .debug_info    0x000000000000b47b      0xdbd Output/ppi_pca10056 Release/Obj/nrf_memobj.o
 .debug_info    0x000000000000c238      0x722 Output/ppi_pca10056 Release/Obj/nrf_strerror.o
 .debug_info    0x000000000000c95a     0x1d9f Output/ppi_pca10056 Release/Obj/app_timer.o
 .debug_info    0x000000000000e6f9      0x6a9 Output/ppi_pca10056 Release/Obj/nrf_drv_ppi.o
 .debug_info    0x000000000000eda2     0x1b12 Output/ppi_pca10056 Release/Obj/nrfx_ppi.o
 .debug_info    0x00000000000108b4      0xcf0 Output/ppi_pca10056 Release/Obj/nrfx_prs.o
 .debug_info    0x00000000000115a4     0x1e5f Output/ppi_pca10056 Release/Obj/nrfx_timer.o
 .debug_info    0x0000000000013403     0x304f Output/ppi_pca10056 Release/Obj/nrfx_uart.o
 .debug_info    0x0000000000016452     0x2f5c Output/ppi_pca10056 Release/Obj/nrfx_uarte.o
 .debug_info    0x00000000000193ae     0x329a Output/ppi_pca10056 Release/Obj/nrfx_gpiote.o
 .debug_info    0x000000000001c648     0x1195 Output/ppi_pca10056 Release/Obj/nrf_drv_clock.o
 .debug_info    0x000000000001d7dd     0x13af Output/ppi_pca10056 Release/Obj/nrf_drv_spi.o
 .debug_info    0x000000000001eb8c     0x28a6 Output/ppi_pca10056 Release/Obj/nrfx_spim.o
 .debug_info    0x0000000000021432     0x310e Output/ppi_pca10056 Release/Obj/main.o
 .debug_info    0x0000000000024540     0x18e1 Output/ppi_pca10056 Release/Obj/SEGGER_RTT.o
 .debug_info    0x0000000000025e21       0x26 Output/ppi_pca10056 Release/Obj/ses_nRF_Startup.o
 .debug_info    0x0000000000025e47       0x26 Output/ppi_pca10056 Release/Obj/ses_nrf52840_Vectors.o
 .debug_info    0x0000000000025e6d     0x1371 Output/ppi_pca10056 Release/Obj/system_nrf52840.o

.debug_abbrev   0x0000000000000000     0x5a6d
 .debug_abbrev  0x0000000000000000       0x12 Output/ppi_pca10056 Release/Obj/thumb_crt0.o
 .debug_abbrev  0x0000000000000012      0x294 Output/ppi_pca10056 Release/Obj/nrf_log_backend_rtt.o
 .debug_abbrev  0x00000000000002a6      0x237 Output/ppi_pca10056 Release/Obj/nrf_log_backend_serial.o
 .debug_abbrev  0x00000000000004dd      0x1da Output/ppi_pca10056 Release/Obj/nrf_log_default_backends.o
 .debug_abbrev  0x00000000000006b7      0x558 Output/ppi_pca10056 Release/Obj/nrf_log_frontend.o
 .debug_abbrev  0x0000000000000c0f      0x24e Output/ppi_pca10056 Release/Obj/nrf_log_str_formatter.o
 .debug_abbrev  0x0000000000000e5d      0x37e Output/ppi_pca10056 Release/Obj/boards.o
 .debug_abbrev  0x00000000000011db      0x1a9 Output/ppi_pca10056 Release/Obj/app_error.o
 .debug_abbrev  0x0000000000001384      0x20a Output/ppi_pca10056 Release/Obj/app_error_weak.o
 .debug_abbrev  0x000000000000158e      0x273 Output/ppi_pca10056 Release/Obj/app_util_platform.o
 .debug_abbrev  0x0000000000001801      0x220 Output/ppi_pca10056 Release/Obj/nrf_atomic.o
 .debug_abbrev  0x0000000000001a21      0x25d Output/ppi_pca10056 Release/Obj/nrf_balloc.o
 .debug_abbrev  0x0000000000001c7e      0x1ae Output/ppi_pca10056 Release/Obj/nrf_fprintf.o
 .debug_abbrev  0x0000000000001e2c      0x2da Output/ppi_pca10056 Release/Obj/nrf_fprintf_format.o
 .debug_abbrev  0x0000000000002106      0x26d Output/ppi_pca10056 Release/Obj/nrf_memobj.o
 .debug_abbrev  0x0000000000002373      0x17f Output/ppi_pca10056 Release/Obj/nrf_strerror.o
 .debug_abbrev  0x00000000000024f2      0x4cf Output/ppi_pca10056 Release/Obj/app_timer.o
 .debug_abbrev  0x00000000000029c1      0x179 Output/ppi_pca10056 Release/Obj/nrf_drv_ppi.o
 .debug_abbrev  0x0000000000002b3a      0x351 Output/ppi_pca10056 Release/Obj/nrfx_ppi.o
 .debug_abbrev  0x0000000000002e8b      0x2bc Output/ppi_pca10056 Release/Obj/nrfx_prs.o
 .debug_abbrev  0x0000000000003147      0x3fe Output/ppi_pca10056 Release/Obj/nrfx_timer.o
 .debug_abbrev  0x0000000000003545      0x53d Output/ppi_pca10056 Release/Obj/nrfx_uart.o
 .debug_abbrev  0x0000000000003a82      0x4ef Output/ppi_pca10056 Release/Obj/nrfx_uarte.o
 .debug_abbrev  0x0000000000003f71      0x537 Output/ppi_pca10056 Release/Obj/nrfx_gpiote.o
 .debug_abbrev  0x00000000000044a8      0x439 Output/ppi_pca10056 Release/Obj/nrf_drv_clock.o
 .debug_abbrev  0x00000000000048e1      0x27b Output/ppi_pca10056 Release/Obj/nrf_drv_spi.o
 .debug_abbrev  0x0000000000004b5c      0x464 Output/ppi_pca10056 Release/Obj/nrfx_spim.o
 .debug_abbrev  0x0000000000004fc0      0x580 Output/ppi_pca10056 Release/Obj/main.o
 .debug_abbrev  0x0000000000005540      0x2e3 Output/ppi_pca10056 Release/Obj/SEGGER_RTT.o
 .debug_abbrev  0x0000000000005823       0x14 Output/ppi_pca10056 Release/Obj/ses_nRF_Startup.o
 .debug_abbrev  0x0000000000005837       0x14 Output/ppi_pca10056 Release/Obj/ses_nrf52840_Vectors.o
 .debug_abbrev  0x000000000000584b      0x222 Output/ppi_pca10056 Release/Obj/system_nrf52840.o

.debug_aranges  0x0000000000000000      0xbe8
 .debug_aranges
                0x0000000000000000       0x80 Output/ppi_pca10056 Release/Obj/thumb_crt0.o
 .debug_aranges
                0x0000000000000080       0x38 Output/ppi_pca10056 Release/Obj/nrf_log_backend_rtt.o
 .debug_aranges
                0x00000000000000b8       0x20 Output/ppi_pca10056 Release/Obj/nrf_log_backend_serial.o
 .debug_aranges
                0x00000000000000d8       0x20 Output/ppi_pca10056 Release/Obj/nrf_log_default_backends.o
 .debug_aranges